BEGIN kernel replay DegreeFaultSpanners.SlopeAlgebra
PASS kernel replay DegreeFaultSpanners.SlopeAlgebra
BEGIN kernel replay DegreeFaultSpanners.Incidence
PASS kernel replay DegreeFaultSpanners.Incidence
BEGIN kernel replay DegreeFaultSpanners.FaultSpanner
PASS kernel replay DegreeFaultSpanners.FaultSpanner
BEGIN kernel replay DegreeFaultSpanners.ShortReach
PASS kernel replay DegreeFaultSpanners.ShortReach
BEGIN kernel replay DegreeFaultSpanners.GeometryWalk
PASS kernel replay DegreeFaultSpanners.GeometryWalk
BEGIN kernel replay DegreeFaultSpanners.PathStraightening
PASS kernel replay DegreeFaultSpanners.PathStraightening
BEGIN kernel replay DegreeFaultSpanners.Construction
PASS kernel replay DegreeFaultSpanners.Construction
BEGIN kernel replay DegreeFaultSpanners.CycleObstruction
PASS kernel replay DegreeFaultSpanners.CycleObstruction
BEGIN kernel replay DegreeFaultSpanners.Blowup
PASS kernel replay DegreeFaultSpanners.Blowup
BEGIN kernel replay DegreeFaultSpanners.ObstructionAssembly
PASS kernel replay DegreeFaultSpanners.ObstructionAssembly
BEGIN kernel replay DegreeFaultSpanners.Parameters
PASS kernel replay DegreeFaultSpanners.Parameters
BEGIN kernel replay DegreeFaultSpanners.RealBound
PASS kernel replay DegreeFaultSpanners.RealBound
BEGIN kernel replay DegreeFaultSpanners.PaperTheorem
PASS kernel replay DegreeFaultSpanners.PaperTheorem
BEGIN kernel replay DegreeFaultSpanners.Padding
PASS kernel replay DegreeFaultSpanners.Padding
BEGIN kernel replay DegreeFaultSpanners.DenseWitness
PASS kernel replay DegreeFaultSpanners.DenseWitness
BEGIN kernel replay DegreeFaultSpanners.AllSizesParameters
PASS kernel replay DegreeFaultSpanners.AllSizesParameters
BEGIN kernel replay DegreeFaultSpanners.AllSizesRealBound
PASS kernel replay DegreeFaultSpanners.AllSizesRealBound
BEGIN kernel replay DegreeFaultSpanners.AllSizesTheorem
PASS kernel replay DegreeFaultSpanners.AllSizesTheorem
BEGIN kernel replay DegreeFaultSpanners
PASS kernel replay DegreeFaultSpanners
