✔ [835/850] Built DegreeFaultSpanners.Parameters (1.2s)
⚠ [2273/2281] Built DegreeFaultSpanners.RealBound (1.0s)
warning: Unconditional Lower Bounds for Degree Fault Tolerant Spanners/DegreeFaultSpanners/RealBound.lean:21:19: Unused tactic linter: `ring` does nothing

Note: This linter can be disabled with `set_option linter.unusedTactic false`
warning: Unconditional Lower Bounds for Degree Fault Tolerant Spanners/DegreeFaultSpanners/RealBound.lean:24:19: Unused tactic linter: `ring` does nothing

Note: This linter can be disabled with `set_option linter.unusedTactic false`
warning: Unconditional Lower Bounds for Degree Fault Tolerant Spanners/DegreeFaultSpanners/RealBound.lean:21:19: this tactic is never executed

Note: This linter can be disabled with `set_option linter.unreachableTactic false`
warning: Unconditional Lower Bounds for Degree Fault Tolerant Spanners/DegreeFaultSpanners/RealBound.lean:24:19: this tactic is never executed

Note: This linter can be disabled with `set_option linter.unreachableTactic false`
✔ [2277/2281] Built DegreeFaultSpanners.AllSizesRealBound (1.6s)
✔ [2280/2314] Built DegreeFaultSpanners.AllSizesParameters (1.9s)
✔ [2433/2476] Built DegreeFaultSpanners.SlopeAlgebra (1.5s)
✔ [2462/2476] Built DegreeFaultSpanners.FaultSpanner (1.3s)
✔ [2463/2476] Built DegreeFaultSpanners.DenseWitness (1.8s)
✔ [2464/2476] Built DegreeFaultSpanners.Padding (1.1s)
⚠ [2465/2476] Built DegreeFaultSpanners.Blowup (1.3s)
warning: Unconditional Lower Bounds for Degree Fault Tolerant Spanners/DegreeFaultSpanners/Blowup.lean:124:37: Variable name `hQuv` is not explicitly referenced.

Hint: The binding can be removed (if unused) or named `_` (if used implicitly). Alternatively, prefix the name with `_` to silence this warning:
  [apply] _hQuv

Note: This linter can be disabled with `set_option linter.unusedVariables false`
✔ [2466/2476] Built DegreeFaultSpanners.Incidence (1.7s)
✔ [2467/2476] Built DegreeFaultSpanners.GeometryWalk (2.1s)
✔ [2468/2476] Built DegreeFaultSpanners.ShortReach (1.7s)
✔ [2469/2476] Built DegreeFaultSpanners.CycleObstruction (1.7s)
✔ [2470/2476] Built DegreeFaultSpanners.PathStraightening (1.7s)
✔ [2471/2476] Built DegreeFaultSpanners.Construction (1.5s)
✔ [2472/2476] Built DegreeFaultSpanners.ObstructionAssembly (1.8s)
✔ [2473/2476] Built DegreeFaultSpanners.PaperTheorem (1.7s)
⚠ [2474/2476] Built DegreeFaultSpanners.AllSizesTheorem (1.8s)
warning: Unconditional Lower Bounds for Degree Fault Tolerant Spanners/DegreeFaultSpanners/AllSizesTheorem.lean:35:2: Try this: 
  letI̵

The goal is a proposition, so `let` is preferred over `letI`.
The difference between `let` and `letI` is that `letI` inlines the value.
But this is not relevant for proofs because of proof irrelevance.

Note: This linter can be disabled with `set_option linter.style.haveILetI false`
warning: Unconditional Lower Bounds for Degree Fault Tolerant Spanners/DegreeFaultSpanners/AllSizesTheorem.lean:47:2: Try this: 
  letI̵

The goal is a proposition, so `let` is preferred over `letI`.
The difference between `let` and `letI` is that `letI` inlines the value.
But this is not relevant for proofs because of proof irrelevance.

Note: This linter can be disabled with `set_option linter.style.haveILetI false`
warning: Unconditional Lower Bounds for Degree Fault Tolerant Spanners/DegreeFaultSpanners/AllSizesTheorem.lean:48:2: Try this: 
  letI̵

The goal is a proposition, so `let` is preferred over `letI`.
The difference between `let` and `letI` is that `letI` inlines the value.
But this is not relevant for proofs because of proof irrelevance.

Note: This linter can be disabled with `set_option linter.style.haveILetI false`
warning: Unconditional Lower Bounds for Degree Fault Tolerant Spanners/DegreeFaultSpanners/AllSizesTheorem.lean:51:2: Try this: 
  letI̵

The goal is a proposition, so `let` is preferred over `letI`.
The difference between `let` and `letI` is that `letI` inlines the value.
But this is not relevant for proofs because of proof irrelevance.

Note: This linter can be disabled with `set_option linter.style.haveILetI false`
warning: Unconditional Lower Bounds for Degree Fault Tolerant Spanners/DegreeFaultSpanners/AllSizesTheorem.lean:109:2: Try this: 
  letI̵

The goal is a proposition, so `let` is preferred over `letI`.
The difference between `let` and `letI` is that `letI` inlines the value.
But this is not relevant for proofs because of proof irrelevance.

Note: This linter can be disabled with `set_option linter.style.haveILetI false`
✔ [2475/2476] Built DegreeFaultSpanners (1.5s)
Build completed successfully (2476 jobs).
