PASS kernel replay DirectedFlowCutGap.Basic
PASS kernel replay DirectedFlowCutGap.CandidateOptimization
PASS kernel replay DirectedFlowCutGap.EpochAccounting
PASS kernel replay DirectedFlowCutGap.FiniteSurvival
PASS kernel replay DirectedFlowCutGap.LevelCut
PASS kernel replay DirectedFlowCutGap.LevelCutProbability
PASS kernel replay DirectedFlowCutGap.MedianShortcuts
PASS kernel replay DirectedFlowCutGap.MultiplicativeWeights
PASS kernel replay DirectedFlowCutGap.PackingCovering
PASS kernel replay DirectedFlowCutGap.PathExtraction
PASS kernel replay DirectedFlowCutGap.PathSystemCounting
PASS kernel replay DirectedFlowCutGap.ShortcutContraction
PASS kernel replay DirectedFlowCutGap.TerminalPorts
PASS kernel replay DirectedFlowCutGap.UnitCostReduction
PASS kernel replay DirectedFlowCutGap.VertexFlow
PASS kernel replay DirectedFlowCutGap.VertexReplication
PASS kernel replay DirectedFlowCutGap.VertexRounding
PASS kernel replay DirectedFlowCutGap.WitnessPrefix
PASS kernel replay DirectedFlowCutGap.WitnessThinning
PASS kernel replay DirectedFlowCutGap.ZeroWeights
PASS kernel replay DirectedFlowCutGap
