AUDIT DirectedFlowCutGap.FiniteHarmonicThreshold.harmonicWeight.eq_1
AUDIT DirectedFlowCutGap.FiniteHarmonicThreshold.scaled_mass_le._simp_1_1
AUDIT DirectedFlowCutGap.FiniteHarmonicThreshold.harmonicEnvelope.eq_1
AUDIT DirectedFlowCutGap.FiniteHarmonicThreshold.scaled_mass_le._simp_1_5
AUDIT DirectedFlowCutGap.FiniteHarmonicThreshold.scaled_mass_le
AUDIT DirectedFlowCutGap.FiniteHarmonicThreshold.above
AUDIT DirectedFlowCutGap.FiniteHarmonicThreshold.exists_threshold._proof_1_1
AUDIT DirectedFlowCutGap.FiniteHarmonicThreshold.one_le_harmonicWeight
AUDIT DirectedFlowCutGap.FiniteHarmonicThreshold.harmonic_factors_uniform
AUDIT DirectedFlowCutGap.FiniteHarmonicThreshold.harmonicWeight
AUDIT DirectedFlowCutGap.FiniteHarmonicThreshold.sparsity_transfer._simp_1_4
AUDIT DirectedFlowCutGap.FiniteHarmonicThreshold.sparsity_transfer._simp_1_7
AUDIT DirectedFlowCutGap.FiniteHarmonicThreshold.harmonicEnvelope
AUDIT DirectedFlowCutGap.FiniteHarmonicThreshold.sparsity_transfer._simp_1_2
AUDIT DirectedFlowCutGap.FiniteHarmonicThreshold.sparsity_transfer._simp_1_6
AUDIT DirectedFlowCutGap.FiniteHarmonicThreshold.sparsity_transfer._simp_1_3
AUDIT DirectedFlowCutGap.FiniteHarmonicThreshold.sparsity_transfer
AUDIT DirectedFlowCutGap.FiniteHarmonicThreshold.sum_eq_zero_iff
AUDIT DirectedFlowCutGap.FiniteHarmonicThreshold.harmonicWeight_zero
AUDIT DirectedFlowCutGap.FiniteHarmonicThreshold.above_card_le
AUDIT DirectedFlowCutGap.FiniteHarmonicThreshold.harmonicWeight_coe
AUDIT DirectedFlowCutGap.FiniteHarmonicThreshold.harmonicWeight_le_envelope
AUDIT DirectedFlowCutGap.FiniteHarmonicThreshold.normalized_mass_scale
AUDIT DirectedFlowCutGap.FiniteHarmonicThreshold.sparsity_transfer._simp_1_1
AUDIT DirectedFlowCutGap.FiniteHarmonicThreshold.sparsity_transfer._simp_1_5
AUDIT DirectedFlowCutGap.FiniteHarmonicThreshold.scaled_mass_le._simp_1_7
AUDIT DirectedFlowCutGap.FiniteHarmonicThreshold.scaled_mass_le._simp_1_6
AUDIT DirectedFlowCutGap.FiniteHarmonicThreshold.exists_rank_threshold._proof_1_1
AUDIT DirectedFlowCutGap.FiniteHarmonicThreshold.exists_rank_threshold
AUDIT DirectedFlowCutGap.FiniteHarmonicThreshold.scaled_mass_le._simp_1_2
AUDIT DirectedFlowCutGap.FiniteHarmonicThreshold.exists_threshold
AUDIT DirectedFlowCutGap.FiniteHarmonicThreshold.one_le_harmonicEnvelope
AUDIT DirectedFlowCutGap.FiniteHarmonicThreshold.harmonicEnvelope._proof_1
AUDIT DirectedFlowCutGap.FiniteHarmonicThreshold.harmonicEnvelope_coe
AUDIT DirectedFlowCutGap.FiniteHarmonicThreshold.scaled_mass_le._simp_1_4
AUDIT DirectedFlowCutGap.FiniteHarmonicThreshold.harmonicWeight_pos
AUDIT DirectedFlowCutGap.FiniteHarmonicThreshold.scaled_mass_le._simp_1_3
Axiom audit passed for all 37 declarations defined in DirectedFlowCutGap.FiniteHarmonicThreshold.
AUDIT DirectedFlowCutGap.SparsestVertexBridge.normalize_average_distance._proof_1_1
AUDIT DirectedFlowCutGap.SparsestVertexBridge.normalize_average_distance
AUDIT DirectedFlowCutGap.SparsestVertexBridge.averageNormalizedMass_eq_totalWeight
AUDIT DirectedFlowCutGap.SparsestVertexBridge.distanceSum.congr_simp
AUDIT DirectedFlowCutGap.SparsestVertexBridge.demandDistance.eq_1
AUDIT DirectedFlowCutGap.SparsestVertexBridge.distanceSum_scale
AUDIT DirectedFlowCutGap.SparsestVertexBridge.mem_scaled_threshold
AUDIT DirectedFlowCutGap.SparsestVertexBridge.demand_card_le_square
AUDIT DirectedFlowCutGap.SparsestVertexBridge.sparsity
AUDIT DirectedFlowCutGap.SparsestVertexBridge.separated
AUDIT DirectedFlowCutGap.SparsestVertexBridge.distanceSum.eq_1
AUDIT DirectedFlowCutGap.SparsestVertexBridge.sparsity.eq_1
AUDIT DirectedFlowCutGap.SparsestVertexBridge.empty_demand_separation
AUDIT DirectedFlowCutGap.SparsestVertexBridge.averageNormalizedMass
AUDIT DirectedFlowCutGap.SparsestVertexBridge.demandDistance_scale
AUDIT DirectedFlowCutGap.SparsestVertexBridge.averageNormalizedMass_scale
AUDIT DirectedFlowCutGap.SparsestVertexBridge.sum_one_normalized_mass
AUDIT DirectedFlowCutGap.SparsestVertexBridge.sparsity_of_size_rounding
AUDIT DirectedFlowCutGap.SparsestVertexBridge.distanceSum
AUDIT DirectedFlowCutGap.SparsestVertexBridge.unreachable_zero_sparsity
AUDIT DirectedFlowCutGap.SparsestVertexBridge.fractional_ratio_scale
AUDIT DirectedFlowCutGap.SparsestVertexBridge.demandDistance
AUDIT DirectedFlowCutGap.SparsestVertexBridge.vertexDistance_scale
AUDIT DirectedFlowCutGap.SparsestVertexBridge.totalWeight_div
AUDIT DirectedFlowCutGap.SparsestVertexBridge.weightedCost_div
AUDIT DirectedFlowCutGap.SparsestVertexBridge.averageNormalizedMass.eq_1
AUDIT DirectedFlowCutGap.SparsestVertexBridge.demandDistance.congr_simp
AUDIT DirectedFlowCutGap.SparsestVertexBridge.threshold_card_le_separated
AUDIT DirectedFlowCutGap.SparsestVertexBridge.zero_distance_sum_iff
AUDIT DirectedFlowCutGap.SparsestVertexBridge.sparsity_of_weight_rounding
AUDIT DirectedFlowCutGap.SparsestVertexBridge.separated.eq_1
Axiom audit passed for all 31 declarations defined in DirectedFlowCutGap.SparsestVertexBridge.
AUDIT DirectedFlowCutGap.SparsestVertexCorollary.vertex_sparsest_average_one_uniform
AUDIT DirectedFlowCutGap.SparsestVertexCorollary.vertex_sparsest_size_uniform
AUDIT DirectedFlowCutGap.SparsestVertexBridge.sparsity.congr_simp
AUDIT DirectedFlowCutGap.SparsestVertexBridge.averageNormalizedMass.congr_simp
AUDIT DirectedFlowCutGap.SparsestVertexCorollary.vertex_sparsest_min_uniform
AUDIT DirectedFlowCutGap.SparsestVertexCorollary.vertex_card_pos_of_distanceSum_pos._proof_1_1
AUDIT DirectedFlowCutGap.SparsestVertexCorollary.vertex_card_pos_of_distanceSum_pos
AUDIT DirectedFlowCutGap.SparsestVertexCorollary.vertex_sparsest_weight_uniform
Axiom audit passed for all 8 declarations defined in DirectedFlowCutGap.SparsestVertexCorollary.
AUDIT DirectedFlowCutGap.SparsestEdgeBridge.empty_demand_separation
AUDIT DirectedFlowCutGap.SparsestEdgeBridge.demandDistance.eq_1
AUDIT DirectedFlowCutGap.SparsestEdgeBridge.normalize_average_distance._proof_1_1
AUDIT DirectedFlowCutGap.SparsestEdgeBridge.distanceSum
AUDIT DirectedFlowCutGap.SparsestEdgeBridge.distanceSum.eq_1
AUDIT DirectedFlowCutGap.SparsestEdgeBridge.sparsity
AUDIT DirectedFlowCutGap.SparsestEdgeBridge.totalEdgeWeight_div
AUDIT DirectedFlowCutGap.SparsestEdgeBridge.demandDistance
AUDIT DirectedFlowCutGap.SparsestEdgeBridge.averageNormalizedMass_scale
AUDIT DirectedFlowCutGap.SparsestEdgeBridge.demandDistance.congr_simp
AUDIT DirectedFlowCutGap.SparsestEdgeBridge.averageNormalizedMass
AUDIT DirectedFlowCutGap.SparsestEdgeBridge.distanceSum_scale
AUDIT DirectedFlowCutGap.SparsestEdgeBridge.sparsity.eq_1
AUDIT DirectedFlowCutGap.SparsestEdgeBridge.fractional_ratio_scale
AUDIT DirectedFlowCutGap.SparsestEdgeBridge.sum_one_normalized_mass
AUDIT DirectedFlowCutGap.SparsestEdgeBridge.unreachable_zero_sparsity
AUDIT DirectedFlowCutGap.SparsestEdgeBridge.demandDistance_scale
AUDIT DirectedFlowCutGap.SparsestEdgeBridge.sparsity_of_size_rounding
AUDIT DirectedFlowCutGap.SparsestEdgeBridge.zero_distance_sum_iff
AUDIT DirectedFlowCutGap.SparsestEdgeBridge.demand_card_le_square
AUDIT DirectedFlowCutGap.SparsestEdgeBridge.averageNormalizedMass_eq_totalEdgeWeight
AUDIT DirectedFlowCutGap.SparsestEdgeBridge.separated.eq_1
AUDIT DirectedFlowCutGap.SparsestEdgeBridge.threshold_card_le_separated
AUDIT DirectedFlowCutGap.SparsestEdgeBridge.edgeDistance_scale
AUDIT DirectedFlowCutGap.SparsestEdgeBridge.sparsity_of_weight_rounding
AUDIT DirectedFlowCutGap.SparsestEdgeBridge.distanceSum.congr_simp
AUDIT DirectedFlowCutGap.SparsestEdgeBridge.weightedEdgeCost_div
AUDIT DirectedFlowCutGap.SparsestEdgeBridge.mem_scaled_threshold
AUDIT DirectedFlowCutGap.SparsestEdgeBridge.averageNormalizedMass.eq_1
AUDIT DirectedFlowCutGap.SparsestEdgeBridge.separated
AUDIT DirectedFlowCutGap.SparsestEdgeBridge.normalize_average_distance
Axiom audit passed for all 31 declarations defined in DirectedFlowCutGap.SparsestEdgeBridge.
AUDIT DirectedFlowCutGap.SparsestEdgeBridge.averageNormalizedMass.congr_simp
AUDIT DirectedFlowCutGap.SparsestEdgeCorollary.edge_card_pos_of_distanceSum_pos
AUDIT DirectedFlowCutGap.SparsestEdgeCorollary.edge_sparsest_weight_uniform
AUDIT DirectedFlowCutGap.SparsestEdgeCorollary.edge_sparsest_size_uniform
AUDIT DirectedFlowCutGap.SparsestEdgeCorollary.edge_sparsest_average_one_uniform
AUDIT DirectedFlowCutGap.SparsestEdgeBridge.sparsity.congr_simp
AUDIT DirectedFlowCutGap.SparsestEdgeCorollary.edge_card_pos_of_distanceSum_pos._proof_1_1
AUDIT DirectedFlowCutGap.SparsestEdgeCorollary.edge_sparsest_min_uniform
Axiom audit passed for all 8 declarations defined in DirectedFlowCutGap.SparsestEdgeCorollary.
