2026-10-10T18:17:52.9870564Z Cache restored successfully
2026-10-10T18:18:12.2120361Z ⚠ [3486/3511] Replayed MinorFreeSpanners.Greedy
2026-10-10T18:18:12.2122073Z warning: Multiplicative Spanners in Minor-Free Graphs/MinorFreeSpanners/Greedy.lean:16:0: automatically included section variable(s) unused in theorem `MinorFreeSpanners.weightedGirth_girth`:
2026-10-10T18:18:12.2129426Z warning: Multiplicative Spanners in Minor-Free Graphs/MinorFreeSpanners/Greedy.lean:61:20: Used `tac1 <;> tac2` where `(tac1; tac2)` would suffice
2026-10-10T18:18:12.2132872Z warning: Multiplicative Spanners in Minor-Free Graphs/MinorFreeSpanners/Greedy.lean:61:34: Used `tac1 <;> tac2` where `(tac1; tac2)` would suffice
2026-10-10T18:18:12.2135911Z ⚠ [3487/3511] Replayed MinorFreeSpanners.Claim19Counterexample
2026-10-10T18:18:12.2137663Z warning: Multiplicative Spanners in Minor-Free Graphs/MinorFreeSpanners/Claim19Counterexample.lean:75:63: This simp argument is unused:
2026-10-10T18:18:12.2142765Z ⚠ [3489/3511] Replayed MinorFreeSpanners.MinorEdgeCount
2026-10-10T18:18:12.2144634Z warning: Multiplicative Spanners in Minor-Free Graphs/MinorFreeSpanners/MinorEdgeCount.lean:32:0: automatically included section variable(s) unused in theorem `MinorFreeSpanners.MinorModel.edge_count_le`:
2026-10-10T18:18:12.2151135Z ⚠ [3492/3511] Replayed MinorFreeSpanners.DensityAlgebra
2026-10-10T18:18:12.2152593Z warning: Multiplicative Spanners in Minor-Free Graphs/MinorFreeSpanners/DensityAlgebra.lean:13:31: Variable name `hm` is not explicitly referenced.
2026-10-10T18:18:12.2158139Z ⚠ [3494/3511] Replayed MinorFreeSpanners.MinorRestriction
2026-10-10T18:18:12.2159449Z warning: Multiplicative Spanners in Minor-Free Graphs/MinorFreeSpanners/MinorRestriction.lean:102:2: Try this: 
2026-10-10T18:18:12.2166052Z ⚠ [3495/3511] Replayed MinorFreeSpanners.LowerBound
2026-10-10T18:18:12.2168335Z warning: Multiplicative Spanners in Minor-Free Graphs/MinorFreeSpanners/LowerBound.lean:12:0: automatically included section variable(s) unused in theorem `MinorFreeSpanners.high_girth_spanner_eq`:
2026-10-10T18:18:12.2174406Z ⚠ [3497/3511] Replayed MinorFreeSpanners.DisjointCopies
2026-10-10T18:18:12.2176536Z warning: Multiplicative Spanners in Minor-Free Graphs/MinorFreeSpanners/DisjointCopies.lean:80:0: automatically included section variable(s) unused in theorem `MinorFreeSpanners.copyGraph.edge_count`:
2026-10-10T18:18:12.2183212Z ⚠ [3501/3511] Replayed MinorFreeSpanners.SubdivisionMinor
2026-10-10T18:18:12.2184809Z warning: Multiplicative Spanners in Minor-Free Graphs/MinorFreeSpanners/SubdivisionMinor.lean:145:2: `push_neg` has been deprecated. Prefer using `push Not` instead.
2026-10-10T18:18:14.2328843Z ✔ [3505/3511] Built MinorFreeSpanners.ClusterEdgeWeights (2.1s)
2026-10-10T18:18:14.4333123Z ✔ [3506/3511] Built MinorFreeSpanners.ClusterWalkLift (2.3s)
2026-10-10T18:18:14.4333735Z ✔ [3507/3511] Built MinorFreeSpanners.CycleEdgeRemoval (2.3s)
2026-10-10T18:18:17.8371069Z ✔ [3508/3511] Built MinorFreeSpanners.ClusterGirth (3.3s)
2026-10-10T18:18:19.1399589Z ✔ [3509/3511] Built MinorFreeSpanners.ClusterClaim23 (1.4s)
2026-10-10T18:18:21.2407934Z ✔ [3510/3511] Built MinorFreeSpanners (1.0s)
2026-10-10T18:18:21.2463844Z Build completed successfully (3511 jobs).
2026-10-10T18:18:51.0293333Z ⚠ [3486/3511] Replayed MinorFreeSpanners.Greedy
2026-10-10T18:18:51.0294178Z warning: Multiplicative Spanners in Minor-Free Graphs/MinorFreeSpanners/Greedy.lean:16:0: automatically included section variable(s) unused in theorem `MinorFreeSpanners.weightedGirth_girth`:
2026-10-10T18:18:51.0297501Z warning: Multiplicative Spanners in Minor-Free Graphs/MinorFreeSpanners/Greedy.lean:61:20: Used `tac1 <;> tac2` where `(tac1; tac2)` would suffice
2026-10-10T18:18:51.0299253Z warning: Multiplicative Spanners in Minor-Free Graphs/MinorFreeSpanners/Greedy.lean:61:34: Used `tac1 <;> tac2` where `(tac1; tac2)` would suffice
2026-10-10T18:18:51.0300563Z ⚠ [3487/3511] Replayed MinorFreeSpanners.Claim19Counterexample
2026-10-10T18:18:51.0301261Z warning: Multiplicative Spanners in Minor-Free Graphs/MinorFreeSpanners/Claim19Counterexample.lean:75:63: This simp argument is unused:
2026-10-10T18:18:51.0303443Z ⚠ [3489/3511] Replayed MinorFreeSpanners.MinorEdgeCount
2026-10-10T18:18:51.0304346Z warning: Multiplicative Spanners in Minor-Free Graphs/MinorFreeSpanners/MinorEdgeCount.lean:32:0: automatically included section variable(s) unused in theorem `MinorFreeSpanners.MinorModel.edge_count_le`:
2026-10-10T18:18:51.0307201Z ⚠ [3497/3511] Replayed MinorFreeSpanners.DensityAlgebra
2026-10-10T18:18:51.0307885Z warning: Multiplicative Spanners in Minor-Free Graphs/MinorFreeSpanners/DensityAlgebra.lean:13:31: Variable name `hm` is not explicitly referenced.
2026-10-10T18:18:51.0310273Z ⚠ [3499/3511] Replayed MinorFreeSpanners.MinorRestriction
2026-10-10T18:18:51.0310849Z warning: Multiplicative Spanners in Minor-Free Graphs/MinorFreeSpanners/MinorRestriction.lean:102:2: Try this: 
2026-10-10T18:18:51.0313497Z ⚠ [3500/3511] Replayed MinorFreeSpanners.LowerBound
2026-10-10T18:18:51.0314342Z warning: Multiplicative Spanners in Minor-Free Graphs/MinorFreeSpanners/LowerBound.lean:12:0: automatically included section variable(s) unused in theorem `MinorFreeSpanners.high_girth_spanner_eq`:
2026-10-10T18:18:51.0317118Z ⚠ [3502/3511] Replayed MinorFreeSpanners.DisjointCopies
2026-10-10T18:18:51.0317992Z warning: Multiplicative Spanners in Minor-Free Graphs/MinorFreeSpanners/DisjointCopies.lean:80:0: automatically included section variable(s) unused in theorem `MinorFreeSpanners.copyGraph.edge_count`:
2026-10-10T18:18:51.0321274Z ⚠ [3506/3511] Replayed MinorFreeSpanners.SubdivisionMinor
2026-10-10T18:18:51.0322029Z warning: Multiplicative Spanners in Minor-Free Graphs/MinorFreeSpanners/SubdivisionMinor.lean:145:2: `push_neg` has been deprecated. Prefer using `push Not` instead.
2026-10-10T18:18:51.1017572Z Build completed successfully (3511 jobs).
2026-10-10T18:18:56.8076025Z Build completed successfully (6 jobs).
2026-10-10T18:18:58.7907651Z axiom-audit completed successfully
2026-10-10T18:19:22.8534947Z Build completed successfully (142 jobs).
2026-10-10T18:19:32.1836514Z Axiom audit passed: 195 declarations defined in VFTSpanners modules; allowed axioms: [propext,
2026-10-10T18:19:32.1838621Z Axiom audit passed: 984 declarations defined in LinearDistancePreservers modules; allowed axioms: [propext,
2026-10-10T18:19:32.1840588Z Axiom audit passed: 279 declarations defined in LightSpanners modules; allowed axioms: [propext,
2026-10-10T18:19:32.1842037Z Axiom audit passed: 440 declarations defined in DegreeFaultSpanners modules; allowed axioms: [propext,
2026-10-10T18:19:32.1843137Z Axiom audit passed: 612 declarations defined in LengthExpander modules; allowed axioms: [propext,
2026-10-10T18:19:32.1844203Z Axiom audit passed: 257 declarations defined in MinorFreeSpanners modules; allowed axioms: [propext,
2026-10-10T18:38:02.1542300Z replaying MinorFreeSpanners.Claim19Counterexample
2026-10-10T18:38:09.4987330Z replaying MinorFreeSpanners.ClusterClaim23
2026-10-10T18:38:16.8424849Z replaying MinorFreeSpanners.ClusterEdgeWeights
2026-10-10T18:38:24.2287639Z replaying MinorFreeSpanners.ClusterGirth
2026-10-10T18:38:31.6177355Z replaying MinorFreeSpanners.ClusterGraph
2026-10-10T18:38:39.0475250Z replaying MinorFreeSpanners.ClusterWalkLift
2026-10-10T18:38:46.4207245Z replaying MinorFreeSpanners.CycleEdgeRemoval
2026-10-10T18:38:54.3746001Z replaying MinorFreeSpanners.DensityAlgebra
2026-10-10T18:39:02.3507448Z replaying MinorFreeSpanners.DensityLinearLoss
2026-10-10T18:39:09.5980718Z replaying MinorFreeSpanners.DisjointCopies
2026-10-10T18:39:16.9904633Z replaying MinorFreeSpanners.ExactSizeLowerBound
2026-10-10T18:39:24.3597284Z replaying MinorFreeSpanners.GirthComponents
2026-10-10T18:39:31.7241022Z replaying MinorFreeSpanners.Greedy
2026-10-10T18:39:39.2192167Z replaying MinorFreeSpanners.IntrinsicGirthGap
2026-10-10T18:39:46.5857290Z replaying MinorFreeSpanners.IsolatedPadding
2026-10-10T18:39:53.9297392Z replaying MinorFreeSpanners.LowerBound
2026-10-10T18:40:01.1690094Z replaying MinorFreeSpanners.Minor
2026-10-10T18:40:08.5167163Z replaying MinorFreeSpanners.MinorComposition
2026-10-10T18:40:15.7609133Z replaying MinorFreeSpanners.MinorEdgeCount
2026-10-10T18:40:23.1934332Z replaying MinorFreeSpanners.MinorNormalization
2026-10-10T18:40:30.5606960Z replaying MinorFreeSpanners.MinorRestriction
2026-10-10T18:40:37.9070825Z replaying MinorFreeSpanners.MinorSingletonDegree
2026-10-10T18:40:45.6068245Z replaying MinorFreeSpanners.Moore
2026-10-10T18:40:52.8859633Z replaying MinorFreeSpanners.SmallMinors
2026-10-10T18:41:00.2706426Z replaying MinorFreeSpanners.SubdivisionMinor
