2026-10-10T18:03:50.3472207Z ✔ [3458/3506] Built MinorFreeSpanners.Minor (2.2s)
2026-10-10T18:03:52.5579126Z ✔ [3460/3506] Built MinorFreeSpanners.SmallMinors (2.1s)
2026-10-10T18:03:53.2590926Z ⚠ [3462/3506] Built MinorFreeSpanners.DensityAlgebra (3.7s)
2026-10-10T18:03:53.2619276Z warning: Multiplicative Spanners in Minor-Free Graphs/MinorFreeSpanners/DensityAlgebra.lean:13:31: Variable name `hm` is not explicitly referenced.
2026-10-10T18:03:54.2613043Z ⚠ [3463/3506] Built MinorFreeSpanners.MinorEdgeCount (2.1s)
2026-10-10T18:03:54.2629727Z warning: Multiplicative Spanners in Minor-Free Graphs/MinorFreeSpanners/MinorEdgeCount.lean:32:0: automatically included section variable(s) unused in theorem `MinorFreeSpanners.MinorModel.edge_count_le`:
2026-10-10T18:03:55.9688049Z ⚠ [3464/3506] Built MinorFreeSpanners.Greedy (3.4s)
2026-10-10T18:03:55.9711337Z warning: Multiplicative Spanners in Minor-Free Graphs/MinorFreeSpanners/Greedy.lean:16:0: automatically included section variable(s) unused in theorem `MinorFreeSpanners.weightedGirth_girth`:
2026-10-10T18:03:55.9840062Z warning: Multiplicative Spanners in Minor-Free Graphs/MinorFreeSpanners/Greedy.lean:61:20: Used `tac1 <;> tac2` where `(tac1; tac2)` would suffice
2026-10-10T18:03:55.9842895Z warning: Multiplicative Spanners in Minor-Free Graphs/MinorFreeSpanners/Greedy.lean:61:34: Used `tac1 <;> tac2` where `(tac1; tac2)` would suffice
2026-10-10T18:03:56.5679599Z ✔ [3465/3506] Built MinorFreeSpanners.MinorComposition (2.4s)
2026-10-10T18:03:57.0699242Z ✔ [3466/3506] Built MinorFreeSpanners.DensityLinearLoss (3.8s)
2026-10-10T18:03:58.8749054Z ⚠ [3468/3506] Built MinorFreeSpanners.LowerBound (2.3s)
2026-10-10T18:03:58.8779417Z warning: Multiplicative Spanners in Minor-Free Graphs/MinorFreeSpanners/LowerBound.lean:12:0: automatically included section variable(s) unused in theorem `MinorFreeSpanners.high_girth_spanner_eq`:
2026-10-10T18:03:58.8898654Z ✔ [3469/3506] Built MinorFreeSpanners.Moore (2.9s)
2026-10-10T18:03:59.2749132Z ✔ [3470/3506] Built MinorFreeSpanners.IntrinsicGirthGap (2.3s)
2026-10-10T18:04:01.0809345Z ✔ [3471/3506] Built MinorFreeSpanners.MinorSingletonDegree (2.3s)
2026-10-10T18:04:01.2799356Z ⚠ [3472/3506] Built MinorFreeSpanners.MinorRestriction (2.4s)
2026-10-10T18:04:01.2808940Z warning: Multiplicative Spanners in Minor-Free Graphs/MinorFreeSpanners/MinorRestriction.lean:102:2: Try this: 
2026-10-10T18:04:01.4779339Z ⚠ [3473/3506] Built MinorFreeSpanners.Claim19Counterexample (3.6s)
2026-10-10T18:04:01.4809649Z warning: Multiplicative Spanners in Minor-Free Graphs/MinorFreeSpanners/Claim19Counterexample.lean:75:63: This simp argument is unused:
2026-10-10T18:04:03.6819636Z ✔ [3474/3506] Built MinorFreeSpanners.GirthComponents (2.3s)
2026-10-10T18:04:04.1819293Z ⚠ [3476/3506] Built MinorFreeSpanners.SubdivisionMinor (2.9s)
2026-10-10T18:04:04.1839615Z warning: Multiplicative Spanners in Minor-Free Graphs/MinorFreeSpanners/SubdivisionMinor.lean:145:2: `push_neg` has been deprecated. Prefer using `push Not` instead.
2026-10-10T18:04:04.7815756Z ✔ [3477/3506] Built MinorFreeSpanners.ClusterGraph (3.7s)
2026-10-10T18:04:06.1869390Z ⚠ [3478/3506] Built MinorFreeSpanners.DisjointCopies (2.5s)
2026-10-10T18:04:06.1899625Z warning: Multiplicative Spanners in Minor-Free Graphs/MinorFreeSpanners/DisjointCopies.lean:80:0: automatically included section variable(s) unused in theorem `MinorFreeSpanners.copyGraph.edge_count`:
2026-10-10T18:04:06.5876490Z ✔ [3480/3506] Built MinorFreeSpanners.MinorNormalization (2.3s)
2026-10-10T18:04:07.8890695Z ✔ [3481/3506] Built MinorFreeSpanners.IsolatedPadding (1.6s)
2026-10-10T18:04:09.9941761Z ✔ [3483/3506] Built MinorFreeSpanners.ExactSizeLowerBound (2.1s)
2026-10-10T18:04:12.6978913Z ✔ [3486/3506] Built MinorFreeSpanners (2.7s)
2026-10-10T18:04:41.5531433Z Build completed successfully (3506 jobs).
2026-10-10T18:05:11.8414192Z ⚠ [3486/3506] Replayed MinorFreeSpanners.Greedy
2026-10-10T18:05:11.8415026Z warning: Multiplicative Spanners in Minor-Free Graphs/MinorFreeSpanners/Greedy.lean:16:0: automatically included section variable(s) unused in theorem `MinorFreeSpanners.weightedGirth_girth`:
2026-10-10T18:05:11.8418629Z warning: Multiplicative Spanners in Minor-Free Graphs/MinorFreeSpanners/Greedy.lean:61:20: Used `tac1 <;> tac2` where `(tac1; tac2)` would suffice
2026-10-10T18:05:11.8420146Z warning: Multiplicative Spanners in Minor-Free Graphs/MinorFreeSpanners/Greedy.lean:61:34: Used `tac1 <;> tac2` where `(tac1; tac2)` would suffice
2026-10-10T18:05:11.8421466Z ⚠ [3487/3506] Replayed MinorFreeSpanners.Claim19Counterexample
2026-10-10T18:05:11.8422163Z warning: Multiplicative Spanners in Minor-Free Graphs/MinorFreeSpanners/Claim19Counterexample.lean:75:63: This simp argument is unused:
2026-10-10T18:05:11.8424364Z ⚠ [3489/3506] Replayed MinorFreeSpanners.MinorEdgeCount
2026-10-10T18:05:11.8425277Z warning: Multiplicative Spanners in Minor-Free Graphs/MinorFreeSpanners/MinorEdgeCount.lean:32:0: automatically included section variable(s) unused in theorem `MinorFreeSpanners.MinorModel.edge_count_le`:
2026-10-10T18:05:11.8428140Z ⚠ [3492/3506] Replayed MinorFreeSpanners.DensityAlgebra
2026-10-10T18:05:11.8428826Z warning: Multiplicative Spanners in Minor-Free Graphs/MinorFreeSpanners/DensityAlgebra.lean:13:31: Variable name `hm` is not explicitly referenced.
2026-10-10T18:05:11.8431228Z ⚠ [3494/3506] Replayed MinorFreeSpanners.MinorRestriction
2026-10-10T18:05:11.8431811Z warning: Multiplicative Spanners in Minor-Free Graphs/MinorFreeSpanners/MinorRestriction.lean:102:2: Try this: 
2026-10-10T18:05:11.8434466Z ⚠ [3495/3506] Replayed MinorFreeSpanners.LowerBound
2026-10-10T18:05:11.8435467Z warning: Multiplicative Spanners in Minor-Free Graphs/MinorFreeSpanners/LowerBound.lean:12:0: automatically included section variable(s) unused in theorem `MinorFreeSpanners.high_girth_spanner_eq`:
2026-10-10T18:05:11.8438426Z ⚠ [3497/3506] Replayed MinorFreeSpanners.DisjointCopies
2026-10-10T18:05:11.8439304Z warning: Multiplicative Spanners in Minor-Free Graphs/MinorFreeSpanners/DisjointCopies.lean:80:0: automatically included section variable(s) unused in theorem `MinorFreeSpanners.copyGraph.edge_count`:
2026-10-10T18:05:11.8442306Z ⚠ [3501/3506] Replayed MinorFreeSpanners.SubdivisionMinor
2026-10-10T18:05:11.8443071Z warning: Multiplicative Spanners in Minor-Free Graphs/MinorFreeSpanners/SubdivisionMinor.lean:145:2: `push_neg` has been deprecated. Prefer using `push Not` instead.
2026-10-10T18:05:11.9200734Z Build completed successfully (3506 jobs).
2026-10-10T18:05:19.4677381Z Build completed successfully (6 jobs).
2026-10-10T18:05:21.4688061Z axiom-audit completed successfully
2026-10-10T18:05:45.4085992Z Build completed successfully (142 jobs).
2026-10-10T18:05:55.3778054Z Axiom audit passed: 195 declarations defined in VFTSpanners modules; allowed axioms: [propext,
2026-10-10T18:05:55.3780192Z Axiom audit passed: 984 declarations defined in LinearDistancePreservers modules; allowed axioms: [propext,
2026-10-10T18:05:55.3782175Z Axiom audit passed: 279 declarations defined in LightSpanners modules; allowed axioms: [propext,
2026-10-10T18:05:55.3784234Z Axiom audit passed: 440 declarations defined in DegreeFaultSpanners modules; allowed axioms: [propext,
2026-10-10T18:05:55.3786191Z Axiom audit passed: 612 declarations defined in LengthExpander modules; allowed axioms: [propext,
2026-10-10T18:05:55.3788332Z Axiom audit passed: 216 declarations defined in MinorFreeSpanners modules; allowed axioms: [propext,
2026-10-10T18:24:37.2568794Z replaying MinorFreeSpanners.Claim19Counterexample
2026-10-10T18:24:44.7762807Z replaying MinorFreeSpanners.ClusterGraph
2026-10-10T18:24:52.8332404Z replaying MinorFreeSpanners.DensityAlgebra
2026-10-10T18:25:00.8672850Z replaying MinorFreeSpanners.DensityLinearLoss
2026-10-10T18:25:08.3949933Z replaying MinorFreeSpanners.DisjointCopies
2026-10-10T18:25:15.9110085Z replaying MinorFreeSpanners.ExactSizeLowerBound
2026-10-10T18:25:23.3875496Z replaying MinorFreeSpanners.GirthComponents
2026-10-10T18:25:30.9081511Z replaying MinorFreeSpanners.Greedy
2026-10-10T18:25:38.3806028Z replaying MinorFreeSpanners.IntrinsicGirthGap
2026-10-10T18:25:45.8689001Z replaying MinorFreeSpanners.IsolatedPadding
2026-10-10T18:25:53.3357502Z replaying MinorFreeSpanners.LowerBound
2026-10-10T18:26:00.6868769Z replaying MinorFreeSpanners.Minor
2026-10-10T18:26:08.0343433Z replaying MinorFreeSpanners.MinorComposition
2026-10-10T18:26:15.4208272Z replaying MinorFreeSpanners.MinorEdgeCount
2026-10-10T18:26:22.9926640Z replaying MinorFreeSpanners.MinorNormalization
2026-10-10T18:26:30.3761380Z replaying MinorFreeSpanners.MinorRestriction
2026-10-10T18:26:37.7238466Z replaying MinorFreeSpanners.MinorSingletonDegree
2026-10-10T18:26:45.5216295Z replaying MinorFreeSpanners.Moore
2026-10-10T18:26:52.9051822Z replaying MinorFreeSpanners.SmallMinors
2026-10-10T18:27:00.3534157Z replaying MinorFreeSpanners.SubdivisionMinor
