2026-10-10T17:28:15.1199933Z ✔ [3451/3496] Built MinorFreeSpanners.Minor (1.5s)
2026-10-10T17:28:16.8243980Z ⚠ [3456/3496] Built MinorFreeSpanners.DensityAlgebra (2.5s)
2026-10-10T17:28:16.8259440Z warning: Multiplicative Spanners in Minor-Free Graphs/MinorFreeSpanners/DensityAlgebra.lean:13:31: Variable name `hm` is not explicitly referenced.
2026-10-10T17:28:17.9249697Z ⚠ [3457/3496] Built MinorFreeSpanners.MinorEdgeCount (1.3s)
2026-10-10T17:28:17.9279719Z warning: Multiplicative Spanners in Minor-Free Graphs/MinorFreeSpanners/MinorEdgeCount.lean:32:0: automatically included section variable(s) unused in theorem `MinorFreeSpanners.MinorModel.edge_count_le`:
2026-10-10T17:28:17.9429113Z ✔ [3458/3496] Built MinorFreeSpanners.SmallMinors (1.4s)
2026-10-10T17:28:18.6268033Z ⚠ [3459/3496] Built MinorFreeSpanners.Greedy (1.9s)
2026-10-10T17:28:18.6279794Z warning: Multiplicative Spanners in Minor-Free Graphs/MinorFreeSpanners/Greedy.lean:16:0: automatically included section variable(s) unused in theorem `MinorFreeSpanners.weightedGirth_girth`:
2026-10-10T17:28:18.6389769Z warning: Multiplicative Spanners in Minor-Free Graphs/MinorFreeSpanners/Greedy.lean:61:20: Used `tac1 <;> tac2` where `(tac1; tac2)` would suffice
2026-10-10T17:28:18.6469283Z warning: Multiplicative Spanners in Minor-Free Graphs/MinorFreeSpanners/Greedy.lean:61:34: Used `tac1 <;> tac2` where `(tac1; tac2)` would suffice
2026-10-10T17:28:19.5304297Z ✔ [3461/3496] Built MinorFreeSpanners.MinorComposition (1.6s)
2026-10-10T17:28:20.4326553Z ✔ [3462/3496] Built MinorFreeSpanners.Moore (1.9s)
2026-10-10T17:28:20.5315546Z ✔ [3463/3496] Built MinorFreeSpanners.DensityLinearLoss (2.6s)
2026-10-10T17:28:21.0332767Z ⚠ [3464/3496] Built MinorFreeSpanners.LowerBound (1.6s)
2026-10-10T17:28:21.0399794Z warning: Multiplicative Spanners in Minor-Free Graphs/MinorFreeSpanners/LowerBound.lean:12:0: automatically included section variable(s) unused in theorem `MinorFreeSpanners.high_girth_spanner_eq`:
2026-10-10T17:28:21.8346850Z ⚠ [3465/3496] Built MinorFreeSpanners.Claim19Counterexample (2.2s)
2026-10-10T17:28:21.8359404Z warning: Multiplicative Spanners in Minor-Free Graphs/MinorFreeSpanners/Claim19Counterexample.lean:75:63: This simp argument is unused:
2026-10-10T17:28:21.8362560Z ✔ [3466/3496] Built MinorFreeSpanners.MinorSingletonDegree (1.3s)
2026-10-10T17:28:22.5355738Z ⚠ [3467/3496] Built MinorFreeSpanners.MinorRestriction (1.5s)
2026-10-10T17:28:22.5357587Z warning: Multiplicative Spanners in Minor-Free Graphs/MinorFreeSpanners/MinorRestriction.lean:102:2: Try this: 
2026-10-10T17:28:23.1365315Z ⚠ [3469/3496] Built MinorFreeSpanners.SubdivisionMinor (1.3s)
2026-10-10T17:28:23.1366102Z warning: Multiplicative Spanners in Minor-Free Graphs/MinorFreeSpanners/SubdivisionMinor.lean:145:2: `push_neg` has been deprecated. Prefer using `push Not` instead.
2026-10-10T17:28:23.6388087Z ✔ [3470/3496] Built MinorFreeSpanners.GirthComponents (1.1s)
2026-10-10T17:28:24.8409131Z ⚠ [3472/3496] Built MinorFreeSpanners.DisjointCopies (1.1s)
2026-10-10T17:28:24.8410024Z warning: Multiplicative Spanners in Minor-Free Graphs/MinorFreeSpanners/DisjointCopies.lean:80:0: automatically included section variable(s) unused in theorem `MinorFreeSpanners.copyGraph.edge_count`:
2026-10-10T17:28:26.3439811Z ✔ [3474/3496] Built MinorFreeSpanners (1.5s)
2026-10-10T17:29:06.6208087Z ⚠ [3481/3496] Replayed MinorFreeSpanners.Greedy
2026-10-10T17:29:06.6208576Z warning: Multiplicative Spanners in Minor-Free Graphs/MinorFreeSpanners/Greedy.lean:16:0: automatically included section variable(s) unused in theorem `MinorFreeSpanners.weightedGirth_girth`:
2026-10-10T17:29:06.6210394Z warning: Multiplicative Spanners in Minor-Free Graphs/MinorFreeSpanners/Greedy.lean:61:20: Used `tac1 <;> tac2` where `(tac1; tac2)` would suffice
2026-10-10T17:29:06.6211166Z warning: Multiplicative Spanners in Minor-Free Graphs/MinorFreeSpanners/Greedy.lean:61:34: Used `tac1 <;> tac2` where `(tac1; tac2)` would suffice
2026-10-10T17:29:06.6211841Z ⚠ [3482/3496] Replayed MinorFreeSpanners.Claim19Counterexample
2026-10-10T17:29:06.6212206Z warning: Multiplicative Spanners in Minor-Free Graphs/MinorFreeSpanners/Claim19Counterexample.lean:75:63: This simp argument is unused:
2026-10-10T17:29:06.6213364Z ⚠ [3483/3496] Replayed MinorFreeSpanners.DensityAlgebra
2026-10-10T17:29:06.6213722Z warning: Multiplicative Spanners in Minor-Free Graphs/MinorFreeSpanners/DensityAlgebra.lean:13:31: Variable name `hm` is not explicitly referenced.
2026-10-10T17:29:06.6214954Z ⚠ [3485/3496] Replayed MinorFreeSpanners.MinorEdgeCount
2026-10-10T17:29:06.6215413Z warning: Multiplicative Spanners in Minor-Free Graphs/MinorFreeSpanners/MinorEdgeCount.lean:32:0: automatically included section variable(s) unused in theorem `MinorFreeSpanners.MinorModel.edge_count_le`:
2026-10-10T17:29:06.6216842Z ⚠ [3487/3496] Replayed MinorFreeSpanners.MinorRestriction
2026-10-10T17:29:06.6217149Z warning: Multiplicative Spanners in Minor-Free Graphs/MinorFreeSpanners/MinorRestriction.lean:102:2: Try this: 
2026-10-10T17:29:06.6218645Z ⚠ [3488/3496] Replayed MinorFreeSpanners.LowerBound
2026-10-10T17:29:06.6219081Z warning: Multiplicative Spanners in Minor-Free Graphs/MinorFreeSpanners/LowerBound.lean:12:0: automatically included section variable(s) unused in theorem `MinorFreeSpanners.high_girth_spanner_eq`:
2026-10-10T17:29:06.6220648Z ⚠ [3490/3496] Replayed MinorFreeSpanners.DisjointCopies
2026-10-10T17:29:06.6221093Z warning: Multiplicative Spanners in Minor-Free Graphs/MinorFreeSpanners/DisjointCopies.lean:80:0: automatically included section variable(s) unused in theorem `MinorFreeSpanners.copyGraph.edge_count`:
2026-10-10T17:29:06.6222658Z ⚠ [3494/3496] Replayed MinorFreeSpanners.SubdivisionMinor
2026-10-10T17:29:06.6223051Z warning: Multiplicative Spanners in Minor-Free Graphs/MinorFreeSpanners/SubdivisionMinor.lean:145:2: `push_neg` has been deprecated. Prefer using `push Not` instead.
2026-10-10T17:29:32.8278008Z Axiom audit passed: 195 declarations defined in VFTSpanners modules; allowed axioms: [propext,
2026-10-10T17:29:32.8279294Z Axiom audit passed: 984 declarations defined in LinearDistancePreservers modules; allowed axioms: [propext,
2026-10-10T17:29:32.8280273Z Axiom audit passed: 201 declarations defined in LightSpanners modules; allowed axioms: [propext,
2026-10-10T17:29:32.8281263Z Axiom audit passed: 440 declarations defined in DegreeFaultSpanners modules; allowed axioms: [propext,
2026-10-10T17:29:32.8282193Z Axiom audit passed: 612 declarations defined in LengthExpander modules; allowed axioms: [propext,
2026-10-10T17:29:32.8283119Z Axiom audit passed: 151 declarations defined in MinorFreeSpanners modules; allowed axioms: [propext,
2026-10-10T17:29:32.9560533Z ##[group]Run bash scripts/KernelCheck.sh
2026-10-10T17:29:32.9560825Z [36;1mbash scripts/KernelCheck.sh[0m
2026-10-10T17:29:38.8763865Z replaying VFTSpanners.BlockingSet
2026-10-10T17:29:44.9265718Z replaying VFTSpanners.Corollary
2026-10-10T17:29:50.8196002Z replaying VFTSpanners.Distance
2026-10-10T17:29:56.7464227Z replaying VFTSpanners.Extremal
2026-10-10T17:30:03.0377397Z replaying VFTSpanners.FiniteBound
2026-10-10T17:30:09.0050566Z replaying VFTSpanners.Greedy
2026-10-10T17:30:14.9589484Z replaying VFTSpanners.Main
2026-10-10T17:30:20.8867616Z replaying VFTSpanners.Moore
2026-10-10T17:30:26.8946898Z replaying VFTSpanners.Padding
2026-10-10T17:30:32.8985884Z replaying VFTSpanners.PaperTheorem
2026-10-10T17:30:38.8183534Z replaying VFTSpanners.Sampling
2026-10-10T17:30:44.7882649Z replaying VFTSpanners.ShortestPaths
2026-10-10T17:30:50.6689210Z replaying VFTSpanners.Weighted
2026-10-10T17:30:57.2226451Z replaying LinearDistancePreservers.Batching
2026-10-10T17:31:03.7437578Z replaying LinearDistancePreservers.BehrendPorts
2026-10-10T17:31:10.1847048Z replaying LinearDistancePreservers.BehrendProduct
2026-10-10T17:31:16.6543512Z replaying LinearDistancePreservers.Branching
2026-10-10T17:31:23.2788636Z replaying LinearDistancePreservers.ConsistentTiebreaking
2026-10-10T17:31:29.7271898Z replaying LinearDistancePreservers.ConvexDirections
2026-10-10T17:31:36.1282608Z replaying LinearDistancePreservers.ConvexRigidity
2026-10-10T17:31:42.7437345Z replaying LinearDistancePreservers.DirectionGraph
2026-10-10T17:31:49.2563719Z replaying LinearDistancePreservers.DirectionObstacle
2026-10-10T17:31:55.7279247Z replaying LinearDistancePreservers.DirectionPerfect
2026-10-10T17:32:02.2468153Z replaying LinearDistancePreservers.FavorableCut
2026-10-10T17:32:08.8373562Z replaying LinearDistancePreservers.FinitePerturbation
2026-10-10T17:32:15.4354437Z replaying LinearDistancePreservers.InducedMatchingRemoval
2026-10-10T17:32:21.9486183Z replaying LinearDistancePreservers.InducedMatchings
2026-10-10T17:32:28.3681205Z replaying LinearDistancePreservers.LayeredWalks
2026-10-10T17:32:34.9542057Z replaying LinearDistancePreservers.LazyTreeSelection
2026-10-10T17:32:41.5795196Z replaying LinearDistancePreservers.LowerBoundParameters
2026-10-10T17:32:47.9799032Z replaying LinearDistancePreservers.MatchingExtremal
2026-10-10T17:32:54.5058138Z replaying LinearDistancePreservers.ModularDistance
2026-10-10T17:33:01.1589250Z replaying LinearDistancePreservers.ModularGraph
2026-10-10T17:33:07.7871805Z replaying LinearDistancePreservers.ModularObstacle
2026-10-10T17:33:14.4758063Z replaying LinearDistancePreservers.ModularObstacleMetric
2026-10-10T17:33:21.0359540Z replaying LinearDistancePreservers.ModularPerfect
2026-10-10T17:33:27.4900823Z replaying LinearDistancePreservers.NativeWalkBridge
2026-10-10T17:33:33.9579582Z replaying LinearDistancePreservers.ObstacleCounting
2026-10-10T17:33:40.6355330Z replaying LinearDistancePreservers.ObstacleWalks
2026-10-10T17:33:47.2375095Z replaying LinearDistancePreservers.ObstacleWeights
2026-10-10T17:33:53.7312846Z replaying LinearDistancePreservers.PaperTheorem
2026-10-10T17:34:00.3652078Z replaying LinearDistancePreservers.PathLowerBound
2026-10-10T17:34:06.8539561Z replaying LinearDistancePreservers.PathPerturbation
2026-10-10T17:34:13.3620062Z replaying LinearDistancePreservers.PathUnion
2026-10-10T17:34:19.8949444Z replaying LinearDistancePreservers.PreserverForcing
2026-10-10T17:34:26.4255515Z replaying LinearDistancePreservers.PreserverPadding
2026-10-10T17:34:32.8235579Z replaying LinearDistancePreservers.QuadraticRepair
2026-10-10T17:34:39.2599510Z replaying LinearDistancePreservers.RoutingOfPaths
2026-10-10T17:34:45.9763868Z replaying LinearDistancePreservers.SphereDirections
2026-10-10T17:34:52.5866442Z replaying LinearDistancePreservers.TheoremFourDense
2026-10-10T17:34:59.3058687Z replaying LinearDistancePreservers.TheoremFourRateAudit
2026-10-10T17:35:05.9272782Z replaying LinearDistancePreservers.TheoremOne
2026-10-10T17:35:12.4565361Z replaying LinearDistancePreservers.TheoremThree
2026-10-10T17:35:19.0496844Z replaying LinearDistancePreservers.TheoremThreeExact
2026-10-10T17:35:25.5598937Z replaying LinearDistancePreservers.TheoremTwo
2026-10-10T17:35:32.1741854Z replaying LinearDistancePreservers.TreeCounting
2026-10-10T17:35:38.8625115Z replaying LinearDistancePreservers.UnweightedClique
2026-10-10T17:35:45.5514131Z replaying LinearDistancePreservers.UnweightedPadding
2026-10-10T17:35:52.0827982Z replaying LinearDistancePreservers.WalkSequence
2026-10-10T17:35:58.6224794Z replaying LinearDistancePreservers.WeightedConstruction
2026-10-10T17:36:05.1275015Z replaying LinearDistancePreservers.WeightedNativeForcing
2026-10-10T17:36:11.1024210Z replaying LightSpanners.Basic
2026-10-10T17:36:17.1249467Z replaying LightSpanners.Construction
2026-10-10T17:36:23.0304119Z replaying LightSpanners.Counting
2026-10-10T17:36:28.9401754Z replaying LightSpanners.Distance
2026-10-10T17:36:35.0571231Z replaying LightSpanners.EdgeSubdivision
2026-10-10T17:36:40.9903232Z replaying LightSpanners.Girth
2026-10-10T17:36:47.0164366Z replaying LightSpanners.Greedy
2026-10-10T17:36:53.0510318Z replaying LightSpanners.Kruskal
2026-10-10T17:36:59.1923333Z replaying LightSpanners.MinimumTree
2026-10-10T17:37:05.4076067Z replaying LightSpanners.Subdivision
2026-10-10T17:37:11.4294801Z replaying LightSpanners.UnitCycle
2026-10-10T17:37:17.5469024Z replaying LightSpanners.UnitCycleWeight
2026-10-10T17:37:23.6324443Z replaying LightSpanners.Weight
2026-10-10T17:37:30.1060693Z replaying DegreeFaultSpanners.AllSizesParameters
2026-10-10T17:37:36.4415996Z replaying DegreeFaultSpanners.AllSizesRealBound
2026-10-10T17:37:42.9956975Z replaying DegreeFaultSpanners.AllSizesTheorem
2026-10-10T17:37:49.3366352Z replaying DegreeFaultSpanners.Blowup
2026-10-10T17:37:55.7879735Z replaying DegreeFaultSpanners.Construction
2026-10-10T17:38:02.1220254Z replaying DegreeFaultSpanners.CycleObstruction
2026-10-10T17:38:08.3480011Z replaying DegreeFaultSpanners.DenseWitness
2026-10-10T17:38:14.3901230Z replaying DegreeFaultSpanners.FaultSpanner
2026-10-10T17:38:20.8148223Z replaying DegreeFaultSpanners.GeometryWalk
2026-10-10T17:38:27.2342294Z replaying DegreeFaultSpanners.Incidence
2026-10-10T17:38:33.4841013Z replaying DegreeFaultSpanners.ObstructionAssembly
2026-10-10T17:38:39.4634991Z replaying DegreeFaultSpanners.Padding
2026-10-10T17:38:45.9039932Z replaying DegreeFaultSpanners.PaperTheorem
2026-10-10T17:38:51.8860462Z replaying DegreeFaultSpanners.Parameters
2026-10-10T17:38:58.1726923Z replaying DegreeFaultSpanners.PathStraightening
2026-10-10T17:39:04.4051648Z replaying DegreeFaultSpanners.RealBound
2026-10-10T17:39:10.7913216Z replaying DegreeFaultSpanners.ShortReach
2026-10-10T17:39:17.2044241Z replaying DegreeFaultSpanners.SlopeAlgebra
2026-10-10T17:39:23.5451042Z replaying LengthExpander.BipartiteCounterexample
2026-10-10T17:39:29.9589141Z replaying LengthExpander.CutSequenceMatching
2026-10-10T17:39:36.1484079Z replaying LengthExpander.Cuts
2026-10-10T17:39:42.2787804Z replaying LengthExpander.DecompositionReduction
2026-10-10T17:39:48.7651092Z replaying LengthExpander.DegreeDecomposition
2026-10-10T17:39:55.1463139Z replaying LengthExpander.DegreeUnion
2026-10-10T17:40:01.3136853Z replaying LengthExpander.DeletionCount
2026-10-10T17:40:07.5532376Z replaying LengthExpander.DemandExtraction
2026-10-10T17:40:13.7794161Z replaying LengthExpander.DemandMatchingFamily
2026-10-10T17:40:20.1930335Z replaying LengthExpander.Demands
2026-10-10T17:40:26.9807873Z replaying LengthExpander.DensityBound
2026-10-10T17:40:33.8214154Z replaying LengthExpander.DirectDecomposition
2026-10-10T17:40:40.5070298Z replaying LengthExpander.DirectedDemandMatching
2026-10-10T17:40:47.3401345Z replaying LengthExpander.DispersedPairGeometry
2026-10-10T17:40:54.0180059Z replaying LengthExpander.DispersionCount
2026-10-10T17:41:00.7500077Z replaying LengthExpander.FiniteTermination
2026-10-10T17:41:07.3715635Z replaying LengthExpander.FixedSizeSampling
2026-10-10T17:41:14.3157227Z replaying LengthExpander.ForestCover
2026-10-10T17:41:20.9974806Z replaying LengthExpander.ForestPartition
2026-10-10T17:41:27.8540206Z replaying LengthExpander.HereditaryDensity
2026-10-10T17:41:34.4468096Z replaying LengthExpander.HikerCount
2026-10-10T17:41:41.1303916Z replaying LengthExpander.Hikers
2026-10-10T17:41:47.6814490Z replaying LengthExpander.IncreasingPaths
2026-10-10T17:41:54.6725437Z replaying LengthExpander.IntegralDispersion
2026-10-10T17:42:01.3735826Z replaying LengthExpander.ListDemands
2026-10-10T17:42:07.9133619Z replaying LengthExpander.MatchingMetricBridge
2026-10-10T17:42:14.4670618Z replaying LengthExpander.MatchingPermutations
2026-10-10T17:42:21.1812926Z replaying LengthExpander.Metric
2026-10-10T17:42:27.9957563Z replaying LengthExpander.NonnegativeCutSequence
2026-10-10T17:42:34.7170936Z replaying LengthExpander.OrientationDispersion
2026-10-10T17:42:41.0716591Z replaying LengthExpander.PairingLists
2026-10-10T17:42:47.7037433Z replaying LengthExpander.ParallelGreedy
2026-10-10T17:42:54.4706039Z replaying LengthExpander.PushforwardDemand
2026-10-10T17:43:01.1952453Z replaying LengthExpander.RealCutSequence
2026-10-10T17:43:07.6872112Z replaying LengthExpander.RealDegreeTheorems
2026-10-10T17:43:14.1529451Z replaying LengthExpander.RealParameterArboricity
2026-10-10T17:43:20.4807103Z replaying LengthExpander.RealUnionSparsity
2026-10-10T17:43:26.8245930Z replaying LengthExpander.RealUnionWitness
2026-10-10T17:43:33.0026122Z replaying LengthExpander.RescalingCounterexample
2026-10-10T17:43:39.4922101Z replaying LengthExpander.ScaledIntegralExtraction
2026-10-10T17:43:45.6627469Z replaying LengthExpander.SequentialDemandGeometry
2026-10-10T17:43:51.6771053Z replaying LengthExpander.SourceCorrections
2026-10-10T17:43:57.9937780Z replaying LengthExpander.SparseOrder
2026-10-10T17:44:04.2223311Z replaying LengthExpander.SparseOrientation
2026-10-10T17:44:10.5065791Z replaying LengthExpander.UnionBoundConstants
2026-10-10T17:44:16.9256356Z replaying LengthExpander.UnionSparsity
2026-10-10T17:44:23.1649322Z replaying LengthExpander.UnionWitness
2026-10-10T17:44:29.3333297Z replaying MinorFreeSpanners.Claim19Counterexample
2026-10-10T17:44:35.8779138Z replaying MinorFreeSpanners.DensityAlgebra
2026-10-10T17:44:42.4560642Z replaying MinorFreeSpanners.DensityLinearLoss
2026-10-10T17:44:48.6130808Z replaying MinorFreeSpanners.DisjointCopies
2026-10-10T17:44:54.6931334Z replaying MinorFreeSpanners.GirthComponents
2026-10-10T17:45:00.7918994Z replaying MinorFreeSpanners.Greedy
2026-10-10T17:45:06.8186513Z replaying MinorFreeSpanners.LowerBound
2026-10-10T17:45:12.7140252Z replaying MinorFreeSpanners.Minor
2026-10-10T17:45:18.7783131Z replaying MinorFreeSpanners.MinorComposition
2026-10-10T17:45:24.6572566Z replaying MinorFreeSpanners.MinorEdgeCount
2026-10-10T17:45:30.6597861Z replaying MinorFreeSpanners.MinorRestriction
2026-10-10T17:45:36.7442012Z replaying MinorFreeSpanners.MinorSingletonDegree
2026-10-10T17:45:43.0058964Z replaying MinorFreeSpanners.Moore
2026-10-10T17:45:49.2365601Z replaying MinorFreeSpanners.SmallMinors
2026-10-10T17:45:55.3036626Z replaying MinorFreeSpanners.SubdivisionMinor
