2026-10-10T18:34:09.9907569Z ✔ [3456/3520] Built MinorFreeSpanners.Minor (2.2s)
2026-10-10T18:34:11.7897977Z ⚠ [3460/3520] Built MinorFreeSpanners.DensityAlgebra (3.8s)
2026-10-10T18:34:11.7927248Z warning: Multiplicative Spanners in Minor-Free Graphs/MinorFreeSpanners/DensityAlgebra.lean:13:31: Variable name `hm` is not explicitly referenced.
2026-10-10T18:34:13.8989292Z ⚠ [3463/3520] Built MinorFreeSpanners.MinorEdgeCount (2.2s)
2026-10-10T18:34:13.8998038Z warning: Multiplicative Spanners in Minor-Free Graphs/MinorFreeSpanners/MinorEdgeCount.lean:32:0: automatically included section variable(s) unused in theorem `MinorFreeSpanners.MinorModel.edge_count_le`:
2026-10-10T18:34:13.9132596Z ✔ [3464/3520] Built MinorFreeSpanners.SmallMinors (2.1s)
2026-10-10T18:34:14.0987436Z ⚠ [3465/3520] Built MinorFreeSpanners.Greedy (2.9s)
2026-10-10T18:34:14.0989152Z warning: Multiplicative Spanners in Minor-Free Graphs/MinorFreeSpanners/Greedy.lean:16:0: automatically included section variable(s) unused in theorem `MinorFreeSpanners.weightedGirth_girth`:
2026-10-10T18:34:14.1197190Z warning: Multiplicative Spanners in Minor-Free Graphs/MinorFreeSpanners/Greedy.lean:61:20: Used `tac1 <;> tac2` where `(tac1; tac2)` would suffice
2026-10-10T18:34:14.1267514Z warning: Multiplicative Spanners in Minor-Free Graphs/MinorFreeSpanners/Greedy.lean:61:34: Used `tac1 <;> tac2` where `(tac1; tac2)` would suffice
2026-10-10T18:34:16.3027775Z ✔ [3467/3520] Built MinorFreeSpanners.MinorComposition (2.3s)
2026-10-10T18:34:17.7076612Z ✔ [3469/3520] Built MinorFreeSpanners.DensityLinearLoss (3.8s)
2026-10-10T18:34:19.3115896Z ✔ [3470/3520] Built MinorFreeSpanners.Moore (2.9s)
2026-10-10T18:34:19.9117508Z ✔ [3471/3520] Built MinorFreeSpanners.CycleEdgeRemoval (2.4s)
2026-10-10T18:34:20.0137778Z ✔ [3473/3520] Built MinorFreeSpanners.IntrinsicGirthGap (2.3s)
2026-10-10T18:34:22.0207542Z ✔ [3474/3520] Built MinorFreeSpanners.MinorSingletonDegree (2.0s)
2026-10-10T18:34:22.2188675Z ⚠ [3475/3520] Built MinorFreeSpanners.LowerBound (2.3s)
2026-10-10T18:34:22.2227871Z warning: Multiplicative Spanners in Minor-Free Graphs/MinorFreeSpanners/LowerBound.lean:12:0: automatically included section variable(s) unused in theorem `MinorFreeSpanners.high_girth_spanner_eq`:
2026-10-10T18:34:22.8247728Z ⚠ [3476/3520] Built MinorFreeSpanners.Claim19Counterexample (3.5s)
2026-10-10T18:34:22.8267411Z warning: Multiplicative Spanners in Minor-Free Graphs/MinorFreeSpanners/Claim19Counterexample.lean:75:63: This simp argument is unused:
2026-10-10T18:34:24.1260252Z ⚠ [3477/3520] Built MinorFreeSpanners.MinorRestriction (2.1s)
2026-10-10T18:34:24.1265422Z warning: Multiplicative Spanners in Minor-Free Graphs/MinorFreeSpanners/MinorRestriction.lean:102:2: Try this: 
2026-10-10T18:34:24.1272060Z ⚠ [3478/3520] Built MinorFreeSpanners.CoreParameters (10s)
2026-10-10T18:34:24.1273485Z warning: Multiplicative Spanners in Minor-Free Graphs/MinorFreeSpanners/CoreParameters.lean:44:78: Unused tactic linter: `ring` does nothing
2026-10-10T18:34:24.1276770Z warning: Multiplicative Spanners in Minor-Free Graphs/MinorFreeSpanners/CoreParameters.lean:44:78: this tactic is never executed
2026-10-10T18:34:24.1280282Z warning: Multiplicative Spanners in Minor-Free Graphs/MinorFreeSpanners/CoreParameters.lean:69:62: Used `tac1 <;> tac2` where `(tac1; tac2)` would suffice
2026-10-10T18:34:26.4318353Z ✔ [3480/3520] Built MinorFreeSpanners.ClusterGraph (3.7s)
2026-10-10T18:34:26.5374501Z ⚠ [3481/3520] Built MinorFreeSpanners.SubdivisionMinor (2.4s)
2026-10-10T18:34:26.5435988Z warning: Multiplicative Spanners in Minor-Free Graphs/MinorFreeSpanners/SubdivisionMinor.lean:145:2: `push_neg` has been deprecated. Prefer using `push Not` instead.
2026-10-10T18:34:26.8382784Z ✔ [3483/3520] Built MinorFreeSpanners.GirthComponents (2.7s)
2026-10-10T18:34:28.7467063Z ✔ [3484/3520] Built MinorFreeSpanners.ClusterEdgeWeights (2.2s)
2026-10-10T18:34:28.8467515Z ⚠ [3485/3520] Built MinorFreeSpanners.StarLowerBound (2.4s)
2026-10-10T18:34:28.8527988Z warning: Multiplicative Spanners in Minor-Free Graphs/MinorFreeSpanners/StarLowerBound.lean:43:0: automatically included section variable(s) unused in theorem `MinorFreeSpanners.star_girth`:
2026-10-10T18:34:29.2473822Z ✔ [3486/3520] Built MinorFreeSpanners.ClusterWalkLift (2.5s)
2026-10-10T18:34:29.4475773Z ✔ [3487/3520] Built MinorFreeSpanners.MinorNormalization (2.7s)
2026-10-10T18:34:31.2520571Z ⚠ [3489/3520] Built MinorFreeSpanners.DisjointCopies (2.4s)
2026-10-10T18:34:31.2523439Z warning: Multiplicative Spanners in Minor-Free Graphs/MinorFreeSpanners/DisjointCopies.lean:80:0: automatically included section variable(s) unused in theorem `MinorFreeSpanners.copyGraph.edge_count`:
2026-10-10T18:34:33.1570372Z ✔ [3490/3520] Built MinorFreeSpanners.IsolatedPadding (1.9s)
2026-10-10T18:34:33.6580934Z ✔ [3491/3520] Built MinorFreeSpanners.ClusterGirth (4.4s)
2026-10-10T18:34:35.7637698Z ✔ [3493/3520] Built MinorFreeSpanners.ClusterClaim23 (2.1s)
2026-10-10T18:34:35.8647657Z ✔ [3494/3520] Built MinorFreeSpanners.ExactSizeLowerBound (2.7s)
2026-10-10T18:34:37.7699108Z ⚠ [3497/3520] Built MinorFreeSpanners.CoreExtraction (1.0s)
2026-10-10T18:34:37.7700920Z warning: Multiplicative Spanners in Minor-Free Graphs/MinorFreeSpanners/CoreExtraction.lean:9:0: automatically included section variable(s) unused in theorem `MinorFreeSpanners.GirthAbove.mono`:
2026-10-10T18:34:44.6888225Z ✔ [3503/3520] Built MinorFreeSpanners.GirthConjectureLowerBound (6.9s)
2026-10-10T18:34:48.3967775Z ✔ [3506/3520] Built MinorFreeSpanners.AllCliqueOrdersLowerBound (3.8s)
2026-10-10T18:34:50.9039670Z ✔ [3510/3520] Built MinorFreeSpanners (2.5s)
2026-10-10T18:35:08.8339902Z Build completed successfully (3520 jobs).
2026-10-10T18:35:39.7475109Z ⚠ [3486/3520] Replayed MinorFreeSpanners.MinorEdgeCount
2026-10-10T18:35:39.7476613Z warning: Multiplicative Spanners in Minor-Free Graphs/MinorFreeSpanners/MinorEdgeCount.lean:32:0: automatically included section variable(s) unused in theorem `MinorFreeSpanners.MinorModel.edge_count_le`:
2026-10-10T18:35:39.7480681Z ⚠ [3488/3520] Replayed MinorFreeSpanners.MinorRestriction
2026-10-10T18:35:39.7481518Z warning: Multiplicative Spanners in Minor-Free Graphs/MinorFreeSpanners/MinorRestriction.lean:102:2: Try this: 
2026-10-10T18:35:39.7485498Z ⚠ [3489/3520] Replayed MinorFreeSpanners.Greedy
2026-10-10T18:35:39.7486878Z warning: Multiplicative Spanners in Minor-Free Graphs/MinorFreeSpanners/Greedy.lean:16:0: automatically included section variable(s) unused in theorem `MinorFreeSpanners.weightedGirth_girth`:
2026-10-10T18:35:39.7492020Z warning: Multiplicative Spanners in Minor-Free Graphs/MinorFreeSpanners/Greedy.lean:61:20: Used `tac1 <;> tac2` where `(tac1; tac2)` would suffice
2026-10-10T18:35:39.7494209Z warning: Multiplicative Spanners in Minor-Free Graphs/MinorFreeSpanners/Greedy.lean:61:34: Used `tac1 <;> tac2` where `(tac1; tac2)` would suffice
2026-10-10T18:35:39.7496053Z ⚠ [3490/3520] Replayed MinorFreeSpanners.LowerBound
2026-10-10T18:35:39.7497461Z warning: Multiplicative Spanners in Minor-Free Graphs/MinorFreeSpanners/LowerBound.lean:12:0: automatically included section variable(s) unused in theorem `MinorFreeSpanners.high_girth_spanner_eq`:
2026-10-10T18:35:39.7501658Z ⚠ [3492/3520] Replayed MinorFreeSpanners.DisjointCopies
2026-10-10T18:35:39.7502696Z warning: Multiplicative Spanners in Minor-Free Graphs/MinorFreeSpanners/DisjointCopies.lean:80:0: automatically included section variable(s) unused in theorem `MinorFreeSpanners.copyGraph.edge_count`:
2026-10-10T18:35:39.7507742Z ⚠ [3495/3520] Replayed MinorFreeSpanners.CoreExtraction
2026-10-10T18:35:39.7509087Z warning: Multiplicative Spanners in Minor-Free Graphs/MinorFreeSpanners/CoreExtraction.lean:9:0: automatically included section variable(s) unused in theorem `MinorFreeSpanners.GirthAbove.mono`:
2026-10-10T18:35:39.7514128Z ⚠ [3496/3520] Replayed MinorFreeSpanners.DensityAlgebra
2026-10-10T18:35:39.7515364Z warning: Multiplicative Spanners in Minor-Free Graphs/MinorFreeSpanners/DensityAlgebra.lean:13:31: Variable name `hm` is not explicitly referenced.
2026-10-10T18:35:39.7519832Z ⚠ [3497/3520] Replayed MinorFreeSpanners.CoreParameters
2026-10-10T18:35:39.7521039Z warning: Multiplicative Spanners in Minor-Free Graphs/MinorFreeSpanners/CoreParameters.lean:44:78: Unused tactic linter: `ring` does nothing
2026-10-10T18:35:39.7523886Z warning: Multiplicative Spanners in Minor-Free Graphs/MinorFreeSpanners/CoreParameters.lean:44:78: this tactic is never executed
2026-10-10T18:35:39.7526934Z warning: Multiplicative Spanners in Minor-Free Graphs/MinorFreeSpanners/CoreParameters.lean:69:62: Used `tac1 <;> tac2` where `(tac1; tac2)` would suffice
2026-10-10T18:35:39.7529320Z ⚠ [3504/3520] Replayed MinorFreeSpanners.StarLowerBound
2026-10-10T18:35:39.7530926Z warning: Multiplicative Spanners in Minor-Free Graphs/MinorFreeSpanners/StarLowerBound.lean:43:0: automatically included section variable(s) unused in theorem `MinorFreeSpanners.star_girth`:
2026-10-10T18:35:39.7536586Z ⚠ [3506/3520] Replayed MinorFreeSpanners.Claim19Counterexample
2026-10-10T18:35:39.7537864Z warning: Multiplicative Spanners in Minor-Free Graphs/MinorFreeSpanners/Claim19Counterexample.lean:75:63: This simp argument is unused:
2026-10-10T18:35:39.7541920Z ⚠ [3515/3520] Replayed MinorFreeSpanners.SubdivisionMinor
2026-10-10T18:35:39.7543343Z warning: Multiplicative Spanners in Minor-Free Graphs/MinorFreeSpanners/SubdivisionMinor.lean:145:2: `push_neg` has been deprecated. Prefer using `push Not` instead.
2026-10-10T18:35:39.7548311Z Build completed successfully (3520 jobs).
2026-10-10T18:35:47.6558078Z Build completed successfully (6 jobs).
2026-10-10T18:36:13.2483957Z Build completed successfully (142 jobs).
2026-10-10T18:36:23.0293018Z Axiom audit passed: 195 declarations defined in VFTSpanners modules; allowed axioms: [propext,
2026-10-10T18:36:23.0310515Z Axiom audit passed: 984 declarations defined in LinearDistancePreservers modules; allowed axioms: [propext,
2026-10-10T18:36:23.0312783Z Axiom audit passed: 279 declarations defined in LightSpanners modules; allowed axioms: [propext,
2026-10-10T18:36:23.0314604Z Axiom audit passed: 440 declarations defined in DegreeFaultSpanners modules; allowed axioms: [propext,
2026-10-10T18:36:23.0316892Z Axiom audit passed: 612 declarations defined in LengthExpander modules; allowed axioms: [propext,
2026-10-10T18:36:23.0318728Z Axiom audit passed: 286 declarations defined in MinorFreeSpanners modules; allowed axioms: [propext,
2026-10-10T18:54:58.4674883Z replaying MinorFreeSpanners.AllCliqueOrdersLowerBound
2026-10-10T18:55:05.9833634Z replaying MinorFreeSpanners.Claim19Counterexample
2026-10-10T18:55:13.4327202Z replaying MinorFreeSpanners.ClusterClaim23
2026-10-10T18:55:20.8977396Z replaying MinorFreeSpanners.ClusterEdgeWeights
2026-10-10T18:55:28.3834868Z replaying MinorFreeSpanners.ClusterGirth
2026-10-10T18:55:35.8876798Z replaying MinorFreeSpanners.ClusterGraph
2026-10-10T18:55:43.4861870Z replaying MinorFreeSpanners.ClusterWalkLift
2026-10-10T18:55:50.9277484Z replaying MinorFreeSpanners.CoreExtraction
2026-10-10T18:55:58.9766498Z replaying MinorFreeSpanners.CoreParameters
2026-10-10T18:56:06.4459126Z replaying MinorFreeSpanners.CycleEdgeRemoval
2026-10-10T18:56:14.4710054Z replaying MinorFreeSpanners.DensityAlgebra
2026-10-10T18:56:22.5564683Z replaying MinorFreeSpanners.DensityLinearLoss
2026-10-10T18:56:30.0185915Z replaying MinorFreeSpanners.DisjointCopies
2026-10-10T18:56:37.5840442Z replaying MinorFreeSpanners.ExactSizeLowerBound
2026-10-10T18:56:45.0168401Z replaying MinorFreeSpanners.GirthComponents
2026-10-10T18:56:53.0715429Z replaying MinorFreeSpanners.GirthConjectureLowerBound
2026-10-10T18:57:00.5475116Z replaying MinorFreeSpanners.Greedy
2026-10-10T18:57:07.9931871Z replaying MinorFreeSpanners.IntrinsicGirthGap
2026-10-10T18:57:15.4931144Z replaying MinorFreeSpanners.IsolatedPadding
2026-10-10T18:57:22.9253474Z replaying MinorFreeSpanners.LowerBound
2026-10-10T18:57:30.2694908Z replaying MinorFreeSpanners.Minor
2026-10-10T18:57:37.5801028Z replaying MinorFreeSpanners.MinorComposition
2026-10-10T18:57:44.8763582Z replaying MinorFreeSpanners.MinorEdgeCount
2026-10-10T18:57:52.3641963Z replaying MinorFreeSpanners.MinorNormalization
2026-10-10T18:57:59.6957540Z replaying MinorFreeSpanners.MinorRestriction
2026-10-10T18:58:07.0199133Z replaying MinorFreeSpanners.MinorSingletonDegree
2026-10-10T18:58:14.7103672Z replaying MinorFreeSpanners.Moore
2026-10-10T18:58:22.0476061Z replaying MinorFreeSpanners.SmallMinors
2026-10-10T18:58:29.4843397Z replaying MinorFreeSpanners.StarLowerBound
2026-10-10T18:58:36.8845666Z replaying MinorFreeSpanners.SubdivisionMinor
