2026-10-10T21:56:23.2992108Z ✔ [3454/3499] Built MinorFreeSpanners.Minor (2.3s)
2026-10-10T21:56:24.6017922Z ⚠ [3458/3565] Built MinorFreeSpanners.DensityAlgebra (3.5s)
2026-10-10T21:56:24.6035696Z warning: Multiplicative Spanners in Minor-Free Graphs/MinorFreeSpanners/DensityAlgebra.lean:13:31: Variable name `hm` is not explicitly referenced.
2026-10-10T21:56:26.6135646Z ⚠ [3462/3565] Built MinorFreeSpanners.Greedy (3.0s)
2026-10-10T21:56:26.6155770Z warning: Multiplicative Spanners in Minor-Free Graphs/MinorFreeSpanners/Greedy.lean:16:0: automatically included section variable(s) unused in theorem `MinorFreeSpanners.weightedGirth_girth`:
2026-10-10T21:56:26.6366771Z warning: Multiplicative Spanners in Minor-Free Graphs/MinorFreeSpanners/Greedy.lean:61:20: Used `tac1 <;> tac2` where `(tac1; tac2)` would suffice
2026-10-10T21:56:26.6369487Z warning: Multiplicative Spanners in Minor-Free Graphs/MinorFreeSpanners/Greedy.lean:61:34: Used `tac1 <;> tac2` where `(tac1; tac2)` would suffice
2026-10-10T21:56:26.7131218Z ⚠ [3463/3565] Built MinorFreeSpanners.MinorEdgeCount (2.1s)
2026-10-10T21:56:26.7156276Z warning: Multiplicative Spanners in Minor-Free Graphs/MinorFreeSpanners/MinorEdgeCount.lean:32:0: automatically included section variable(s) unused in theorem `MinorFreeSpanners.MinorModel.edge_count_le`:
2026-10-10T21:56:28.7187854Z ⚠ [3464/3565] Built MinorFreeSpanners.RobustCommonNeighbors (3.2s)
2026-10-10T21:56:28.7215691Z warning: Multiplicative Spanners in Minor-Free Graphs/MinorFreeSpanners/RobustCommonNeighbors.lean:42:4: `push_neg` has been deprecated. Prefer using `push Not` instead.
2026-10-10T21:56:29.0193001Z ✔ [3465/3565] Built MinorFreeSpanners.CliqueDensityBudget (4.2s)
2026-10-10T21:56:29.9244757Z ✔ [3466/3565] Built MinorFreeSpanners.ExtendCliqueModel (3.2s)
2026-10-10T21:56:30.0254763Z ✔ [3467/3565] Built MinorFreeSpanners.DenseGraphDiameter (3.5s)
2026-10-10T21:56:30.3305834Z ✔ [3468/3565] Built MinorFreeSpanners.SimpleRelationPath (1.6s)
2026-10-10T21:56:31.1315545Z ✔ [3470/3565] Built MinorFreeSpanners.SmallMinors (2.1s)
2026-10-10T21:56:33.4355745Z ✔ [3472/3565] Built MinorFreeSpanners.DensityLinearLoss (3.5s)
2026-10-10T21:56:34.0414795Z ✔ [3473/3565] Built MinorFreeSpanners.Moore (2.9s)
2026-10-10T21:56:35.5495762Z ✔ [3474/3565] Built MinorFreeSpanners.IntrinsicGirthGap (2.1s)
2026-10-10T21:56:35.9513974Z ✔ [3475/3565] Built MinorFreeSpanners.CycleEdgeRemoval (2.7s)
2026-10-10T21:56:37.2545978Z ⚠ [3476/3565] Built MinorFreeSpanners.Claim19Counterexample (3.2s)
2026-10-10T21:56:37.2575585Z warning: Multiplicative Spanners in Minor-Free Graphs/MinorFreeSpanners/Claim19Counterexample.lean:75:63: This simp argument is unused:
2026-10-10T21:56:37.8555707Z ⚠ [3477/3565] Built MinorFreeSpanners.LowerBound (2.3s)
2026-10-10T21:56:37.8566027Z warning: Multiplicative Spanners in Minor-Free Graphs/MinorFreeSpanners/LowerBound.lean:12:0: automatically included section variable(s) unused in theorem `MinorFreeSpanners.high_girth_spanner_eq`:
2026-10-10T21:56:38.2595678Z ✔ [3478/3565] Built MinorFreeSpanners.MinorComposition (2.2s)
2026-10-10T21:56:40.1602807Z ⚠ [3479/3565] Built MinorFreeSpanners.CoreParameters (10s)
2026-10-10T21:56:40.1625772Z warning: Multiplicative Spanners in Minor-Free Graphs/MinorFreeSpanners/CoreParameters.lean:44:78: Unused tactic linter: `ring` does nothing
2026-10-10T21:56:40.1675204Z warning: Multiplicative Spanners in Minor-Free Graphs/MinorFreeSpanners/CoreParameters.lean:44:78: this tactic is never executed
2026-10-10T21:56:40.1706330Z warning: Multiplicative Spanners in Minor-Free Graphs/MinorFreeSpanners/CoreParameters.lean:69:62: Used `tac1 <;> tac2` where `(tac1; tac2)` would suffice
2026-10-10T21:56:40.9615987Z ✔ [3481/3565] Built MinorFreeSpanners.InducedDegreeBudget (3.7s)
2026-10-10T21:56:41.1625727Z ✔ [3482/3565] Built MinorFreeSpanners.FiniteSeparatedSide (3.3s)
2026-10-10T21:56:41.6685944Z ✔ [3483/3565] Built MinorFreeSpanners.GreedyNeighborhoodCover (3.4s)
2026-10-10T21:56:43.2735649Z ✔ [3484/3565] Built MinorFreeSpanners.MinorSingletonDegree (2.0s)
2026-10-10T21:56:43.9765739Z ⚠ [3485/3565] Built MinorFreeSpanners.MinorRestriction (2.4s)
2026-10-10T21:56:43.9795945Z warning: Multiplicative Spanners in Minor-Free Graphs/MinorFreeSpanners/MinorRestriction.lean:102:2: Try this: 
2026-10-10T21:56:44.7767996Z ✔ [3487/3565] Built MinorFreeSpanners.ClusterGraph (3.9s)
2026-10-10T21:56:47.6815747Z ✔ [3489/3565] Built MinorFreeSpanners.PostleBudget (3.6s)
2026-10-10T21:56:47.8826096Z ✔ [3490/3565] Built MinorFreeSpanners.PostleParameterBudget (4.7s)
2026-10-10T21:56:48.3835619Z ✔ [3491/3565] Built MinorFreeSpanners.RobustCoreDeletion (3.6s)
2026-10-10T21:56:48.9835825Z ✔ [3492/3565] Built MinorFreeSpanners.RobustSubgraph (3.4s)
2026-10-10T21:56:50.6886000Z ⚠ [3493/3565] Built MinorFreeSpanners.SubdivisionMinor (2.3s)
2026-10-10T21:56:50.6944866Z warning: Multiplicative Spanners in Minor-Free Graphs/MinorFreeSpanners/SubdivisionMinor.lean:145:2: `push_neg` has been deprecated. Prefer using `push Not` instead.
2026-10-10T21:56:50.9848129Z ✔ [3494/3565] Built MinorFreeSpanners.BoundedMinor (1.0s)
2026-10-10T21:56:51.2876810Z ✔ [3495/3565] Built MinorFreeSpanners.ConnectFiniteSet (3.4s)
2026-10-10T21:56:51.3885694Z ✔ [3496/3565] Built MinorFreeSpanners.GreedyDominatingSet (3.8s)
2026-10-10T21:56:52.7916387Z ✔ [3497/3565] Built MinorFreeSpanners.MinorWeakMap (1.8s)
2026-10-10T21:56:53.2976009Z ✔ [3498/3565] Built MinorFreeSpanners.GirthComponents (2.0s)
2026-10-10T21:56:53.7005720Z ✔ [3499/3565] Built MinorFreeSpanners.ClusterEdgeWeights (2.3s)
2026-10-10T21:56:55.4036050Z ✔ [3500/3565] Built MinorFreeSpanners.ClusterWalkLift (2.6s)
2026-10-10T21:56:55.7036082Z ⚠ [3501/3565] Built MinorFreeSpanners.StarLowerBound (2.4s)
2026-10-10T21:56:55.7066327Z warning: Multiplicative Spanners in Minor-Free Graphs/MinorFreeSpanners/StarLowerBound.lean:43:0: automatically included section variable(s) unused in theorem `MinorFreeSpanners.star_girth`:
2026-10-10T21:56:58.5105852Z ✔ [3503/3565] Built MinorFreeSpanners.MinorNormalization (2.8s)
2026-10-10T21:57:00.4135752Z ⚠ [3504/3565] Built MinorFreeSpanners.EdgeContraction (2.2s)
2026-10-10T21:57:00.4165669Z warning: Multiplicative Spanners in Minor-Free Graphs/MinorFreeSpanners/EdgeContraction.lean:79:2: try 'simp' instead of 'simpa'
2026-10-10T21:57:01.4185684Z ⚠ [3505/3565] Built MinorFreeSpanners.TriangleMinor (10s)
2026-10-10T21:57:01.4215662Z warning: Multiplicative Spanners in Minor-Free Graphs/MinorFreeSpanners/TriangleMinor.lean:32:24: try 'simp' instead of 'simpa'
2026-10-10T21:57:01.4275391Z warning: Multiplicative Spanners in Minor-Free Graphs/MinorFreeSpanners/TriangleMinor.lean:34:10: try 'simp' instead of 'simpa'
2026-10-10T21:57:01.4336795Z warning: Multiplicative Spanners in Minor-Free Graphs/MinorFreeSpanners/TriangleMinor.lean:36:24: try 'simp' instead of 'simpa'
2026-10-10T21:57:01.4415568Z warning: Multiplicative Spanners in Minor-Free Graphs/MinorFreeSpanners/TriangleMinor.lean:38:10: try 'simp' instead of 'simpa'
2026-10-10T21:57:01.4485304Z warning: Multiplicative Spanners in Minor-Free Graphs/MinorFreeSpanners/TriangleMinor.lean:44:18: try 'simp' instead of 'simpa'
2026-10-10T21:57:01.4546530Z warning: Multiplicative Spanners in Minor-Free Graphs/MinorFreeSpanners/TriangleMinor.lean:50:19: `if_pos` has been deprecated: Use `ite_eq_left` instead
2026-10-10T21:57:01.4575264Z warning: Multiplicative Spanners in Minor-Free Graphs/MinorFreeSpanners/TriangleMinor.lean:50:19: This simp argument is unused:
2026-10-10T21:57:01.4726230Z warning: Multiplicative Spanners in Minor-Free Graphs/MinorFreeSpanners/TriangleMinor.lean:50:30: This simp argument is unused:
2026-10-10T21:57:02.0183899Z ✔ [3506/3565] Built MinorFreeSpanners.SmallConnectedCover (3.6s)
2026-10-10T21:57:02.7226061Z ⚠ [3507/3565] Built MinorFreeSpanners.LeafMinor (2.4s)
2026-10-10T21:57:02.7228342Z warning: Multiplicative Spanners in Minor-Free Graphs/MinorFreeSpanners/LeafMinor.lean:30:0: automatically included section variable(s) unused in theorem `MinorFreeSpanners.leafExtension.new_degree_le_one`:
2026-10-10T21:57:02.7406658Z warning: Multiplicative Spanners in Minor-Free Graphs/MinorFreeSpanners/LeafMinor.lean:46:2: `push_neg` has been deprecated. Prefer using `push Not` instead.
2026-10-10T21:57:02.7555777Z warning: Multiplicative Spanners in Minor-Free Graphs/MinorFreeSpanners/LeafMinor.lean:57:0: automatically included section variable(s) unused in theorem `MinorFreeSpanners.leafExtension.branch_root`:
2026-10-10T21:57:03.6234562Z ⚠ [3508/3565] Built MinorFreeSpanners.PostleMates (8.2s)
2026-10-10T21:57:03.6265601Z warning: Multiplicative Spanners in Minor-Free Graphs/MinorFreeSpanners/PostleMates.lean:105:4: `push_neg` has been deprecated. Prefer using `push Not` instead.
2026-10-10T21:57:04.0231308Z ⚠ [3509/3565] Built MinorFreeSpanners.DisjointCopies (2.6s)
2026-10-10T21:57:04.0256117Z warning: Multiplicative Spanners in Minor-Free Graphs/MinorFreeSpanners/DisjointCopies.lean:80:0: automatically included section variable(s) unused in theorem `MinorFreeSpanners.copyGraph.edge_count`:
2026-10-10T21:57:04.5275987Z ✔ [3510/3565] Built MinorFreeSpanners.RootedCompletion (2.4s)
2026-10-10T21:57:06.5323922Z ✔ [3511/3565] Built MinorFreeSpanners.EdgeContractionCount (2.5s)
2026-10-10T21:57:07.8415751Z ✔ [3513/3565] Built MinorFreeSpanners.ResidualConnectedCover (3.4s)
2026-10-10T21:57:08.2395896Z ✔ [3514/3565] Built MinorFreeSpanners.ClusterGirth (5.5s)
2026-10-10T21:57:09.9425816Z ✔ [3515/3565] Built MinorFreeSpanners.PostleSubgraphUnmated (3.3s)
2026-10-10T21:57:10.5455611Z ✔ [3516/3565] Built MinorFreeSpanners.PostlePullback (4.1s)
2026-10-10T21:57:11.2538793Z ⚠ [3517/3565] Built MinorFreeSpanners.PostleBipartiteTrim (3.3s)
2026-10-10T21:57:11.2567477Z warning: Multiplicative Spanners in Minor-Free Graphs/MinorFreeSpanners/PostleBipartiteTrim.lean:37:2: Try this: 
2026-10-10T21:57:11.2595065Z warning: Multiplicative Spanners in Minor-Free Graphs/MinorFreeSpanners/PostleBipartiteTrim.lean:57:17: `dif_pos` has been deprecated: Use `dite_eq_left` instead
2026-10-10T21:57:11.5585590Z ⚠ [3518/3565] Built MinorFreeSpanners.MateFreeSets (3.3s)
2026-10-10T21:57:11.5587186Z warning: Multiplicative Spanners in Minor-Free Graphs/MinorFreeSpanners/MateFreeSets.lean:30:0: automatically included section variable(s) unused in theorem `MinorFreeSpanners.bipartite_commonNeighbors_empty`:
2026-10-10T21:57:12.3605708Z ✔ [3519/3565] Built MinorFreeSpanners.IsolatedPadding (2.4s)
2026-10-10T21:57:13.0608845Z ✔ [3520/3565] Built MinorFreeSpanners.CompletionMinor (2.5s)
2026-10-10T21:57:14.6655916Z ✔ [3522/3565] Built MinorFreeSpanners.ClusterClaim23 (2.3s)
2026-10-10T21:57:15.8695765Z ✔ [3523/3565] Built MinorFreeSpanners.RobustCliqueConstruction (4.3s)
2026-10-10T21:57:16.7705752Z ✔ [3524/3565] Built MinorFreeSpanners.FiniteStarPacking (3.7s)
2026-10-10T21:57:17.1726015Z ✔ [3525/3565] Built MinorFreeSpanners.ExactSizeLowerBound (2.7s)
2026-10-10T21:57:19.6736408Z ⚠ [3527/3565] Built MinorFreeSpanners.CoreExtraction (2.5s)
2026-10-10T21:57:19.6786303Z warning: Multiplicative Spanners in Minor-Free Graphs/MinorFreeSpanners/CoreExtraction.lean:9:0: automatically included section variable(s) unused in theorem `MinorFreeSpanners.GirthAbove.mono`:
2026-10-10T21:57:20.8781256Z ✔ [3530/3565] Built MinorFreeSpanners.StarPathAugmentation (4.1s)
2026-10-10T21:57:21.9805779Z ⚠ [3531/3565] Built MinorFreeSpanners.MinimalDenseMinor (2.3s)
2026-10-10T21:57:21.9845149Z warning: Multiplicative Spanners in Minor-Free Graphs/MinorFreeSpanners/MinimalDenseMinor.lean:41:2: Try this: 
2026-10-10T21:57:22.0046357Z warning: Multiplicative Spanners in Minor-Free Graphs/MinorFreeSpanners/MinimalDenseMinor.lean:88:2: Try this: 
2026-10-10T21:57:25.3895805Z ✔ [3534/3565] Built MinorFreeSpanners.StarCenterReachability (3.4s)
2026-10-10T21:57:26.5055888Z ⚠ [3535/3565] Built MinorFreeSpanners.DenseMinorNeighborhood (3.1s)
2026-10-10T21:57:26.5057483Z warning: Multiplicative Spanners in Minor-Free Graphs/MinorFreeSpanners/DenseMinorNeighborhood.lean:35:4: try 'simp' instead of 'simpa'
2026-10-10T21:57:26.5116215Z warning: Multiplicative Spanners in Minor-Free Graphs/MinorFreeSpanners/DenseMinorNeighborhood.lean:64:4: try 'simp' instead of 'simpa'
2026-10-10T21:57:27.8080127Z ✔ [3537/3565] Built MinorFreeSpanners.GirthConjectureLowerBound (7.9s)
2026-10-10T21:57:30.1186281Z ✔ [3539/3565] Built MinorFreeSpanners.StarConflictCount (3.6s)
2026-10-10T21:57:31.2208033Z ✔ [3540/3565] Built MinorFreeSpanners.LogarithmicCliqueThreshold (3.8s)
2026-10-10T21:57:32.8265869Z ✔ [3542/3565] Built MinorFreeSpanners.AllCliqueOrdersLowerBound (3.9s)
2026-10-10T21:57:35.1305747Z ✔ [3544/3565] Built MinorFreeSpanners.StarPackingSelection (3.9s)
2026-10-10T21:57:39.0505803Z ✔ [3548/3565] Built MinorFreeSpanners.StarPackingMinor (3.8s)
2026-10-10T21:57:40.2545313Z ⚠ [3549/3565] Built MinorFreeSpanners.ConnectedLowerBound (5.2s)
2026-10-10T21:57:40.2606008Z warning: Multiplicative Spanners in Minor-Free Graphs/MinorFreeSpanners/ConnectedLowerBound.lean:13:0: automatically included section variable(s) unused in theorem `MinorFreeSpanners.unit_tree_weight`:
2026-10-10T21:57:40.2611632Z warning: Multiplicative Spanners in Minor-Free Graphs/MinorFreeSpanners/ConnectedLowerBound.lean:30:0: automatically included section variable(s) unused in theorem `MinorFreeSpanners.unit_spanner_self`:
2026-10-10T21:57:40.2618465Z warning: Multiplicative Spanners in Minor-Free Graphs/MinorFreeSpanners/ConnectedLowerBound.lean:58:2: Try this: 
2026-10-10T21:57:42.3615698Z ✔ [3551/3565] Built MinorFreeSpanners.MateAugmentation (3.4s)
2026-10-10T21:57:42.7590115Z ✔ [3552/3565] Built MinorFreeSpanners.FullStarContraction (3.8s)
2026-10-10T21:57:43.7601483Z ✔ [3553/3565] Built MinorFreeSpanners.ThreeMinorNormalization (3.5s)
2026-10-10T21:57:45.1620027Z ✔ [3555/3565] Built MinorFreeSpanners.MateFreeStarSelection (2.8s)
2026-10-10T21:57:47.2637153Z ✔ [3556/3565] Built MinorFreeSpanners.MateFreeStarContraction (2.1s)
2026-10-10T21:57:49.2676062Z ✔ [3558/3565] Built MinorFreeSpanners (1.0s)
2026-10-10T21:58:28.4709841Z ⚠ [3486/3565] Replayed MinorFreeSpanners.MinorEdgeCount
2026-10-10T21:58:28.4710747Z warning: Multiplicative Spanners in Minor-Free Graphs/MinorFreeSpanners/MinorEdgeCount.lean:32:0: automatically included section variable(s) unused in theorem `MinorFreeSpanners.MinorModel.edge_count_le`:
2026-10-10T21:58:28.4713713Z ⚠ [3488/3565] Replayed MinorFreeSpanners.MinorRestriction
2026-10-10T21:58:28.4714550Z warning: Multiplicative Spanners in Minor-Free Graphs/MinorFreeSpanners/MinorRestriction.lean:102:2: Try this: 
2026-10-10T21:58:28.4717235Z ⚠ [3489/3565] Replayed MinorFreeSpanners.Greedy
2026-10-10T21:58:28.4718071Z warning: Multiplicative Spanners in Minor-Free Graphs/MinorFreeSpanners/Greedy.lean:16:0: automatically included section variable(s) unused in theorem `MinorFreeSpanners.weightedGirth_girth`:
2026-10-10T21:58:28.4721268Z warning: Multiplicative Spanners in Minor-Free Graphs/MinorFreeSpanners/Greedy.lean:61:20: Used `tac1 <;> tac2` where `(tac1; tac2)` would suffice
2026-10-10T21:58:28.4722787Z warning: Multiplicative Spanners in Minor-Free Graphs/MinorFreeSpanners/Greedy.lean:61:34: Used `tac1 <;> tac2` where `(tac1; tac2)` would suffice
2026-10-10T21:58:28.4724033Z ⚠ [3490/3565] Replayed MinorFreeSpanners.LowerBound
2026-10-10T21:58:28.4725260Z warning: Multiplicative Spanners in Minor-Free Graphs/MinorFreeSpanners/LowerBound.lean:12:0: automatically included section variable(s) unused in theorem `MinorFreeSpanners.high_girth_spanner_eq`:
2026-10-10T21:58:28.4727970Z ⚠ [3492/3565] Replayed MinorFreeSpanners.DisjointCopies
2026-10-10T21:58:28.4728854Z warning: Multiplicative Spanners in Minor-Free Graphs/MinorFreeSpanners/DisjointCopies.lean:80:0: automatically included section variable(s) unused in theorem `MinorFreeSpanners.copyGraph.edge_count`:
2026-10-10T21:58:28.4731833Z ⚠ [3495/3565] Replayed MinorFreeSpanners.CoreExtraction
2026-10-10T21:58:28.4732690Z warning: Multiplicative Spanners in Minor-Free Graphs/MinorFreeSpanners/CoreExtraction.lean:9:0: automatically included section variable(s) unused in theorem `MinorFreeSpanners.GirthAbove.mono`:
2026-10-10T21:58:28.4736064Z ⚠ [3496/3565] Replayed MinorFreeSpanners.DensityAlgebra
2026-10-10T21:58:28.4736747Z warning: Multiplicative Spanners in Minor-Free Graphs/MinorFreeSpanners/DensityAlgebra.lean:13:31: Variable name `hm` is not explicitly referenced.
2026-10-10T21:58:28.4739129Z ⚠ [3497/3565] Replayed MinorFreeSpanners.CoreParameters
2026-10-10T21:58:28.4739818Z warning: Multiplicative Spanners in Minor-Free Graphs/MinorFreeSpanners/CoreParameters.lean:44:78: Unused tactic linter: `ring` does nothing
2026-10-10T21:58:28.4741273Z warning: Multiplicative Spanners in Minor-Free Graphs/MinorFreeSpanners/CoreParameters.lean:44:78: this tactic is never executed
2026-10-10T21:58:28.4742775Z warning: Multiplicative Spanners in Minor-Free Graphs/MinorFreeSpanners/CoreParameters.lean:69:62: Used `tac1 <;> tac2` where `(tac1; tac2)` would suffice
2026-10-10T21:58:28.4744093Z ⚠ [3504/3565] Replayed MinorFreeSpanners.StarLowerBound
2026-10-10T21:58:28.4745086Z warning: Multiplicative Spanners in Minor-Free Graphs/MinorFreeSpanners/StarLowerBound.lean:43:0: automatically included section variable(s) unused in theorem `MinorFreeSpanners.star_girth`:
2026-10-10T21:58:28.4748055Z ⚠ [3507/3565] Replayed MinorFreeSpanners.Claim19Counterexample
2026-10-10T21:58:28.4748755Z warning: Multiplicative Spanners in Minor-Free Graphs/MinorFreeSpanners/Claim19Counterexample.lean:75:63: This simp argument is unused:
2026-10-10T21:58:28.4750933Z ⚠ [3518/3565] Replayed MinorFreeSpanners.LeafMinor
2026-10-10T21:58:28.4751818Z warning: Multiplicative Spanners in Minor-Free Graphs/MinorFreeSpanners/LeafMinor.lean:30:0: automatically included section variable(s) unused in theorem `MinorFreeSpanners.leafExtension.new_degree_le_one`:
2026-10-10T21:58:28.4755116Z warning: Multiplicative Spanners in Minor-Free Graphs/MinorFreeSpanners/LeafMinor.lean:46:2: `push_neg` has been deprecated. Prefer using `push Not` instead.
2026-10-10T21:58:28.4758334Z warning: Multiplicative Spanners in Minor-Free Graphs/MinorFreeSpanners/LeafMinor.lean:57:0: automatically included section variable(s) unused in theorem `MinorFreeSpanners.leafExtension.branch_root`:
2026-10-10T21:58:28.4761353Z ⚠ [3520/3565] Replayed MinorFreeSpanners.RobustCommonNeighbors
2026-10-10T21:58:28.4762160Z warning: Multiplicative Spanners in Minor-Free Graphs/MinorFreeSpanners/RobustCommonNeighbors.lean:42:4: `push_neg` has been deprecated. Prefer using `push Not` instead.
2026-10-10T21:58:28.4765227Z ⚠ [3523/3565] Replayed MinorFreeSpanners.ConnectedLowerBound
2026-10-10T21:58:28.4766178Z warning: Multiplicative Spanners in Minor-Free Graphs/MinorFreeSpanners/ConnectedLowerBound.lean:13:0: automatically included section variable(s) unused in theorem `MinorFreeSpanners.unit_tree_weight`:
2026-10-10T21:58:28.4769443Z warning: Multiplicative Spanners in Minor-Free Graphs/MinorFreeSpanners/ConnectedLowerBound.lean:30:0: automatically included section variable(s) unused in theorem `MinorFreeSpanners.unit_spanner_self`:
2026-10-10T21:58:28.4772569Z warning: Multiplicative Spanners in Minor-Free Graphs/MinorFreeSpanners/ConnectedLowerBound.lean:58:2: Try this: 
2026-10-10T21:58:28.4775636Z ⚠ [3525/3565] Replayed MinorFreeSpanners.MinimalDenseMinor
2026-10-10T21:58:28.4776391Z warning: Multiplicative Spanners in Minor-Free Graphs/MinorFreeSpanners/MinimalDenseMinor.lean:41:2: Try this: 
2026-10-10T21:58:28.4779330Z warning: Multiplicative Spanners in Minor-Free Graphs/MinorFreeSpanners/MinimalDenseMinor.lean:88:2: Try this: 
2026-10-10T21:58:28.4781995Z ⚠ [3526/3565] Replayed MinorFreeSpanners.EdgeContraction
2026-10-10T21:58:28.4782635Z warning: Multiplicative Spanners in Minor-Free Graphs/MinorFreeSpanners/EdgeContraction.lean:79:2: try 'simp' instead of 'simpa'
2026-10-10T21:58:28.4783894Z ⚠ [3528/3565] Replayed MinorFreeSpanners.DenseMinorNeighborhood
2026-10-10T21:58:28.4784738Z warning: Multiplicative Spanners in Minor-Free Graphs/MinorFreeSpanners/DenseMinorNeighborhood.lean:35:4: try 'simp' instead of 'simpa'
2026-10-10T21:58:28.4786226Z warning: Multiplicative Spanners in Minor-Free Graphs/MinorFreeSpanners/DenseMinorNeighborhood.lean:64:4: try 'simp' instead of 'simpa'
2026-10-10T21:58:28.4787455Z ⚠ [3533/3565] Replayed MinorFreeSpanners.PostleMates
2026-10-10T21:58:28.4788163Z warning: Multiplicative Spanners in Minor-Free Graphs/MinorFreeSpanners/PostleMates.lean:105:4: `push_neg` has been deprecated. Prefer using `push Not` instead.
2026-10-10T21:58:28.4790772Z ⚠ [3534/3565] Replayed MinorFreeSpanners.MateFreeSets
2026-10-10T21:58:28.4791680Z warning: Multiplicative Spanners in Minor-Free Graphs/MinorFreeSpanners/MateFreeSets.lean:30:0: automatically included section variable(s) unused in theorem `MinorFreeSpanners.bipartite_commonNeighbors_empty`:
2026-10-10T21:58:28.4794541Z ⚠ [3554/3565] Replayed MinorFreeSpanners.SubdivisionMinor
2026-10-10T21:58:28.4795302Z warning: Multiplicative Spanners in Minor-Free Graphs/MinorFreeSpanners/SubdivisionMinor.lean:145:2: `push_neg` has been deprecated. Prefer using `push Not` instead.
2026-10-10T21:58:28.4798271Z ⚠ [3557/3565] Replayed MinorFreeSpanners.PostleBipartiteTrim
2026-10-10T21:58:28.4798867Z warning: Multiplicative Spanners in Minor-Free Graphs/MinorFreeSpanners/PostleBipartiteTrim.lean:37:2: Try this: 
2026-10-10T21:58:28.4801851Z warning: Multiplicative Spanners in Minor-Free Graphs/MinorFreeSpanners/PostleBipartiteTrim.lean:57:17: `dif_pos` has been deprecated: Use `dite_eq_left` instead
2026-10-10T21:58:28.4802633Z ⚠ [3562/3565] Replayed MinorFreeSpanners.TriangleMinor
2026-10-10T21:58:28.4803259Z warning: Multiplicative Spanners in Minor-Free Graphs/MinorFreeSpanners/TriangleMinor.lean:32:24: try 'simp' instead of 'simpa'
2026-10-10T21:58:28.4804799Z warning: Multiplicative Spanners in Minor-Free Graphs/MinorFreeSpanners/TriangleMinor.lean:34:10: try 'simp' instead of 'simpa'
2026-10-10T21:58:28.4806234Z warning: Multiplicative Spanners in Minor-Free Graphs/MinorFreeSpanners/TriangleMinor.lean:36:24: try 'simp' instead of 'simpa'
2026-10-10T21:58:28.4807642Z warning: Multiplicative Spanners in Minor-Free Graphs/MinorFreeSpanners/TriangleMinor.lean:38:10: try 'simp' instead of 'simpa'
2026-10-10T21:58:28.4809025Z warning: Multiplicative Spanners in Minor-Free Graphs/MinorFreeSpanners/TriangleMinor.lean:44:18: try 'simp' instead of 'simpa'
2026-10-10T21:58:28.4810493Z warning: Multiplicative Spanners in Minor-Free Graphs/MinorFreeSpanners/TriangleMinor.lean:50:19: `if_pos` has been deprecated: Use `ite_eq_left` instead
2026-10-10T21:58:28.4811447Z warning: Multiplicative Spanners in Minor-Free Graphs/MinorFreeSpanners/TriangleMinor.lean:50:19: This simp argument is unused:
2026-10-10T21:58:28.4813701Z warning: Multiplicative Spanners in Minor-Free Graphs/MinorFreeSpanners/TriangleMinor.lean:50:30: This simp argument is unused:
2026-10-10T21:58:30.9953064Z ✔ [2/6] Built AxiomAudit (2.2s)
2026-10-10T21:58:31.6960816Z ✔ [3/6] Built AxiomAudit:c.o (666ms)
2026-10-10T21:58:35.9881888Z axiom-audit: audited 195 declaration(s) under 'VFTSpanners'; all within the allowlist [propext, Classical.choice, Quot.sound].
2026-10-10T21:59:03.3104247Z ##[group]Run lake env lean scripts/AxiomAudit.lean
2026-10-10T21:59:03.3104997Z [36;1mlake env lean scripts/AxiomAudit.lean[0m
2026-10-10T21:59:09.0503580Z Axiom audit passed: 195 declarations defined in VFTSpanners modules; allowed axioms: [propext,
2026-10-10T21:59:09.0505946Z Axiom audit passed: 984 declarations defined in LinearDistancePreservers modules; allowed axioms: [propext,
2026-10-10T21:59:09.0507965Z Axiom audit passed: 279 declarations defined in LightSpanners modules; allowed axioms: [propext,
2026-10-10T21:59:09.0509988Z Axiom audit passed: 440 declarations defined in DegreeFaultSpanners modules; allowed axioms: [propext,
2026-10-10T21:59:09.0512097Z Axiom audit passed: 612 declarations defined in LengthExpander modules; allowed axioms: [propext,
2026-10-10T21:59:09.0514970Z Axiom audit passed: 713 declarations defined in MinorFreeSpanners modules; allowed axioms: [propext,
2026-10-10T22:17:50.2725925Z replaying MinorFreeSpanners.AllCliqueOrdersLowerBound
2026-10-10T22:17:57.6197548Z replaying MinorFreeSpanners.BoundedMinor
2026-10-10T22:18:05.1187674Z replaying MinorFreeSpanners.Claim19Counterexample
2026-10-10T22:18:13.2413813Z replaying MinorFreeSpanners.CliqueDensityBudget
2026-10-10T22:18:20.7245460Z replaying MinorFreeSpanners.ClusterClaim23
2026-10-10T22:18:28.1806482Z replaying MinorFreeSpanners.ClusterEdgeWeights
2026-10-10T22:18:35.6535222Z replaying MinorFreeSpanners.ClusterGirth
2026-10-10T22:18:43.1447947Z replaying MinorFreeSpanners.ClusterGraph
2026-10-10T22:18:50.6514605Z replaying MinorFreeSpanners.ClusterWalkLift
2026-10-10T22:18:58.1297372Z replaying MinorFreeSpanners.CompletionMinor
2026-10-10T22:19:06.1596176Z replaying MinorFreeSpanners.ConnectFiniteSet
2026-10-10T22:19:14.3199982Z replaying MinorFreeSpanners.ConnectedLowerBound
2026-10-10T22:19:21.8112397Z replaying MinorFreeSpanners.CoreExtraction
2026-10-10T22:19:29.8762155Z replaying MinorFreeSpanners.CoreParameters
2026-10-10T22:19:37.3688182Z replaying MinorFreeSpanners.CycleEdgeRemoval
2026-10-10T22:19:45.4586720Z replaying MinorFreeSpanners.DenseGraphDiameter
2026-10-10T22:19:52.9452998Z replaying MinorFreeSpanners.DenseMinorNeighborhood
2026-10-10T22:20:00.9695481Z replaying MinorFreeSpanners.DensityAlgebra
2026-10-10T22:20:08.9925529Z replaying MinorFreeSpanners.DensityLinearLoss
2026-10-10T22:20:16.4304160Z replaying MinorFreeSpanners.DisjointCopies
2026-10-10T22:20:23.7992948Z replaying MinorFreeSpanners.EdgeContraction
2026-10-10T22:20:31.0789074Z replaying MinorFreeSpanners.EdgeContractionCount
2026-10-10T22:20:38.5325776Z replaying MinorFreeSpanners.ExactSizeLowerBound
2026-10-10T22:20:46.5332624Z replaying MinorFreeSpanners.ExtendCliqueModel
2026-10-10T22:20:54.5425516Z replaying MinorFreeSpanners.FiniteSeparatedSide
2026-10-10T22:21:02.5869803Z replaying MinorFreeSpanners.FiniteStarPacking
2026-10-10T22:21:10.6424849Z replaying MinorFreeSpanners.FullStarContraction
2026-10-10T22:21:18.1151756Z replaying MinorFreeSpanners.GirthComponents
2026-10-10T22:21:26.2368184Z replaying MinorFreeSpanners.GirthConjectureLowerBound
2026-10-10T22:21:33.7745569Z replaying MinorFreeSpanners.Greedy
2026-10-10T22:21:41.8395110Z replaying MinorFreeSpanners.GreedyDominatingSet
2026-10-10T22:21:49.8925328Z replaying MinorFreeSpanners.GreedyNeighborhoodCover
2026-10-10T22:21:58.0272528Z replaying MinorFreeSpanners.InducedDegreeBudget
2026-10-10T22:22:05.4940264Z replaying MinorFreeSpanners.IntrinsicGirthGap
2026-10-10T22:22:12.9833725Z replaying MinorFreeSpanners.IsolatedPadding
2026-10-10T22:22:20.3805971Z replaying MinorFreeSpanners.LeafMinor
2026-10-10T22:22:28.4896493Z replaying MinorFreeSpanners.LogarithmicCliqueThreshold
2026-10-10T22:22:35.9503794Z replaying MinorFreeSpanners.LowerBound
2026-10-10T22:22:43.9834920Z replaying MinorFreeSpanners.MateAugmentation
2026-10-10T22:22:52.0585904Z replaying MinorFreeSpanners.MateFreeSets
2026-10-10T22:23:00.1593993Z replaying MinorFreeSpanners.MateFreeStarContraction
2026-10-10T22:23:08.2037737Z replaying MinorFreeSpanners.MateFreeStarSelection
2026-10-10T22:23:15.7420744Z replaying MinorFreeSpanners.MinimalDenseMinor
2026-10-10T22:23:23.0985333Z replaying MinorFreeSpanners.Minor
2026-10-10T22:23:30.4363858Z replaying MinorFreeSpanners.MinorComposition
2026-10-10T22:23:37.8110312Z replaying MinorFreeSpanners.MinorEdgeCount
2026-10-10T22:23:45.3677826Z replaying MinorFreeSpanners.MinorNormalization
2026-10-10T22:23:52.7528985Z replaying MinorFreeSpanners.MinorRestriction
2026-10-10T22:24:00.1084823Z replaying MinorFreeSpanners.MinorSingletonDegree
2026-10-10T22:24:07.4674437Z replaying MinorFreeSpanners.MinorWeakMap
2026-10-10T22:24:15.1924001Z replaying MinorFreeSpanners.Moore
2026-10-10T22:24:23.1907905Z replaying MinorFreeSpanners.PostleBipartiteTrim
2026-10-10T22:24:31.2443299Z replaying MinorFreeSpanners.PostleBudget
2026-10-10T22:24:39.3020126Z replaying MinorFreeSpanners.PostleMates
2026-10-10T22:24:47.3824801Z replaying MinorFreeSpanners.PostleParameterBudget
2026-10-10T22:24:55.4545965Z replaying MinorFreeSpanners.PostlePullback
2026-10-10T22:25:03.4804808Z replaying MinorFreeSpanners.PostleSubgraphUnmated
2026-10-10T22:25:11.5067796Z replaying MinorFreeSpanners.ResidualConnectedCover
2026-10-10T22:25:19.5668645Z replaying MinorFreeSpanners.RobustCliqueConstruction
2026-10-10T22:25:27.6251558Z replaying MinorFreeSpanners.RobustCommonNeighbors
2026-10-10T22:25:35.6856514Z replaying MinorFreeSpanners.RobustCoreDeletion
2026-10-10T22:25:43.7238598Z replaying MinorFreeSpanners.RobustSubgraph
2026-10-10T22:25:51.2412554Z replaying MinorFreeSpanners.RootedCompletion
2026-10-10T22:25:58.4498506Z replaying MinorFreeSpanners.SimpleRelationPath
2026-10-10T22:26:06.4969967Z replaying MinorFreeSpanners.SmallConnectedCover
2026-10-10T22:26:13.8607213Z replaying MinorFreeSpanners.SmallMinors
2026-10-10T22:26:21.9573147Z replaying MinorFreeSpanners.StarCenterReachability
2026-10-10T22:26:29.9573837Z replaying MinorFreeSpanners.StarConflictCount
2026-10-10T22:26:37.4537619Z replaying MinorFreeSpanners.StarLowerBound
2026-10-10T22:26:45.5775414Z replaying MinorFreeSpanners.StarPackingMinor
2026-10-10T22:26:53.6300465Z replaying MinorFreeSpanners.StarPackingSelection
2026-10-10T22:27:01.7257104Z replaying MinorFreeSpanners.StarPathAugmentation
2026-10-10T22:27:09.1331253Z replaying MinorFreeSpanners.SubdivisionMinor
2026-10-10T22:27:17.1725505Z replaying MinorFreeSpanners.ThreeMinorNormalization
2026-10-10T22:27:24.5975143Z replaying MinorFreeSpanners.TriangleMinor
