2026-10-10T20:56:48.1231317Z ✔ [36/42] Built Cache.Upload.Defs (578ms)
2026-10-10T20:56:56.8215781Z Downloaded: 3155 file(s) [attempted 3155/8908 = 35%, 3157 KB/s], Decompressed: 156
2026-10-10T20:57:39.5285783Z ✔ [3113/3137] Built VFTSpanners.BlockingSet (2.7s)
2026-10-10T20:57:57.5780028Z   omit [Fintype V] [DecidableEq V] in theorem ...
2026-10-10T20:57:57.5780233Z 
2026-10-10T20:57:57.5780465Z Note: This linter can be disabled with `set_option linter.unusedSectionVars false`
2026-10-10T20:57:57.5781556Z warning: New Results on Linear Size Distance Preservers/LinearDistancePreservers/NativeWalkBridge.lean:33:0: automatically included section variable(s) unused in theorem `LinearDistancePreservers.ConsistentTiebreaking.cost_cons_cons`:
2026-10-10T20:57:57.5782546Z   [Fintype V]
2026-10-10T20:57:57.5782753Z   [DecidableEq V]
2026-10-10T20:57:57.5783209Z consider restructuring your `variable` declarations so that the variables are not in scope or explicitly omit them:
2026-10-10T20:57:57.5783772Z   omit [Fintype V] [DecidableEq V] in theorem ...
2026-10-10T20:57:57.5783975Z 
2026-10-10T20:57:57.5784195Z Note: This linter can be disabled with `set_option linter.unusedSectionVars false`
2026-10-10T20:59:40.2945789Z warning: Multiplicative Spanners in Minor-Free Graphs/MinorFreeSpanners/CoreParameters.lean:69:62: Used `tac1 <;> tac2` where `(tac1; tac2)` would suffice
2026-10-10T20:59:49.0075787Z   Set.mem_singleton_iff
2026-10-10T21:00:18.2922578Z ✔ [3537/3554] Built MinorFreeSpanners.LogarithmicCliqueThreshold (3.7s)
2026-10-10T21:00:18.8006578Z warning: Simple Length-Constrained Expander Decompositions/LengthExpander/NonnegativeCutSequence.lean:14:0: automatically included section variable(s) unused in theorem `LengthExpander.nonnegativeCuts_total`:
2026-10-10T21:00:37.0303853Z Build completed successfully (3554 jobs).
2026-10-10T21:01:04.5578156Z Note: This linter can be disabled with `set_option linter.unusedSectionVars false`
2026-10-10T21:01:04.5578980Z warning: New Results on Linear Size Distance Preservers/LinearDistancePreservers/NativeWalkBridge.lean:33:0: automatically included section variable(s) unused in theorem `LinearDistancePreservers.ConsistentTiebreaking.cost_cons_cons`:
2026-10-10T21:01:04.5619578Z 
2026-10-10T21:01:04.5657802Z   [Fintype V]
2026-10-10T21:01:04.5780032Z Note: This linter can be disabled with `set_option linter.style.haveILetI false`
2026-10-10T21:01:04.5780385Z ⚠ [3452/3554] Replayed LengthExpander.Metric
2026-10-10T21:01:04.5780877Z warning: Simple Length-Constrained Expander Decompositions/LengthExpander/Metric.lean:105:2: Used `tac1 <;> tac2` where `(tac1; tac2)` would suffice
2026-10-10T21:01:04.5781277Z 
2026-10-10T21:01:04.5781453Z Note: This linter can be disabled with `set_option linter.unnecessarySeqFocus false`
2026-10-10T21:01:04.5781840Z ⚠ [3454/3554] Replayed LengthExpander.FiniteTermination
2026-10-10T21:01:04.5782718Z warning: Simple Length-Constrained Expander Decompositions/LengthExpander/FiniteTermination.lean:65:8: automatically included section variable(s) unused in theorem `LengthExpander.totalCut_nil`:
2026-10-10T21:01:04.5783330Z   [Fintype V]
2026-10-10T21:01:04.5783674Z consider restructuring your `variable` declarations so that the variables are not in scope or explicitly omit them:
2026-10-10T21:01:04.5784071Z   omit [Fintype V] in theorem ...
2026-10-10T21:01:04.5784202Z 
2026-10-10T21:01:04.5784371Z Note: This linter can be disabled with `set_option linter.unusedSectionVars false`
2026-10-10T21:01:04.5785218Z warning: Simple Length-Constrained Expander Decompositions/LengthExpander/FiniteTermination.lean:67:8: automatically included section variable(s) unused in theorem `LengthExpander.totalCut_cons`:
2026-10-10T21:01:04.5785837Z   [Fintype V]
2026-10-10T21:01:04.5786181Z consider restructuring your `variable` declarations so that the variables are not in scope or explicitly omit them:
2026-10-10T21:01:04.5786593Z   omit [Fintype V] in theorem ...
2026-10-10T21:01:04.5786721Z 
2026-10-10T21:01:04.5786897Z Note: This linter can be disabled with `set_option linter.unusedSectionVars false`
2026-10-10T21:01:04.5787315Z ⚠ [3455/3554] Replayed LengthExpander.DirectedDemandMatching
2026-10-10T21:01:04.5788058Z warning: Simple Length-Constrained Expander Decompositions/LengthExpander/DirectedDemandMatching.lean:61:0: automatically included section variable(s) unused in theorem `LengthExpander.DemandAllocation.left_injective`:
2026-10-10T21:01:04.5788725Z   [Fintype V]
2026-10-10T21:01:04.5789060Z consider restructuring your `variable` declarations so that the variables are not in scope or explicitly omit them:
2026-10-10T21:01:04.5789450Z   omit [Fintype V] in theorem ...
2026-10-10T21:01:04.5789580Z 
2026-10-10T21:01:04.5789744Z Note: This linter can be disabled with `set_option linter.unusedSectionVars false`
2026-10-10T21:01:04.5855786Z Note: This linter can be disabled with `set_option linter.unnecessarySeqFocus false`
2026-10-10T21:01:04.5857885Z   [apply] _i
2026-10-10T21:01:04.6577864Z Build completed successfully (3554 jobs).
2026-10-10T21:01:14.3935782Z ✔ [3/6] Built AxiomAudit:c.o (490ms)
2026-10-10T21:01:18.2982911Z Build completed successfully (6 jobs).
2026-10-10T21:01:20.1855624Z axiom-audit completed successfully
2026-10-10T21:01:37.7437105Z Build completed successfully (142 jobs).
2026-10-10T21:01:47.2474196Z Axiom audit passed: 578 declarations defined in MinorFreeSpanners modules; allowed axioms: [propext,
2026-10-10T21:18:44.8521083Z replaying MinorFreeSpanners.AllCliqueOrdersLowerBound
2026-10-10T21:18:51.4559624Z replaying MinorFreeSpanners.BoundedMinor
2026-10-10T21:18:58.1853847Z replaying MinorFreeSpanners.Claim19Counterexample
2026-10-10T21:19:05.3798968Z replaying MinorFreeSpanners.CliqueDensityBudget
2026-10-10T21:19:12.0913363Z replaying MinorFreeSpanners.ClusterClaim23
2026-10-10T21:19:18.8368318Z replaying MinorFreeSpanners.ClusterEdgeWeights
2026-10-10T21:19:25.5625568Z replaying MinorFreeSpanners.ClusterGirth
2026-10-10T21:19:32.3623710Z replaying MinorFreeSpanners.ClusterGraph
2026-10-10T21:19:39.2252193Z replaying MinorFreeSpanners.ClusterWalkLift
2026-10-10T21:19:46.0957851Z replaying MinorFreeSpanners.CompletionMinor
2026-10-10T21:19:53.4038494Z replaying MinorFreeSpanners.ConnectFiniteSet
2026-10-10T21:20:00.7345581Z replaying MinorFreeSpanners.ConnectedLowerBound
2026-10-10T21:20:07.4498509Z replaying MinorFreeSpanners.CoreExtraction
2026-10-10T21:20:14.7005635Z replaying MinorFreeSpanners.CoreParameters
2026-10-10T21:20:21.3930035Z replaying MinorFreeSpanners.CycleEdgeRemoval
2026-10-10T21:20:28.6894805Z replaying MinorFreeSpanners.DenseGraphDiameter
2026-10-10T21:20:35.4535507Z replaying MinorFreeSpanners.DenseMinorNeighborhood
2026-10-10T21:20:42.6299706Z replaying MinorFreeSpanners.DensityAlgebra
2026-10-10T21:20:49.8305567Z replaying MinorFreeSpanners.DensityLinearLoss
2026-10-10T21:20:56.5379418Z replaying MinorFreeSpanners.DisjointCopies
2026-10-10T21:21:03.1311578Z replaying MinorFreeSpanners.EdgeContraction
2026-10-10T21:21:09.7698454Z replaying MinorFreeSpanners.EdgeContractionCount
2026-10-10T21:21:16.4661285Z replaying MinorFreeSpanners.ExactSizeLowerBound
2026-10-10T21:21:23.7009819Z replaying MinorFreeSpanners.ExtendCliqueModel
2026-10-10T21:21:30.9007430Z replaying MinorFreeSpanners.FiniteSeparatedSide
2026-10-10T21:21:37.5817704Z replaying MinorFreeSpanners.GirthComponents
2026-10-10T21:21:44.4588725Z replaying MinorFreeSpanners.GirthConjectureLowerBound
2026-10-10T21:21:51.1440679Z replaying MinorFreeSpanners.Greedy
2026-10-10T21:21:58.4172904Z replaying MinorFreeSpanners.GreedyDominatingSet
2026-10-10T21:22:05.6416112Z replaying MinorFreeSpanners.GreedyNeighborhoodCover
2026-10-10T21:22:12.8905445Z replaying MinorFreeSpanners.InducedDegreeBudget
2026-10-10T21:22:19.5955636Z replaying MinorFreeSpanners.IntrinsicGirthGap
2026-10-10T21:22:25.9040047Z replaying MinorFreeSpanners.IsolatedPadding
2026-10-10T21:22:32.5268974Z replaying MinorFreeSpanners.LeafMinor
2026-10-10T21:22:39.8645575Z replaying MinorFreeSpanners.LogarithmicCliqueThreshold
2026-10-10T21:22:46.2423087Z replaying MinorFreeSpanners.LowerBound
2026-10-10T21:22:53.1100145Z replaying MinorFreeSpanners.MateFreeSets
2026-10-10T21:22:59.8362612Z replaying MinorFreeSpanners.MinimalDenseMinor
2026-10-10T21:23:06.0712483Z replaying MinorFreeSpanners.Minor
2026-10-10T21:23:12.7225653Z replaying MinorFreeSpanners.MinorComposition
2026-10-10T21:23:19.4213660Z replaying MinorFreeSpanners.MinorEdgeCount
2026-10-10T21:23:26.2216257Z replaying MinorFreeSpanners.MinorNormalization
2026-10-10T21:23:32.9085660Z replaying MinorFreeSpanners.MinorRestriction
2026-10-10T21:23:39.5193242Z replaying MinorFreeSpanners.MinorSingletonDegree
2026-10-10T21:23:46.2216902Z replaying MinorFreeSpanners.MinorWeakMap
2026-10-10T21:23:53.2130597Z replaying MinorFreeSpanners.Moore
2026-10-10T21:24:00.5667739Z replaying MinorFreeSpanners.PostleBipartiteTrim
2026-10-10T21:24:07.9204805Z replaying MinorFreeSpanners.PostleBudget
2026-10-10T21:24:15.2978932Z replaying MinorFreeSpanners.PostleMates
2026-10-10T21:24:22.6325979Z replaying MinorFreeSpanners.PostleParameterBudget
2026-10-10T21:24:29.9521077Z replaying MinorFreeSpanners.PostlePullback
2026-10-10T21:24:37.2369191Z replaying MinorFreeSpanners.PostleSubgraphUnmated
2026-10-10T21:24:44.5537432Z replaying MinorFreeSpanners.ResidualConnectedCover
2026-10-10T21:24:51.8334804Z replaying MinorFreeSpanners.RobustCliqueConstruction
2026-10-10T21:24:59.1711527Z replaying MinorFreeSpanners.RobustCommonNeighbors
2026-10-10T21:25:06.4820618Z replaying MinorFreeSpanners.RobustCoreDeletion
2026-10-10T21:25:13.7223071Z replaying MinorFreeSpanners.RobustSubgraph
2026-10-10T21:25:20.4277870Z replaying MinorFreeSpanners.RootedCompletion
2026-10-10T21:25:27.7381863Z replaying MinorFreeSpanners.SmallConnectedCover
2026-10-10T21:25:34.3427044Z replaying MinorFreeSpanners.SmallMinors
2026-10-10T21:25:41.0723143Z replaying MinorFreeSpanners.StarLowerBound
2026-10-10T21:25:47.7729804Z replaying MinorFreeSpanners.SubdivisionMinor
2026-10-10T21:25:55.0908684Z replaying MinorFreeSpanners.ThreeMinorNormalization
2026-10-10T21:26:01.8324920Z replaying MinorFreeSpanners.TriangleMinor
