2026-10-10T18:51:20.0668468Z ⚠ [3486/3525] Replayed MinorFreeSpanners.MinorEdgeCount
2026-10-10T18:51:20.0670442Z warning: Multiplicative Spanners in Minor-Free Graphs/MinorFreeSpanners/MinorEdgeCount.lean:32:0: automatically included section variable(s) unused in theorem `MinorFreeSpanners.MinorModel.edge_count_le`:
2026-10-10T18:51:20.0676307Z ⚠ [3488/3525] Replayed MinorFreeSpanners.MinorRestriction
2026-10-10T18:51:20.0677370Z warning: Multiplicative Spanners in Minor-Free Graphs/MinorFreeSpanners/MinorRestriction.lean:102:2: Try this: 
2026-10-10T18:51:20.0683254Z ⚠ [3489/3525] Replayed MinorFreeSpanners.Greedy
2026-10-10T18:51:20.0684785Z warning: Multiplicative Spanners in Minor-Free Graphs/MinorFreeSpanners/Greedy.lean:16:0: automatically included section variable(s) unused in theorem `MinorFreeSpanners.weightedGirth_girth`:
2026-10-10T18:51:20.0691099Z warning: Multiplicative Spanners in Minor-Free Graphs/MinorFreeSpanners/Greedy.lean:61:20: Used `tac1 <;> tac2` where `(tac1; tac2)` would suffice
2026-10-10T18:51:20.0693799Z warning: Multiplicative Spanners in Minor-Free Graphs/MinorFreeSpanners/Greedy.lean:61:34: Used `tac1 <;> tac2` where `(tac1; tac2)` would suffice
2026-10-10T18:51:20.0696226Z ⚠ [3490/3525] Replayed MinorFreeSpanners.LowerBound
2026-10-10T18:51:20.0697656Z warning: Multiplicative Spanners in Minor-Free Graphs/MinorFreeSpanners/LowerBound.lean:12:0: automatically included section variable(s) unused in theorem `MinorFreeSpanners.high_girth_spanner_eq`:
2026-10-10T18:51:20.0703251Z ⚠ [3492/3525] Replayed MinorFreeSpanners.DisjointCopies
2026-10-10T18:51:20.0704913Z warning: Multiplicative Spanners in Minor-Free Graphs/MinorFreeSpanners/DisjointCopies.lean:80:0: automatically included section variable(s) unused in theorem `MinorFreeSpanners.copyGraph.edge_count`:
2026-10-10T18:51:20.0711639Z ⚠ [3495/3525] Replayed MinorFreeSpanners.CoreExtraction
2026-10-10T18:51:20.0742933Z warning: Multiplicative Spanners in Minor-Free Graphs/MinorFreeSpanners/CoreExtraction.lean:9:0: automatically included section variable(s) unused in theorem `MinorFreeSpanners.GirthAbove.mono`:
2026-10-10T18:51:20.0752680Z ⚠ [3496/3525] Replayed MinorFreeSpanners.DensityAlgebra
2026-10-10T18:51:20.0753927Z warning: Multiplicative Spanners in Minor-Free Graphs/MinorFreeSpanners/DensityAlgebra.lean:13:31: Variable name `hm` is not explicitly referenced.
2026-10-10T18:51:20.0758746Z ⚠ [3497/3525] Replayed MinorFreeSpanners.CoreParameters
2026-10-10T18:51:20.0759979Z warning: Multiplicative Spanners in Minor-Free Graphs/MinorFreeSpanners/CoreParameters.lean:44:78: Unused tactic linter: `ring` does nothing
2026-10-10T18:51:20.0762889Z warning: Multiplicative Spanners in Minor-Free Graphs/MinorFreeSpanners/CoreParameters.lean:44:78: this tactic is never executed
2026-10-10T18:51:20.0765870Z warning: Multiplicative Spanners in Minor-Free Graphs/MinorFreeSpanners/CoreParameters.lean:69:62: Used `tac1 <;> tac2` where `(tac1; tac2)` would suffice
2026-10-10T18:51:20.0768435Z ⚠ [3504/3525] Replayed MinorFreeSpanners.StarLowerBound
2026-10-10T18:51:20.0769974Z warning: Multiplicative Spanners in Minor-Free Graphs/MinorFreeSpanners/StarLowerBound.lean:43:0: automatically included section variable(s) unused in theorem `MinorFreeSpanners.star_girth`:
2026-10-10T18:51:20.0776615Z ⚠ [3506/3525] Replayed MinorFreeSpanners.Claim19Counterexample
2026-10-10T18:51:20.0778071Z warning: Multiplicative Spanners in Minor-Free Graphs/MinorFreeSpanners/Claim19Counterexample.lean:75:63: This simp argument is unused:
2026-10-10T18:51:20.0783076Z ⚠ [3515/3525] Replayed MinorFreeSpanners.SubdivisionMinor
2026-10-10T18:51:20.0784556Z warning: Multiplicative Spanners in Minor-Free Graphs/MinorFreeSpanners/SubdivisionMinor.lean:145:2: `push_neg` has been deprecated. Prefer using `push Not` instead.
2026-10-10T18:51:22.5691926Z ✔ [3519/3525] Built MinorFreeSpanners.MinorWeakMap (2.5s)
2026-10-10T18:51:22.6693308Z ✔ [3520/3525] Built MinorFreeSpanners.RootedCompletion (2.6s)
2026-10-10T18:51:23.6705671Z ⚠ [3521/3525] Built MinorFreeSpanners.LeafMinor (1.1s)
2026-10-10T18:51:23.6706964Z warning: Multiplicative Spanners in Minor-Free Graphs/MinorFreeSpanners/LeafMinor.lean:30:0: automatically included section variable(s) unused in theorem `MinorFreeSpanners.leafExtension.new_degree_le_one`:
2026-10-10T18:51:23.6711716Z warning: Multiplicative Spanners in Minor-Free Graphs/MinorFreeSpanners/LeafMinor.lean:46:2: `push_neg` has been deprecated. Prefer using `push Not` instead.
2026-10-10T18:51:23.6715795Z warning: Multiplicative Spanners in Minor-Free Graphs/MinorFreeSpanners/LeafMinor.lean:57:0: automatically included section variable(s) unused in theorem `MinorFreeSpanners.leafExtension.branch_root`:
2026-10-10T18:51:24.8717535Z ✔ [3522/3525] Built MinorFreeSpanners.CompletionMinor (1.2s)
2026-10-10T18:51:27.7746641Z ⚠ [3523/3525] Built MinorFreeSpanners.ConnectedLowerBound (2.9s)
2026-10-10T18:51:27.7748469Z warning: Multiplicative Spanners in Minor-Free Graphs/MinorFreeSpanners/ConnectedLowerBound.lean:13:0: automatically included section variable(s) unused in theorem `MinorFreeSpanners.unit_tree_weight`:
2026-10-10T18:51:27.7753190Z warning: Multiplicative Spanners in Minor-Free Graphs/MinorFreeSpanners/ConnectedLowerBound.lean:30:0: automatically included section variable(s) unused in theorem `MinorFreeSpanners.unit_spanner_self`:
2026-10-10T18:51:27.7756705Z warning: Multiplicative Spanners in Minor-Free Graphs/MinorFreeSpanners/ConnectedLowerBound.lean:58:2: Try this: 
2026-10-10T18:51:29.4764283Z ✔ [3524/3525] Built MinorFreeSpanners (1.6s)
2026-10-10T18:51:29.4801953Z Build completed successfully (3525 jobs).
2026-10-10T18:51:56.7425327Z ⚠ [3486/3525] Replayed MinorFreeSpanners.MinorEdgeCount
2026-10-10T18:51:56.7426540Z warning: Multiplicative Spanners in Minor-Free Graphs/MinorFreeSpanners/MinorEdgeCount.lean:32:0: automatically included section variable(s) unused in theorem `MinorFreeSpanners.MinorModel.edge_count_le`:
2026-10-10T18:51:56.7429988Z ⚠ [3488/3525] Replayed MinorFreeSpanners.MinorRestriction
2026-10-10T18:51:56.7430512Z warning: Multiplicative Spanners in Minor-Free Graphs/MinorFreeSpanners/MinorRestriction.lean:102:2: Try this: 
2026-10-10T18:51:56.7433237Z ⚠ [3489/3525] Replayed MinorFreeSpanners.Greedy
2026-10-10T18:51:56.7433972Z warning: Multiplicative Spanners in Minor-Free Graphs/MinorFreeSpanners/Greedy.lean:16:0: automatically included section variable(s) unused in theorem `MinorFreeSpanners.weightedGirth_girth`:
2026-10-10T18:51:56.7436911Z warning: Multiplicative Spanners in Minor-Free Graphs/MinorFreeSpanners/Greedy.lean:61:20: Used `tac1 <;> tac2` where `(tac1; tac2)` would suffice
2026-10-10T18:51:56.7438486Z warning: Multiplicative Spanners in Minor-Free Graphs/MinorFreeSpanners/Greedy.lean:61:34: Used `tac1 <;> tac2` where `(tac1; tac2)` would suffice
2026-10-10T18:51:56.7439650Z ⚠ [3490/3525] Replayed MinorFreeSpanners.LowerBound
2026-10-10T18:51:56.7440556Z warning: Multiplicative Spanners in Minor-Free Graphs/MinorFreeSpanners/LowerBound.lean:12:0: automatically included section variable(s) unused in theorem `MinorFreeSpanners.high_girth_spanner_eq`:
2026-10-10T18:51:56.7443412Z ⚠ [3492/3525] Replayed MinorFreeSpanners.DisjointCopies
2026-10-10T18:51:56.7444202Z warning: Multiplicative Spanners in Minor-Free Graphs/MinorFreeSpanners/DisjointCopies.lean:80:0: automatically included section variable(s) unused in theorem `MinorFreeSpanners.copyGraph.edge_count`:
2026-10-10T18:51:56.7447007Z ⚠ [3495/3525] Replayed MinorFreeSpanners.CoreExtraction
2026-10-10T18:51:56.7447784Z warning: Multiplicative Spanners in Minor-Free Graphs/MinorFreeSpanners/CoreExtraction.lean:9:0: automatically included section variable(s) unused in theorem `MinorFreeSpanners.GirthAbove.mono`:
2026-10-10T18:51:56.7450506Z ⚠ [3496/3525] Replayed MinorFreeSpanners.DensityAlgebra
2026-10-10T18:51:56.7451261Z warning: Multiplicative Spanners in Minor-Free Graphs/MinorFreeSpanners/DensityAlgebra.lean:13:31: Variable name `hm` is not explicitly referenced.
2026-10-10T18:51:56.7453481Z ⚠ [3497/3525] Replayed MinorFreeSpanners.CoreParameters
2026-10-10T18:51:56.7454085Z warning: Multiplicative Spanners in Minor-Free Graphs/MinorFreeSpanners/CoreParameters.lean:44:78: Unused tactic linter: `ring` does nothing
2026-10-10T18:51:56.7455392Z warning: Multiplicative Spanners in Minor-Free Graphs/MinorFreeSpanners/CoreParameters.lean:44:78: this tactic is never executed
2026-10-10T18:51:56.7456904Z warning: Multiplicative Spanners in Minor-Free Graphs/MinorFreeSpanners/CoreParameters.lean:69:62: Used `tac1 <;> tac2` where `(tac1; tac2)` would suffice
2026-10-10T18:51:56.7458157Z ⚠ [3504/3525] Replayed MinorFreeSpanners.StarLowerBound
2026-10-10T18:51:56.7458907Z warning: Multiplicative Spanners in Minor-Free Graphs/MinorFreeSpanners/StarLowerBound.lean:43:0: automatically included section variable(s) unused in theorem `MinorFreeSpanners.star_girth`:
2026-10-10T18:51:56.7461890Z ⚠ [3506/3525] Replayed MinorFreeSpanners.Claim19Counterexample
2026-10-10T18:51:56.7462522Z warning: Multiplicative Spanners in Minor-Free Graphs/MinorFreeSpanners/Claim19Counterexample.lean:75:63: This simp argument is unused:
2026-10-10T18:51:56.7464631Z ⚠ [3516/3525] Replayed MinorFreeSpanners.LeafMinor
2026-10-10T18:51:56.7465419Z warning: Multiplicative Spanners in Minor-Free Graphs/MinorFreeSpanners/LeafMinor.lean:30:0: automatically included section variable(s) unused in theorem `MinorFreeSpanners.leafExtension.new_degree_le_one`:
2026-10-10T18:51:56.7468291Z warning: Multiplicative Spanners in Minor-Free Graphs/MinorFreeSpanners/LeafMinor.lean:46:2: `push_neg` has been deprecated. Prefer using `push Not` instead.
2026-10-10T18:51:56.7471239Z warning: Multiplicative Spanners in Minor-Free Graphs/MinorFreeSpanners/LeafMinor.lean:57:0: automatically included section variable(s) unused in theorem `MinorFreeSpanners.leafExtension.branch_root`:
2026-10-10T18:51:56.7473939Z ⚠ [3518/3525] Replayed MinorFreeSpanners.ConnectedLowerBound
2026-10-10T18:51:56.7474723Z warning: Multiplicative Spanners in Minor-Free Graphs/MinorFreeSpanners/ConnectedLowerBound.lean:13:0: automatically included section variable(s) unused in theorem `MinorFreeSpanners.unit_tree_weight`:
2026-10-10T18:51:56.7477700Z warning: Multiplicative Spanners in Minor-Free Graphs/MinorFreeSpanners/ConnectedLowerBound.lean:30:0: automatically included section variable(s) unused in theorem `MinorFreeSpanners.unit_spanner_self`:
2026-10-10T18:51:56.7480644Z warning: Multiplicative Spanners in Minor-Free Graphs/MinorFreeSpanners/ConnectedLowerBound.lean:58:2: Try this: 
2026-10-10T18:51:56.7483411Z ⚠ [3520/3525] Replayed MinorFreeSpanners.SubdivisionMinor
2026-10-10T18:51:56.7484092Z warning: Multiplicative Spanners in Minor-Free Graphs/MinorFreeSpanners/SubdivisionMinor.lean:145:2: `push_neg` has been deprecated. Prefer using `push Not` instead.
2026-10-10T18:51:56.7486986Z Build completed successfully (3525 jobs).
2026-10-10T18:52:04.5237834Z Build completed successfully (6 jobs).
2026-10-10T18:52:24.5378272Z Build completed successfully (142 jobs).
2026-10-10T18:52:32.4294294Z Axiom audit passed: 195 declarations defined in VFTSpanners modules; allowed axioms: [propext,
2026-10-10T18:52:32.4334283Z Axiom audit passed: 984 declarations defined in LinearDistancePreservers modules; allowed axioms: [propext,
2026-10-10T18:52:32.4374858Z Axiom audit passed: 279 declarations defined in LightSpanners modules; allowed axioms: [propext,
2026-10-10T18:52:32.4377017Z Axiom audit passed: 440 declarations defined in DegreeFaultSpanners modules; allowed axioms: [propext,
2026-10-10T18:52:32.4379016Z Axiom audit passed: 612 declarations defined in LengthExpander modules; allowed axioms: [propext,
2026-10-10T18:52:32.4381076Z Axiom audit passed: 343 declarations defined in MinorFreeSpanners modules; allowed axioms: [propext,
2026-10-10T19:02:03.2612147Z replaying MinorFreeSpanners.AllCliqueOrdersLowerBound
2026-10-10T19:02:07.0438354Z replaying MinorFreeSpanners.Claim19Counterexample
2026-10-10T19:02:10.7963030Z replaying MinorFreeSpanners.ClusterClaim23
2026-10-10T19:02:14.5157530Z replaying MinorFreeSpanners.ClusterEdgeWeights
2026-10-10T19:02:18.3002982Z replaying MinorFreeSpanners.ClusterGirth
2026-10-10T19:02:22.0688748Z replaying MinorFreeSpanners.ClusterGraph
2026-10-10T19:02:25.8304017Z replaying MinorFreeSpanners.ClusterWalkLift
2026-10-10T19:02:29.5835234Z replaying MinorFreeSpanners.CompletionMinor
2026-10-10T19:02:33.8364370Z replaying MinorFreeSpanners.ConnectedLowerBound
2026-10-10T19:02:37.5784521Z replaying MinorFreeSpanners.CoreExtraction
2026-10-10T19:02:41.8067962Z replaying MinorFreeSpanners.CoreParameters
2026-10-10T19:02:45.5540462Z replaying MinorFreeSpanners.CycleEdgeRemoval
2026-10-10T19:02:49.7555835Z replaying MinorFreeSpanners.DensityAlgebra
2026-10-10T19:02:53.9412993Z replaying MinorFreeSpanners.DensityLinearLoss
2026-10-10T19:02:57.7052519Z replaying MinorFreeSpanners.DisjointCopies
2026-10-10T19:03:01.4521970Z replaying MinorFreeSpanners.ExactSizeLowerBound
2026-10-10T19:03:05.1805124Z replaying MinorFreeSpanners.GirthComponents
2026-10-10T19:03:09.4195540Z replaying MinorFreeSpanners.GirthConjectureLowerBound
2026-10-10T19:03:13.1802259Z replaying MinorFreeSpanners.Greedy
2026-10-10T19:03:16.9158774Z replaying MinorFreeSpanners.IntrinsicGirthGap
2026-10-10T19:03:20.6636581Z replaying MinorFreeSpanners.IsolatedPadding
2026-10-10T19:03:24.3272205Z replaying MinorFreeSpanners.LeafMinor
2026-10-10T19:03:28.0684852Z replaying MinorFreeSpanners.LowerBound
2026-10-10T19:03:31.7293102Z replaying MinorFreeSpanners.Minor
2026-10-10T19:03:35.3934600Z replaying MinorFreeSpanners.MinorComposition
2026-10-10T19:03:39.0639773Z replaying MinorFreeSpanners.MinorEdgeCount
2026-10-10T19:03:42.8646355Z replaying MinorFreeSpanners.MinorNormalization
2026-10-10T19:03:46.5242572Z replaying MinorFreeSpanners.MinorRestriction
2026-10-10T19:03:50.1602132Z replaying MinorFreeSpanners.MinorSingletonDegree
2026-10-10T19:03:53.8228126Z replaying MinorFreeSpanners.MinorWeakMap
2026-10-10T19:03:57.8170029Z replaying MinorFreeSpanners.Moore
2026-10-10T19:04:01.5912595Z replaying MinorFreeSpanners.RootedCompletion
2026-10-10T19:04:05.2368999Z replaying MinorFreeSpanners.SmallMinors
2026-10-10T19:04:08.9956405Z replaying MinorFreeSpanners.StarLowerBound
2026-10-10T19:04:12.7376494Z replaying MinorFreeSpanners.SubdivisionMinor
