2026-10-10T22:55:28.9474618Z ##[group]Checking out the ref
2026-10-10T22:55:29.0353556Z   axiom-audit: true
2026-10-10T22:55:29.0354096Z   axiom-audit-root: VFTSpanners
2026-10-10T22:55:29.0354834Z   axiom-audit-allow: propext,Classical.choice,Quot.sound
2026-10-10T22:55:44.4579077Z ##[end-action id=__leanprover_lean-action.__run;outcome=success;conclusion=success;duration_ms=15416]
2026-10-10T22:55:44.6803304Z ##[end-action id=__leanprover_lean-action.config;outcome=success;conclusion=success;duration_ms=221]
2026-10-10T22:56:52.6723647Z Cache restored successfully
2026-10-10T22:56:52.8455929Z ##[end-action id=__leanprover_lean-action.__actions_cache;outcome=success;conclusion=success;duration_ms=68163]
2026-10-10T22:57:08.1537142Z ##[end-action id=__leanprover_lean-action.__run_3;outcome=success;conclusion=success;duration_ms=15307]
2026-10-10T22:57:09.2975287Z ⚠ [3132/3228] Replayed LinearDistancePreservers.ConsistentTiebreaking
2026-10-10T22:57:09.2977877Z consider restructuring your `variable` declarations so that the variables are not in scope or explicitly omit them:
2026-10-10T22:57:09.2981243Z consider restructuring your `variable` declarations so that the variables are not in scope or explicitly omit them:
2026-10-10T22:57:09.2985107Z consider restructuring your `variable` declarations so that the variables are not in scope or explicitly omit them:
2026-10-10T22:57:09.2987792Z consider restructuring your `variable` declarations so that the variables are not in scope or explicitly omit them:
2026-10-10T22:57:09.2991623Z consider restructuring your `variable` declarations so that the variables are not in scope or explicitly omit them:
2026-10-10T22:57:09.2993987Z consider restructuring your `variable` declarations so that the variables are not in scope or explicitly omit them:
2026-10-10T22:57:09.2996794Z consider restructuring your `variable` declarations so that the variables are not in scope or explicitly omit them:
2026-10-10T22:57:09.2998908Z consider restructuring your `variable` declarations so that the variables are not in scope or explicitly omit them:
2026-10-10T22:57:09.3000279Z ⚠ [3133/3228] Replayed LinearDistancePreservers.RoutingOfPaths
2026-10-10T22:57:09.3002831Z consider restructuring your `variable` declarations so that the variables are not in scope or explicitly omit them:
2026-10-10T22:57:09.3007222Z consider restructuring your `variable` declarations so that the variables are not in scope or explicitly omit them:
2026-10-10T22:57:09.3024094Z ⚠ [3135/3228] Replayed LinearDistancePreservers.NativeWalkBridge
2026-10-10T22:57:09.3025984Z consider restructuring your `variable` declarations so that the variables are not in scope or explicitly omit them:
2026-10-10T22:57:09.3029089Z consider restructuring your `variable` declarations so that the variables are not in scope or explicitly omit them:
2026-10-10T22:57:09.3030505Z ⚠ [3136/3228] Replayed LinearDistancePreservers.WalkSequence
2026-10-10T22:57:09.3034669Z ⚠ [3145/3228] Replayed LinearDistancePreservers.PreserverForcing
2026-10-10T22:57:09.3035605Z ⚠ [3146/3228] Replayed LinearDistancePreservers.WeightedNativeForcing
2026-10-10T22:57:09.3037414Z consider restructuring your `variable` declarations so that the variables are not in scope or explicitly omit them:
2026-10-10T22:57:09.3038251Z ⚠ [3147/3228] Replayed LinearDistancePreservers.PreserverPadding
2026-10-10T22:57:09.3039880Z consider restructuring your `variable` declarations so that the variables are not in scope or explicitly omit them:
2026-10-10T22:57:09.3042995Z consider restructuring your `variable` declarations so that the variables are not in scope or explicitly omit them:
2026-10-10T22:57:09.3044415Z ⚠ [3148/3228] Replayed LinearDistancePreservers.ModularDistance
2026-10-10T22:57:09.3047785Z consider restructuring your `variable` declarations so that the variables are not in scope or explicitly omit them:
2026-10-10T22:57:09.3049936Z consider restructuring your `variable` declarations so that the variables are not in scope or explicitly omit them:
2026-10-10T22:57:09.3053002Z consider restructuring your `variable` declarations so that the variables are not in scope or explicitly omit them:
2026-10-10T22:57:09.3053987Z ⚠ [3149/3228] Replayed LinearDistancePreservers.ModularPerfect
2026-10-10T22:57:09.3055264Z consider restructuring your `variable` declarations so that the variables are not in scope or explicitly omit them:
2026-10-10T22:57:09.3057143Z ⚠ [3150/3228] Replayed LinearDistancePreservers.PathLowerBound
2026-10-10T22:57:09.3059394Z ⚠ [3153/3228] Replayed LinearDistancePreservers.ObstacleCounting
2026-10-10T22:57:09.3061274Z ⚠ [3155/3228] Replayed LinearDistancePreservers.DirectionObstacle
2026-10-10T22:57:09.3070738Z consider restructuring your `variable` declarations so that the variables are not in scope or explicitly omit them:
2026-10-10T22:57:09.3073966Z consider restructuring your `variable` declarations so that the variables are not in scope or explicitly omit them:
2026-10-10T22:57:09.3076923Z consider restructuring your `variable` declarations so that the variables are not in scope or explicitly omit them:
2026-10-10T22:57:09.3974290Z ⚠ [3320/3548] Replayed LinearDistancePreservers.UnweightedPadding
2026-10-10T22:57:09.3977443Z consider restructuring your `variable` declarations so that the variables are not in scope or explicitly omit them:
2026-10-10T22:57:09.3980727Z consider restructuring your `variable` declarations so that the variables are not in scope or explicitly omit them:
2026-10-10T22:57:09.3981872Z ⚠ [3322/3548] Replayed LinearDistancePreservers.FavorableCut
2026-10-10T22:57:09.3983936Z ⚠ [3349/3548] Replayed LinearDistancePreservers.MatchingExtremal
2026-10-10T22:57:09.3987399Z consider restructuring your `variable` declarations so that the variables are not in scope or explicitly omit them:
2026-10-10T22:57:09.3990742Z consider restructuring your `variable` declarations so that the variables are not in scope or explicitly omit them:
2026-10-10T22:57:09.3994458Z ⚠ [3350/3548] Replayed LinearDistancePreservers.InducedMatchingRemoval
2026-10-10T22:57:09.3996695Z consider restructuring your `variable` declarations so that the variables are not in scope or explicitly omit them:
2026-10-10T22:57:09.4001267Z consider restructuring your `variable` declarations so that the variables are not in scope or explicitly omit them:
2026-10-10T22:57:09.4011996Z ⚠ [3351/3548] Replayed LinearDistancePreservers.LazyTreeSelection
2026-10-10T22:57:09.4014464Z consider restructuring your `variable` declarations so that the variables are not in scope or explicitly omit them:
2026-10-10T22:57:09.4025323Z consider restructuring your `variable` declarations so that the variables are not in scope or explicitly omit them:
2026-10-10T22:57:09.4028480Z consider restructuring your `variable` declarations so that the variables are not in scope or explicitly omit them:
2026-10-10T22:57:09.4029840Z ⚠ [3353/3548] Replayed LinearDistancePreservers.ModularObstacle
2026-10-10T22:57:09.4031973Z consider restructuring your `variable` declarations so that the variables are not in scope or explicitly omit them:
2026-10-10T22:57:09.4033415Z ⚠ [3355/3548] Replayed LinearDistancePreservers.ModularObstacleMetric
2026-10-10T22:57:09.4035568Z consider restructuring your `variable` declarations so that the variables are not in scope or explicitly omit them:
2026-10-10T22:57:09.4038871Z consider restructuring your `variable` declarations so that the variables are not in scope or explicitly omit them:
2026-10-10T22:57:09.4040153Z ⚠ [3358/3548] Replayed LinearDistancePreservers.UnweightedClique
2026-10-10T22:57:09.4043284Z ⚠ [3361/3548] Replayed LinearDistancePreservers.TheoremOne
2026-10-10T22:57:09.4046462Z consider restructuring your `variable` declarations so that the variables are not in scope or explicitly omit them:
2026-10-10T22:57:09.4051424Z ⚠ [3362/3548] Replayed LinearDistancePreservers.TheoremThree
2026-10-10T22:57:09.4054345Z consider restructuring your `variable` declarations so that the variables are not in scope or explicitly omit them:
2026-10-10T22:57:09.4076565Z ⚠ [3363/3548] Replayed LinearDistancePreservers.TheoremThreeExact
2026-10-10T22:57:09.4081915Z ⚠ [3364/3548] Replayed LinearDistancePreservers.TreeCounting
2026-10-10T22:57:09.4090243Z ⚠ [3365/3548] Replayed LinearDistancePreservers.TheoremTwo
2026-10-10T22:57:09.4093754Z ⚠ [3417/3548] Replayed DegreeFaultSpanners.RealBound
2026-10-10T22:57:09.4099486Z ⚠ [3426/3548] Replayed DegreeFaultSpanners.Blowup
2026-10-10T22:57:09.4102186Z ⚠ [3431/3548] Replayed DegreeFaultSpanners.AllSizesTheorem
2026-10-10T22:57:09.4115633Z ⚠ [3436/3548] Replayed LengthExpander.Hikers
2026-10-10T22:57:09.4123029Z ⚠ [3437/3548] Replayed LengthExpander.MatchingPermutations
2026-10-10T22:57:09.4125403Z ⚠ [3438/3548] Replayed LengthExpander.HikerCount
2026-10-10T22:57:09.4127183Z consider restructuring your `variable` declarations so that the variables are not in scope or explicitly omit them:
2026-10-10T22:57:09.4129634Z ⚠ [3441/3548] Replayed LengthExpander.DeletionCount
2026-10-10T22:57:09.4131813Z ⚠ [3444/3548] Replayed LengthExpander.HereditaryDensity
2026-10-10T22:57:09.4134737Z ⚠ [3445/3548] Replayed LengthExpander.SparseOrder
2026-10-10T22:57:09.4136306Z ⚠ [3446/3548] Replayed LengthExpander.ForestCover
2026-10-10T22:57:09.4137582Z ⚠ [3448/3548] Replayed LengthExpander.RealParameterArboricity
2026-10-10T22:57:09.4139571Z consider restructuring your `variable` declarations so that the variables are not in scope or explicitly omit them:
2026-10-10T22:57:09.4140987Z ⚠ [3449/3548] Replayed LengthExpander.BipartiteCounterexample
2026-10-10T22:57:09.4144065Z ⚠ [3451/3548] Replayed LengthExpander.Metric
2026-10-10T22:57:09.4145757Z ⚠ [3453/3548] Replayed LengthExpander.FiniteTermination
2026-10-10T22:57:09.4147570Z consider restructuring your `variable` declarations so that the variables are not in scope or explicitly omit them:
2026-10-10T22:57:09.4150274Z consider restructuring your `variable` declarations so that the variables are not in scope or explicitly omit them:
2026-10-10T22:57:09.4151527Z ⚠ [3454/3548] Replayed LengthExpander.DirectedDemandMatching
2026-10-10T22:57:09.4153822Z consider restructuring your `variable` declarations so that the variables are not in scope or explicitly omit them:
2026-10-10T22:57:09.4156696Z consider restructuring your `variable` declarations so that the variables are not in scope or explicitly omit them:
2026-10-10T22:57:09.4159665Z consider restructuring your `variable` declarations so that the variables are not in scope or explicitly omit them:
2026-10-10T22:57:09.4162760Z consider restructuring your `variable` declarations so that the variables are not in scope or explicitly omit them:
2026-10-10T22:57:09.4166035Z ⚠ [3455/3548] Replayed LengthExpander.MatchingMetricBridge
2026-10-10T22:57:09.4167874Z ⚠ [3456/3548] Replayed LengthExpander.DemandMatchingFamily
2026-10-10T22:57:09.4169337Z ⚠ [3457/3548] Replayed LengthExpander.SequentialDemandGeometry
2026-10-10T22:57:09.4171337Z consider restructuring your `variable` declarations so that the variables are not in scope or explicitly omit them:
2026-10-10T22:57:09.4177454Z consider restructuring your `variable` declarations so that the variables are not in scope or explicitly omit them:
2026-10-10T22:57:09.4179002Z ⚠ [3458/3548] Replayed LengthExpander.CutSequenceMatching
2026-10-10T22:57:09.4181133Z consider restructuring your `variable` declarations so that the variables are not in scope or explicitly omit them:
2026-10-10T22:57:09.4184020Z consider restructuring your `variable` declarations so that the variables are not in scope or explicitly omit them:
2026-10-10T22:57:09.4186795Z consider restructuring your `variable` declarations so that the variables are not in scope or explicitly omit them:
2026-10-10T22:57:09.4188194Z ⚠ [3460/3548] Replayed LengthExpander.DirectDecomposition
2026-10-10T22:57:09.4193241Z ⚠ [3462/3548] Replayed LengthExpander.NonnegativeCutSequence
2026-10-10T22:57:09.4195193Z consider restructuring your `variable` declarations so that the variables are not in scope or explicitly omit them:
2026-10-10T22:57:09.4196425Z ⚠ [3463/3548] Replayed LengthExpander.SparseOrientation
2026-10-10T22:57:09.4198419Z ⚠ [3465/3548] Replayed LengthExpander.ListDemands
2026-10-10T22:57:09.4200188Z consider restructuring your `variable` declarations so that the variables are not in scope or explicitly omit them:
2026-10-10T22:57:09.4202949Z consider restructuring your `variable` declarations so that the variables are not in scope or explicitly omit them:
2026-10-10T22:57:09.4205626Z consider restructuring your `variable` declarations so that the variables are not in scope or explicitly omit them:
2026-10-10T22:57:09.4210061Z consider restructuring your `variable` declarations so that the variables are not in scope or explicitly omit them:
2026-10-10T22:57:09.4211326Z ⚠ [3466/3548] Replayed LengthExpander.OrientationDispersion
2026-10-10T22:57:09.4213383Z consider restructuring your `variable` declarations so that the variables are not in scope or explicitly omit them:
2026-10-10T22:57:09.4216139Z ⚠ [3467/3548] Replayed LengthExpander.PushforwardDemand
2026-10-10T22:57:09.4217971Z consider restructuring your `variable` declarations so that the variables are not in scope or explicitly omit them:
2026-10-10T22:57:09.4219215Z ⚠ [3470/3548] Replayed LengthExpander.DispersedPairGeometry
2026-10-10T22:57:09.4221091Z consider restructuring your `variable` declarations so that the variables are not in scope or explicitly omit them:
2026-10-10T22:57:09.4222435Z ⚠ [3473/3548] Replayed LengthExpander.UnionSparsity
2026-10-10T22:57:09.4225574Z ⚠ [3476/3548] Replayed LengthExpander.RealCutSequence
2026-10-10T22:57:09.4227556Z consider restructuring your `variable` declarations so that the variables are not in scope or explicitly omit them:
2026-10-10T22:57:09.4228796Z ⚠ [3478/3548] Replayed LengthExpander.RealUnionSparsity
2026-10-10T22:57:09.4231984Z ⚠ [3480/3548] Replayed LengthExpander.SourceCorrections
2026-10-10T22:57:09.4234988Z ⚠ [3481/3548] Replayed LengthExpander.RescalingCounterexample
2026-10-10T22:57:09.4239241Z ⚠ [3485/3548] Replayed MinorFreeSpanners.MinorEdgeCount
2026-10-10T22:57:09.4240085Z warning: Multiplicative Spanners in Minor-Free Graphs/MinorFreeSpanners/MinorEdgeCount.lean:32:0: automatically included section variable(s) unused in theorem `MinorFreeSpanners.MinorModel.edge_count_le`:
2026-10-10T22:57:09.4241218Z consider restructuring your `variable` declarations so that the variables are not in scope or explicitly omit them:
2026-10-10T22:57:09.4242571Z ⚠ [3487/3548] Replayed MinorFreeSpanners.MinorRestriction
2026-10-10T22:57:09.4243071Z warning: Multiplicative Spanners in Minor-Free Graphs/MinorFreeSpanners/MinorRestriction.lean:102:2: Try this: 
2026-10-10T22:57:09.4245339Z ⚠ [3488/3548] Replayed MinorFreeSpanners.Greedy
2026-10-10T22:57:09.4246041Z warning: Multiplicative Spanners in Minor-Free Graphs/MinorFreeSpanners/Greedy.lean:16:0: automatically included section variable(s) unused in theorem `MinorFreeSpanners.weightedGirth_girth`:
2026-10-10T22:57:09.4247284Z consider restructuring your `variable` declarations so that the variables are not in scope or explicitly omit them:
2026-10-10T22:57:09.4248815Z warning: Multiplicative Spanners in Minor-Free Graphs/MinorFreeSpanners/Greedy.lean:61:20: Used `tac1 <;> tac2` where `(tac1; tac2)` would suffice
2026-10-10T22:57:09.4250129Z warning: Multiplicative Spanners in Minor-Free Graphs/MinorFreeSpanners/Greedy.lean:61:34: Used `tac1 <;> tac2` where `(tac1; tac2)` would suffice
2026-10-10T22:57:09.4251497Z ⚠ [3489/3548] Replayed MinorFreeSpanners.LowerBound
2026-10-10T22:57:09.4252228Z warning: Multiplicative Spanners in Minor-Free Graphs/MinorFreeSpanners/LowerBound.lean:12:0: automatically included section variable(s) unused in theorem `MinorFreeSpanners.high_girth_spanner_eq`:
2026-10-10T22:57:09.4253529Z consider restructuring your `variable` declarations so that the variables are not in scope or explicitly omit them:
2026-10-10T22:57:09.4254786Z ⚠ [3491/3548] Replayed MinorFreeSpanners.DisjointCopies
2026-10-10T22:57:09.4255547Z warning: Multiplicative Spanners in Minor-Free Graphs/MinorFreeSpanners/DisjointCopies.lean:80:0: automatically included section variable(s) unused in theorem `MinorFreeSpanners.copyGraph.edge_count`:
2026-10-10T22:57:09.4256847Z consider restructuring your `variable` declarations so that the variables are not in scope or explicitly omit them:
2026-10-10T22:57:09.4258175Z ⚠ [3494/3548] Replayed MinorFreeSpanners.CoreExtraction
2026-10-10T22:57:09.4258923Z warning: Multiplicative Spanners in Minor-Free Graphs/MinorFreeSpanners/CoreExtraction.lean:9:0: automatically included section variable(s) unused in theorem `MinorFreeSpanners.GirthAbove.mono`:
2026-10-10T22:57:09.4260204Z consider restructuring your `variable` declarations so that the variables are not in scope or explicitly omit them:
2026-10-10T22:57:09.4261512Z ⚠ [3495/3548] Replayed MinorFreeSpanners.DensityAlgebra
2026-10-10T22:57:09.4262113Z warning: Multiplicative Spanners in Minor-Free Graphs/MinorFreeSpanners/DensityAlgebra.lean:13:31: Variable name `hm` is not explicitly referenced.
2026-10-10T22:57:09.4264322Z ⚠ [3496/3548] Replayed MinorFreeSpanners.CoreParameters
2026-10-10T22:57:09.4264908Z warning: Multiplicative Spanners in Minor-Free Graphs/MinorFreeSpanners/CoreParameters.lean:44:78: Unused tactic linter: `ring` does nothing
2026-10-10T22:57:09.4266159Z warning: Multiplicative Spanners in Minor-Free Graphs/MinorFreeSpanners/CoreParameters.lean:44:78: this tactic is never executed
2026-10-10T22:57:09.4267463Z warning: Multiplicative Spanners in Minor-Free Graphs/MinorFreeSpanners/CoreParameters.lean:69:62: Used `tac1 <;> tac2` where `(tac1; tac2)` would suffice
2026-10-10T22:57:09.4268732Z ⚠ [3503/3548] Replayed MinorFreeSpanners.StarLowerBound
2026-10-10T22:57:09.4269553Z warning: Multiplicative Spanners in Minor-Free Graphs/MinorFreeSpanners/StarLowerBound.lean:43:0: automatically included section variable(s) unused in theorem `MinorFreeSpanners.star_girth`:
2026-10-10T22:57:09.4270810Z consider restructuring your `variable` declarations so that the variables are not in scope or explicitly omit them:
2026-10-10T22:57:09.4272144Z ⚠ [3506/3548] Replayed MinorFreeSpanners.Claim19Counterexample
2026-10-10T22:57:09.4272859Z warning: Multiplicative Spanners in Minor-Free Graphs/MinorFreeSpanners/Claim19Counterexample.lean:75:63: This simp argument is unused:
2026-10-10T22:57:09.4274789Z ⚠ [3516/3548] Replayed MinorFreeSpanners.PostleMates
2026-10-10T22:57:09.4275409Z warning: Multiplicative Spanners in Minor-Free Graphs/MinorFreeSpanners/PostleMates.lean:105:4: `push_neg` has been deprecated. Prefer using `push Not` instead.
2026-10-10T22:57:09.4277735Z ⚠ [3517/3548] Replayed MinorFreeSpanners.MateFreeSets
2026-10-10T22:57:09.4278517Z warning: Multiplicative Spanners in Minor-Free Graphs/MinorFreeSpanners/MateFreeSets.lean:30:0: automatically included section variable(s) unused in theorem `MinorFreeSpanners.bipartite_commonNeighbors_empty`:
2026-10-10T22:57:09.4279646Z consider restructuring your `variable` declarations so that the variables are not in scope or explicitly omit them:
2026-10-10T22:57:09.4280894Z ⚠ [3521/3548] Replayed MinorFreeSpanners.LeafMinor
2026-10-10T22:57:09.4281659Z warning: Multiplicative Spanners in Minor-Free Graphs/MinorFreeSpanners/LeafMinor.lean:30:0: automatically included section variable(s) unused in theorem `MinorFreeSpanners.leafExtension.new_degree_le_one`:
2026-10-10T22:57:09.4282990Z consider restructuring your `variable` declarations so that the variables are not in scope or explicitly omit them:
2026-10-10T22:57:09.4284795Z warning: Multiplicative Spanners in Minor-Free Graphs/MinorFreeSpanners/LeafMinor.lean:46:2: `push_neg` has been deprecated. Prefer using `push Not` instead.
2026-10-10T22:57:09.4287775Z warning: Multiplicative Spanners in Minor-Free Graphs/MinorFreeSpanners/LeafMinor.lean:57:0: automatically included section variable(s) unused in theorem `MinorFreeSpanners.leafExtension.branch_root`:
2026-10-10T22:57:09.4289051Z consider restructuring your `variable` declarations so that the variables are not in scope or explicitly omit them:
2026-10-10T22:57:09.4290394Z ⚠ [3523/3548] Replayed MinorFreeSpanners.RobustCommonNeighbors
2026-10-10T22:57:09.4291092Z warning: Multiplicative Spanners in Minor-Free Graphs/MinorFreeSpanners/RobustCommonNeighbors.lean:42:4: `push_neg` has been deprecated. Prefer using `push Not` instead.
2026-10-10T22:57:09.4294265Z ⚠ [3526/3548] Replayed MinorFreeSpanners.ConnectedLowerBound
2026-10-10T22:57:09.4295051Z warning: Multiplicative Spanners in Minor-Free Graphs/MinorFreeSpanners/ConnectedLowerBound.lean:13:0: automatically included section variable(s) unused in theorem `MinorFreeSpanners.unit_tree_weight`:
2026-10-10T22:57:09.4296159Z consider restructuring your `variable` declarations so that the variables are not in scope or explicitly omit them:
2026-10-10T22:57:09.4297883Z warning: Multiplicative Spanners in Minor-Free Graphs/MinorFreeSpanners/ConnectedLowerBound.lean:30:0: automatically included section variable(s) unused in theorem `MinorFreeSpanners.unit_spanner_self`:
2026-10-10T22:57:09.4299161Z consider restructuring your `variable` declarations so that the variables are not in scope or explicitly omit them:
2026-10-10T22:57:09.4300590Z warning: Multiplicative Spanners in Minor-Free Graphs/MinorFreeSpanners/ConnectedLowerBound.lean:58:2: Try this: 
2026-10-10T22:57:09.4303073Z ⚠ [3529/3548] Replayed MinorFreeSpanners.MinimalDenseMinor
2026-10-10T22:57:09.4303583Z warning: Multiplicative Spanners in Minor-Free Graphs/MinorFreeSpanners/MinimalDenseMinor.lean:41:2: Try this: 
2026-10-10T22:57:09.4306313Z warning: Multiplicative Spanners in Minor-Free Graphs/MinorFreeSpanners/MinimalDenseMinor.lean:88:2: Try this: 
2026-10-10T22:57:09.4308628Z ⚠ [3530/3548] Replayed MinorFreeSpanners.EdgeContraction
2026-10-10T22:57:09.4309182Z warning: Multiplicative Spanners in Minor-Free Graphs/MinorFreeSpanners/EdgeContraction.lean:79:2: try 'simp' instead of 'simpa'
2026-10-10T22:57:09.4310292Z ⚠ [3532/3548] Replayed MinorFreeSpanners.DenseMinorNeighborhood
2026-10-10T22:57:09.4310897Z warning: Multiplicative Spanners in Minor-Free Graphs/MinorFreeSpanners/DenseMinorNeighborhood.lean:35:4: try 'simp' instead of 'simpa'
2026-10-10T22:57:09.4312201Z warning: Multiplicative Spanners in Minor-Free Graphs/MinorFreeSpanners/DenseMinorNeighborhood.lean:64:4: try 'simp' instead of 'simpa'
2026-10-10T22:57:09.4983929Z ⚠ [3560/3578] Replayed MinorFreeSpanners.SubdivisionMinor
2026-10-10T22:57:09.5013991Z warning: Multiplicative Spanners in Minor-Free Graphs/MinorFreeSpanners/SubdivisionMinor.lean:145:2: `push_neg` has been deprecated. Prefer using `push Not` instead.
2026-10-10T22:57:09.5163605Z ⚠ [3563/3578] Replayed MinorFreeSpanners.PostleBipartiteTrim
2026-10-10T22:57:09.5193230Z warning: Multiplicative Spanners in Minor-Free Graphs/MinorFreeSpanners/PostleBipartiteTrim.lean:37:2: Try this: 
2026-10-10T22:57:09.5367684Z warning: Multiplicative Spanners in Minor-Free Graphs/MinorFreeSpanners/PostleBipartiteTrim.lean:57:17: `dif_pos` has been deprecated: Use `dite_eq_left` instead
2026-10-10T22:57:09.5368855Z ⚠ [3571/3578] Replayed MinorFreeSpanners.TriangleMinor
2026-10-10T22:57:09.5369575Z warning: Multiplicative Spanners in Minor-Free Graphs/MinorFreeSpanners/TriangleMinor.lean:32:24: try 'simp' instead of 'simpa'
2026-10-10T22:57:09.5371245Z warning: Multiplicative Spanners in Minor-Free Graphs/MinorFreeSpanners/TriangleMinor.lean:34:10: try 'simp' instead of 'simpa'
2026-10-10T22:57:09.5373877Z warning: Multiplicative Spanners in Minor-Free Graphs/MinorFreeSpanners/TriangleMinor.lean:36:24: try 'simp' instead of 'simpa'
2026-10-10T22:57:09.5375598Z warning: Multiplicative Spanners in Minor-Free Graphs/MinorFreeSpanners/TriangleMinor.lean:38:10: try 'simp' instead of 'simpa'
2026-10-10T22:57:09.5377165Z warning: Multiplicative Spanners in Minor-Free Graphs/MinorFreeSpanners/TriangleMinor.lean:44:18: try 'simp' instead of 'simpa'
2026-10-10T22:57:09.5378814Z warning: Multiplicative Spanners in Minor-Free Graphs/MinorFreeSpanners/TriangleMinor.lean:50:19: `if_pos` has been deprecated: Use `ite_eq_left` instead
2026-10-10T22:57:09.5379789Z warning: Multiplicative Spanners in Minor-Free Graphs/MinorFreeSpanners/TriangleMinor.lean:50:19: This simp argument is unused:
2026-10-10T22:57:09.5382666Z warning: Multiplicative Spanners in Minor-Free Graphs/MinorFreeSpanners/TriangleMinor.lean:50:30: This simp argument is unused:
2026-10-10T22:57:12.9058665Z ✔ [3573/3578] Built MinorFreeSpanners.StarNeighborhoodUnion (3.5s)
2026-10-10T22:57:13.0075319Z ✔ [3574/3578] Built MinorFreeSpanners.StarForestGraph (3.5s)
2026-10-10T22:57:13.3078465Z ✔ [3575/3578] Built MinorFreeSpanners.TwoStarLeafSwap (3.9s)
2026-10-10T22:57:14.8093732Z ✔ [3576/3578] Built MinorFreeSpanners.SeededBipartiteTrim (1.8s)
2026-10-10T22:57:16.4100069Z ✔ [3577/3578] Built MinorFreeSpanners (1.6s)
2026-10-10T22:57:16.4157069Z Build completed successfully (3578 jobs).
2026-10-10T22:57:16.4503718Z ##[end-action id=__leanprover_lean-action.build;outcome=success;conclusion=success;duration_ms=8295]
2026-10-10T22:57:37.7881126Z ##[end-action id=__leanprover_lean-action.__actions_cache_2;outcome=success;conclusion=success;duration_ms=21337]
2026-10-10T22:57:37.7902081Z ##[start-action display=audit axioms with axiom-audit;id=__leanprover_lean-action.axiom-audit]
2026-10-10T22:57:37.7919740Z ##[group]Run : Audit axioms with axiom-audit
2026-10-10T22:57:37.7919960Z [36;1m: Audit axioms with axiom-audit[0m
2026-10-10T22:57:37.7920162Z [36;1m${GITHUB_ACTION_PATH}/scripts/run_axiom_audit.sh[0m
2026-10-10T22:57:37.8057498Z ##[group]axiom-audit Output
2026-10-10T22:57:37.8057811Z Auditing axioms with leanprover-community/axiom-audit
2026-10-10T22:57:38.8172565Z ⚠ [3132/3368] Replayed LinearDistancePreservers.ConsistentTiebreaking
2026-10-10T22:57:38.8175292Z consider restructuring your `variable` declarations so that the variables are not in scope or explicitly omit them:
2026-10-10T22:57:38.8178113Z consider restructuring your `variable` declarations so that the variables are not in scope or explicitly omit them:
2026-10-10T22:57:38.8181361Z consider restructuring your `variable` declarations so that the variables are not in scope or explicitly omit them:
2026-10-10T22:57:38.8184045Z consider restructuring your `variable` declarations so that the variables are not in scope or explicitly omit them:
2026-10-10T22:57:38.8186961Z consider restructuring your `variable` declarations so that the variables are not in scope or explicitly omit them:
2026-10-10T22:57:38.8189285Z consider restructuring your `variable` declarations so that the variables are not in scope or explicitly omit them:
2026-10-10T22:57:38.8191906Z consider restructuring your `variable` declarations so that the variables are not in scope or explicitly omit them:
2026-10-10T22:57:38.8194720Z consider restructuring your `variable` declarations so that the variables are not in scope or explicitly omit them:
2026-10-10T22:57:38.8196506Z ⚠ [3133/3368] Replayed LinearDistancePreservers.RoutingOfPaths
2026-10-10T22:57:38.8198202Z consider restructuring your `variable` declarations so that the variables are not in scope or explicitly omit them:
2026-10-10T22:57:38.8203923Z consider restructuring your `variable` declarations so that the variables are not in scope or explicitly omit them:
2026-10-10T22:57:38.8222983Z ⚠ [3135/3368] Replayed LinearDistancePreservers.NativeWalkBridge
2026-10-10T22:57:38.8224530Z consider restructuring your `variable` declarations so that the variables are not in scope or explicitly omit them:
2026-10-10T22:57:38.8227693Z consider restructuring your `variable` declarations so that the variables are not in scope or explicitly omit them:
2026-10-10T22:57:38.8229085Z ⚠ [3136/3368] Replayed LinearDistancePreservers.WalkSequence
2026-10-10T22:57:38.8234876Z ⚠ [3145/3368] Replayed LinearDistancePreservers.PreserverForcing
2026-10-10T22:57:38.8236574Z ⚠ [3146/3368] Replayed LinearDistancePreservers.WeightedNativeForcing
2026-10-10T22:57:38.8238918Z consider restructuring your `variable` declarations so that the variables are not in scope or explicitly omit them:
2026-10-10T22:57:38.8240028Z ⚠ [3147/3368] Replayed LinearDistancePreservers.PreserverPadding
2026-10-10T22:57:38.8242715Z consider restructuring your `variable` declarations so that the variables are not in scope or explicitly omit them:
2026-10-10T22:57:38.8245769Z consider restructuring your `variable` declarations so that the variables are not in scope or explicitly omit them:
2026-10-10T22:57:38.8247248Z ⚠ [3148/3368] Replayed LinearDistancePreservers.ModularDistance
2026-10-10T22:57:38.8251046Z consider restructuring your `variable` declarations so that the variables are not in scope or explicitly omit them:
2026-10-10T22:57:38.8253627Z consider restructuring your `variable` declarations so that the variables are not in scope or explicitly omit them:
2026-10-10T22:57:38.8256123Z consider restructuring your `variable` declarations so that the variables are not in scope or explicitly omit them:
2026-10-10T22:57:38.8257107Z ⚠ [3149/3368] Replayed LinearDistancePreservers.ModularPerfect
2026-10-10T22:57:38.8259515Z consider restructuring your `variable` declarations so that the variables are not in scope or explicitly omit them:
2026-10-10T22:57:38.8262092Z ⚠ [3150/3368] Replayed LinearDistancePreservers.PathLowerBound
2026-10-10T22:57:38.8264702Z ⚠ [3153/3368] Replayed LinearDistancePreservers.ObstacleCounting
2026-10-10T22:57:38.8266846Z ⚠ [3155/3368] Replayed LinearDistancePreservers.DirectionObstacle
2026-10-10T22:57:38.8274841Z consider restructuring your `variable` declarations so that the variables are not in scope or explicitly omit them:
2026-10-10T22:57:38.8277010Z consider restructuring your `variable` declarations so that the variables are not in scope or explicitly omit them:
2026-10-10T22:57:38.8279351Z consider restructuring your `variable` declarations so that the variables are not in scope or explicitly omit them:
2026-10-10T22:57:38.8280920Z ⚠ [3320/3368] Replayed LinearDistancePreservers.UnweightedPadding
2026-10-10T22:57:38.8283935Z consider restructuring your `variable` declarations so that the variables are not in scope or explicitly omit them:
2026-10-10T22:57:38.8287562Z consider restructuring your `variable` declarations so that the variables are not in scope or explicitly omit them:
2026-10-10T22:57:38.8289004Z ⚠ [3322/3368] Replayed LinearDistancePreservers.FavorableCut
2026-10-10T22:57:38.8291431Z ⚠ [3349/3368] Replayed LinearDistancePreservers.MatchingExtremal
2026-10-10T22:57:38.8294905Z consider restructuring your `variable` declarations so that the variables are not in scope or explicitly omit them:
2026-10-10T22:57:38.8297515Z consider restructuring your `variable` declarations so that the variables are not in scope or explicitly omit them:
2026-10-10T22:57:38.8300763Z ⚠ [3350/3368] Replayed LinearDistancePreservers.InducedMatchingRemoval
2026-10-10T22:57:38.8302846Z consider restructuring your `variable` declarations so that the variables are not in scope or explicitly omit them:
2026-10-10T22:57:38.8307706Z consider restructuring your `variable` declarations so that the variables are not in scope or explicitly omit them:
2026-10-10T22:57:38.8315814Z ⚠ [3351/3368] Replayed LinearDistancePreservers.LazyTreeSelection
2026-10-10T22:57:38.8317738Z consider restructuring your `variable` declarations so that the variables are not in scope or explicitly omit them:
2026-10-10T22:57:38.8327507Z consider restructuring your `variable` declarations so that the variables are not in scope or explicitly omit them:
2026-10-10T22:57:38.8330437Z consider restructuring your `variable` declarations so that the variables are not in scope or explicitly omit them:
2026-10-10T22:57:38.8332101Z ⚠ [3353/3368] Replayed LinearDistancePreservers.ModularObstacle
2026-10-10T22:57:38.8334493Z consider restructuring your `variable` declarations so that the variables are not in scope or explicitly omit them:
2026-10-10T22:57:38.8335901Z ⚠ [3355/3368] Replayed LinearDistancePreservers.ModularObstacleMetric
2026-10-10T22:57:38.8338170Z consider restructuring your `variable` declarations so that the variables are not in scope or explicitly omit them:
2026-10-10T22:57:38.8341503Z consider restructuring your `variable` declarations so that the variables are not in scope or explicitly omit them:
2026-10-10T22:57:38.8343187Z ⚠ [3358/3368] Replayed LinearDistancePreservers.UnweightedClique
2026-10-10T22:57:38.8346851Z ⚠ [3361/3368] Replayed LinearDistancePreservers.TheoremOne
2026-10-10T22:57:38.8350796Z consider restructuring your `variable` declarations so that the variables are not in scope or explicitly omit them:
2026-10-10T22:57:38.8356136Z ⚠ [3362/3368] Replayed LinearDistancePreservers.TheoremThree
2026-10-10T22:57:38.8358695Z consider restructuring your `variable` declarations so that the variables are not in scope or explicitly omit them:
2026-10-10T22:57:38.8386021Z ⚠ [3363/3368] Replayed LinearDistancePreservers.TheoremThreeExact
2026-10-10T22:57:38.8391397Z ⚠ [3364/3368] Replayed LinearDistancePreservers.TreeCounting
2026-10-10T22:57:38.8399195Z ⚠ [3365/3368] Replayed LinearDistancePreservers.TheoremTwo
2026-10-10T22:57:38.9168680Z ⚠ [3418/3578] Replayed DegreeFaultSpanners.RealBound
2026-10-10T22:57:38.9174512Z ⚠ [3427/3578] Replayed DegreeFaultSpanners.Blowup
2026-10-10T22:57:38.9176792Z ⚠ [3432/3578] Replayed DegreeFaultSpanners.AllSizesTheorem
2026-10-10T22:57:38.9185237Z ⚠ [3437/3578] Replayed LengthExpander.Hikers
2026-10-10T22:57:38.9190995Z ⚠ [3438/3578] Replayed LengthExpander.MatchingPermutations
2026-10-10T22:57:38.9193138Z ⚠ [3439/3578] Replayed LengthExpander.HikerCount
2026-10-10T22:57:38.9194737Z consider restructuring your `variable` declarations so that the variables are not in scope or explicitly omit them:
2026-10-10T22:57:38.9196904Z ⚠ [3442/3578] Replayed LengthExpander.DeletionCount
2026-10-10T22:57:38.9198860Z ⚠ [3445/3578] Replayed LengthExpander.HereditaryDensity
2026-10-10T22:57:38.9201643Z ⚠ [3446/3578] Replayed LengthExpander.SparseOrder
2026-10-10T22:57:38.9203383Z ⚠ [3447/3578] Replayed LengthExpander.ForestCover
2026-10-10T22:57:38.9204521Z ⚠ [3449/3578] Replayed LengthExpander.RealParameterArboricity
2026-10-10T22:57:38.9206355Z consider restructuring your `variable` declarations so that the variables are not in scope or explicitly omit them:
2026-10-10T22:57:38.9207541Z ⚠ [3450/3578] Replayed LengthExpander.BipartiteCounterexample
2026-10-10T22:57:38.9210093Z ⚠ [3452/3578] Replayed LengthExpander.Metric
2026-10-10T22:57:38.9211580Z ⚠ [3454/3578] Replayed LengthExpander.FiniteTermination
2026-10-10T22:57:38.9213307Z consider restructuring your `variable` declarations so that the variables are not in scope or explicitly omit them:
2026-10-10T22:57:38.9215707Z consider restructuring your `variable` declarations so that the variables are not in scope or explicitly omit them:
2026-10-10T22:57:38.9216822Z ⚠ [3455/3578] Replayed LengthExpander.DirectedDemandMatching
2026-10-10T22:57:38.9218906Z consider restructuring your `variable` declarations so that the variables are not in scope or explicitly omit them:
2026-10-10T22:57:38.9221433Z consider restructuring your `variable` declarations so that the variables are not in scope or explicitly omit them:
2026-10-10T22:57:38.9224052Z consider restructuring your `variable` declarations so that the variables are not in scope or explicitly omit them:
2026-10-10T22:57:38.9226640Z consider restructuring your `variable` declarations so that the variables are not in scope or explicitly omit them:
2026-10-10T22:57:38.9229550Z ⚠ [3456/3578] Replayed LengthExpander.MatchingMetricBridge
2026-10-10T22:57:38.9231190Z ⚠ [3457/3578] Replayed LengthExpander.DemandMatchingFamily
2026-10-10T22:57:38.9232517Z ⚠ [3458/3578] Replayed LengthExpander.SequentialDemandGeometry
2026-10-10T22:57:38.9234226Z consider restructuring your `variable` declarations so that the variables are not in scope or explicitly omit them:
2026-10-10T22:57:38.9239890Z consider restructuring your `variable` declarations so that the variables are not in scope or explicitly omit them:
2026-10-10T22:57:38.9241210Z ⚠ [3459/3578] Replayed LengthExpander.CutSequenceMatching
2026-10-10T22:57:38.9243123Z consider restructuring your `variable` declarations so that the variables are not in scope or explicitly omit them:
2026-10-10T22:57:38.9245727Z consider restructuring your `variable` declarations so that the variables are not in scope or explicitly omit them:
2026-10-10T22:57:38.9248362Z consider restructuring your `variable` declarations so that the variables are not in scope or explicitly omit them:
2026-10-10T22:57:38.9249622Z ⚠ [3461/3578] Replayed LengthExpander.DirectDecomposition
2026-10-10T22:57:38.9254818Z ⚠ [3463/3578] Replayed LengthExpander.NonnegativeCutSequence
2026-10-10T22:57:38.9256814Z consider restructuring your `variable` declarations so that the variables are not in scope or explicitly omit them:
2026-10-10T22:57:38.9258054Z ⚠ [3464/3578] Replayed LengthExpander.SparseOrientation
2026-10-10T22:57:38.9259741Z ⚠ [3466/3578] Replayed LengthExpander.ListDemands
2026-10-10T22:57:38.9261505Z consider restructuring your `variable` declarations so that the variables are not in scope or explicitly omit them:
2026-10-10T22:57:38.9264248Z consider restructuring your `variable` declarations so that the variables are not in scope or explicitly omit them:
2026-10-10T22:57:38.9267010Z consider restructuring your `variable` declarations so that the variables are not in scope or explicitly omit them:
2026-10-10T22:57:38.9271781Z consider restructuring your `variable` declarations so that the variables are not in scope or explicitly omit them:
2026-10-10T22:57:38.9273137Z ⚠ [3467/3578] Replayed LengthExpander.OrientationDispersion
2026-10-10T22:57:38.9275062Z consider restructuring your `variable` declarations so that the variables are not in scope or explicitly omit them:
2026-10-10T22:57:38.9277571Z ⚠ [3468/3578] Replayed LengthExpander.PushforwardDemand
2026-10-10T22:57:38.9279401Z consider restructuring your `variable` declarations so that the variables are not in scope or explicitly omit them:
2026-10-10T22:57:38.9280648Z ⚠ [3471/3578] Replayed LengthExpander.DispersedPairGeometry
2026-10-10T22:57:38.9282621Z consider restructuring your `variable` declarations so that the variables are not in scope or explicitly omit them:
2026-10-10T22:57:38.9283856Z ⚠ [3474/3578] Replayed LengthExpander.UnionSparsity
2026-10-10T22:57:38.9286967Z ⚠ [3477/3578] Replayed LengthExpander.RealCutSequence
2026-10-10T22:57:38.9289056Z consider restructuring your `variable` declarations so that the variables are not in scope or explicitly omit them:
2026-10-10T22:57:38.9290379Z ⚠ [3479/3578] Replayed LengthExpander.RealUnionSparsity
2026-10-10T22:57:38.9293607Z ⚠ [3481/3578] Replayed LengthExpander.SourceCorrections
2026-10-10T22:57:38.9296299Z ⚠ [3482/3578] Replayed LengthExpander.RescalingCounterexample
2026-10-10T22:57:38.9300548Z ⚠ [3486/3578] Replayed MinorFreeSpanners.MinorEdgeCount
2026-10-10T22:57:38.9301321Z warning: Multiplicative Spanners in Minor-Free Graphs/MinorFreeSpanners/MinorEdgeCount.lean:32:0: automatically included section variable(s) unused in theorem `MinorFreeSpanners.MinorModel.edge_count_le`:
2026-10-10T22:57:38.9302522Z consider restructuring your `variable` declarations so that the variables are not in scope or explicitly omit them:
2026-10-10T22:57:38.9303772Z ⚠ [3488/3578] Replayed MinorFreeSpanners.MinorRestriction
2026-10-10T22:57:38.9304259Z warning: Multiplicative Spanners in Minor-Free Graphs/MinorFreeSpanners/MinorRestriction.lean:102:2: Try this: 
2026-10-10T22:57:38.9306759Z ⚠ [3489/3578] Replayed MinorFreeSpanners.Greedy
2026-10-10T22:57:38.9307449Z warning: Multiplicative Spanners in Minor-Free Graphs/MinorFreeSpanners/Greedy.lean:16:0: automatically included section variable(s) unused in theorem `MinorFreeSpanners.weightedGirth_girth`:
2026-10-10T22:57:38.9308679Z consider restructuring your `variable` declarations so that the variables are not in scope or explicitly omit them:
2026-10-10T22:57:38.9310159Z warning: Multiplicative Spanners in Minor-Free Graphs/MinorFreeSpanners/Greedy.lean:61:20: Used `tac1 <;> tac2` where `(tac1; tac2)` would suffice
2026-10-10T22:57:38.9311456Z warning: Multiplicative Spanners in Minor-Free Graphs/MinorFreeSpanners/Greedy.lean:61:34: Used `tac1 <;> tac2` where `(tac1; tac2)` would suffice
2026-10-10T22:57:38.9312621Z ⚠ [3490/3578] Replayed MinorFreeSpanners.LowerBound
2026-10-10T22:57:38.9313343Z warning: Multiplicative Spanners in Minor-Free Graphs/MinorFreeSpanners/LowerBound.lean:12:0: automatically included section variable(s) unused in theorem `MinorFreeSpanners.high_girth_spanner_eq`:
2026-10-10T22:57:38.9314404Z consider restructuring your `variable` declarations so that the variables are not in scope or explicitly omit them:
2026-10-10T22:57:38.9315678Z ⚠ [3492/3578] Replayed MinorFreeSpanners.DisjointCopies
2026-10-10T22:57:38.9316432Z warning: Multiplicative Spanners in Minor-Free Graphs/MinorFreeSpanners/DisjointCopies.lean:80:0: automatically included section variable(s) unused in theorem `MinorFreeSpanners.copyGraph.edge_count`:
2026-10-10T22:57:38.9317695Z consider restructuring your `variable` declarations so that the variables are not in scope or explicitly omit them:
2026-10-10T22:57:38.9318978Z ⚠ [3495/3578] Replayed MinorFreeSpanners.CoreExtraction
2026-10-10T22:57:38.9319725Z warning: Multiplicative Spanners in Minor-Free Graphs/MinorFreeSpanners/CoreExtraction.lean:9:0: automatically included section variable(s) unused in theorem `MinorFreeSpanners.GirthAbove.mono`:
2026-10-10T22:57:38.9320957Z consider restructuring your `variable` declarations so that the variables are not in scope or explicitly omit them:
2026-10-10T22:57:38.9322215Z ⚠ [3496/3578] Replayed MinorFreeSpanners.DensityAlgebra
2026-10-10T22:57:38.9322898Z warning: Multiplicative Spanners in Minor-Free Graphs/MinorFreeSpanners/DensityAlgebra.lean:13:31: Variable name `hm` is not explicitly referenced.
2026-10-10T22:57:38.9325119Z ⚠ [3497/3578] Replayed MinorFreeSpanners.CoreParameters
2026-10-10T22:57:38.9325682Z warning: Multiplicative Spanners in Minor-Free Graphs/MinorFreeSpanners/CoreParameters.lean:44:78: Unused tactic linter: `ring` does nothing
2026-10-10T22:57:38.9326905Z warning: Multiplicative Spanners in Minor-Free Graphs/MinorFreeSpanners/CoreParameters.lean:44:78: this tactic is never executed
2026-10-10T22:57:38.9328186Z warning: Multiplicative Spanners in Minor-Free Graphs/MinorFreeSpanners/CoreParameters.lean:69:62: Used `tac1 <;> tac2` where `(tac1; tac2)` would suffice
2026-10-10T22:57:38.9329288Z ⚠ [3504/3578] Replayed MinorFreeSpanners.StarLowerBound
2026-10-10T22:57:38.9330003Z warning: Multiplicative Spanners in Minor-Free Graphs/MinorFreeSpanners/StarLowerBound.lean:43:0: automatically included section variable(s) unused in theorem `MinorFreeSpanners.star_girth`:
2026-10-10T22:57:38.9331229Z consider restructuring your `variable` declarations so that the variables are not in scope or explicitly omit them:
2026-10-10T22:57:38.9332667Z ⚠ [3507/3578] Replayed MinorFreeSpanners.Claim19Counterexample
2026-10-10T22:57:38.9333270Z warning: Multiplicative Spanners in Minor-Free Graphs/MinorFreeSpanners/Claim19Counterexample.lean:75:63: This simp argument is unused:
2026-10-10T22:57:38.9335138Z ⚠ [3517/3578] Replayed MinorFreeSpanners.PostleMates
2026-10-10T22:57:38.9335748Z warning: Multiplicative Spanners in Minor-Free Graphs/MinorFreeSpanners/PostleMates.lean:105:4: `push_neg` has been deprecated. Prefer using `push Not` instead.
2026-10-10T22:57:38.9338009Z ⚠ [3518/3578] Replayed MinorFreeSpanners.MateFreeSets
2026-10-10T22:57:38.9338765Z warning: Multiplicative Spanners in Minor-Free Graphs/MinorFreeSpanners/MateFreeSets.lean:30:0: automatically included section variable(s) unused in theorem `MinorFreeSpanners.bipartite_commonNeighbors_empty`:
2026-10-10T22:57:38.9339866Z consider restructuring your `variable` declarations so that the variables are not in scope or explicitly omit them:
2026-10-10T22:57:38.9341187Z ⚠ [3522/3578] Replayed MinorFreeSpanners.LeafMinor
2026-10-10T22:57:38.9342043Z warning: Multiplicative Spanners in Minor-Free Graphs/MinorFreeSpanners/LeafMinor.lean:30:0: automatically included section variable(s) unused in theorem `MinorFreeSpanners.leafExtension.new_degree_le_one`:
2026-10-10T22:57:38.9343267Z consider restructuring your `variable` declarations so that the variables are not in scope or explicitly omit them:
2026-10-10T22:57:38.9344757Z warning: Multiplicative Spanners in Minor-Free Graphs/MinorFreeSpanners/LeafMinor.lean:46:2: `push_neg` has been deprecated. Prefer using `push Not` instead.
2026-10-10T22:57:38.9347452Z warning: Multiplicative Spanners in Minor-Free Graphs/MinorFreeSpanners/LeafMinor.lean:57:0: automatically included section variable(s) unused in theorem `MinorFreeSpanners.leafExtension.branch_root`:
2026-10-10T22:57:38.9348700Z consider restructuring your `variable` declarations so that the variables are not in scope or explicitly omit them:
2026-10-10T22:57:38.9350083Z ⚠ [3524/3578] Replayed MinorFreeSpanners.RobustCommonNeighbors
2026-10-10T22:57:38.9350783Z warning: Multiplicative Spanners in Minor-Free Graphs/MinorFreeSpanners/RobustCommonNeighbors.lean:42:4: `push_neg` has been deprecated. Prefer using `push Not` instead.
2026-10-10T22:57:38.9353227Z ⚠ [3527/3578] Replayed MinorFreeSpanners.ConnectedLowerBound
2026-10-10T22:57:38.9354020Z warning: Multiplicative Spanners in Minor-Free Graphs/MinorFreeSpanners/ConnectedLowerBound.lean:13:0: automatically included section variable(s) unused in theorem `MinorFreeSpanners.unit_tree_weight`:
2026-10-10T22:57:38.9355123Z consider restructuring your `variable` declarations so that the variables are not in scope or explicitly omit them:
2026-10-10T22:57:38.9356758Z warning: Multiplicative Spanners in Minor-Free Graphs/MinorFreeSpanners/ConnectedLowerBound.lean:30:0: automatically included section variable(s) unused in theorem `MinorFreeSpanners.unit_spanner_self`:
2026-10-10T22:57:38.9358032Z consider restructuring your `variable` declarations so that the variables are not in scope or explicitly omit them:
2026-10-10T22:57:38.9359670Z warning: Multiplicative Spanners in Minor-Free Graphs/MinorFreeSpanners/ConnectedLowerBound.lean:58:2: Try this: 
2026-10-10T22:57:38.9361998Z ⚠ [3530/3578] Replayed MinorFreeSpanners.MinimalDenseMinor
2026-10-10T22:57:38.9362587Z warning: Multiplicative Spanners in Minor-Free Graphs/MinorFreeSpanners/MinimalDenseMinor.lean:41:2: Try this: 
2026-10-10T22:57:38.9365022Z warning: Multiplicative Spanners in Minor-Free Graphs/MinorFreeSpanners/MinimalDenseMinor.lean:88:2: Try this: 
2026-10-10T22:57:38.9367319Z ⚠ [3531/3578] Replayed MinorFreeSpanners.EdgeContraction
2026-10-10T22:57:38.9367868Z warning: Multiplicative Spanners in Minor-Free Graphs/MinorFreeSpanners/EdgeContraction.lean:79:2: try 'simp' instead of 'simpa'
2026-10-10T22:57:38.9368939Z ⚠ [3533/3578] Replayed MinorFreeSpanners.DenseMinorNeighborhood
2026-10-10T22:57:38.9369536Z warning: Multiplicative Spanners in Minor-Free Graphs/MinorFreeSpanners/DenseMinorNeighborhood.lean:35:4: try 'simp' instead of 'simpa'
2026-10-10T22:57:38.9370810Z warning: Multiplicative Spanners in Minor-Free Graphs/MinorFreeSpanners/DenseMinorNeighborhood.lean:64:4: try 'simp' instead of 'simpa'
2026-10-10T22:57:38.9371881Z ⚠ [3560/3578] Replayed MinorFreeSpanners.SubdivisionMinor
2026-10-10T22:57:38.9372629Z warning: Multiplicative Spanners in Minor-Free Graphs/MinorFreeSpanners/SubdivisionMinor.lean:145:2: `push_neg` has been deprecated. Prefer using `push Not` instead.
2026-10-10T22:57:38.9374938Z ⚠ [3563/3578] Replayed MinorFreeSpanners.PostleBipartiteTrim
2026-10-10T22:57:38.9375439Z warning: Multiplicative Spanners in Minor-Free Graphs/MinorFreeSpanners/PostleBipartiteTrim.lean:37:2: Try this: 
2026-10-10T22:57:38.9378176Z warning: Multiplicative Spanners in Minor-Free Graphs/MinorFreeSpanners/PostleBipartiteTrim.lean:57:17: `dif_pos` has been deprecated: Use `dite_eq_left` instead
2026-10-10T22:57:38.9378850Z ⚠ [3574/3578] Replayed MinorFreeSpanners.TriangleMinor
2026-10-10T22:57:38.9379373Z warning: Multiplicative Spanners in Minor-Free Graphs/MinorFreeSpanners/TriangleMinor.lean:32:24: try 'simp' instead of 'simpa'
2026-10-10T22:57:38.9380631Z warning: Multiplicative Spanners in Minor-Free Graphs/MinorFreeSpanners/TriangleMinor.lean:34:10: try 'simp' instead of 'simpa'
2026-10-10T22:57:38.9381836Z warning: Multiplicative Spanners in Minor-Free Graphs/MinorFreeSpanners/TriangleMinor.lean:36:24: try 'simp' instead of 'simpa'
2026-10-10T22:57:38.9383119Z warning: Multiplicative Spanners in Minor-Free Graphs/MinorFreeSpanners/TriangleMinor.lean:38:10: try 'simp' instead of 'simpa'
2026-10-10T22:57:38.9384311Z warning: Multiplicative Spanners in Minor-Free Graphs/MinorFreeSpanners/TriangleMinor.lean:44:18: try 'simp' instead of 'simpa'
2026-10-10T22:57:38.9385575Z warning: Multiplicative Spanners in Minor-Free Graphs/MinorFreeSpanners/TriangleMinor.lean:50:19: `if_pos` has been deprecated: Use `ite_eq_left` instead
2026-10-10T22:57:38.9386377Z warning: Multiplicative Spanners in Minor-Free Graphs/MinorFreeSpanners/TriangleMinor.lean:50:19: This simp argument is unused:
2026-10-10T22:57:38.9388308Z warning: Multiplicative Spanners in Minor-Free Graphs/MinorFreeSpanners/TriangleMinor.lean:50:30: This simp argument is unused:
2026-10-10T22:57:38.9390010Z Build completed successfully (3578 jobs).
2026-10-10T22:57:38.9608534Z Fetching axiom-audit @ v0.1.2 (46024e005996495c65ef609368e11ab39c4222e3)...
2026-10-10T22:57:38.9622206Z Cloning into '/home/runner/work/_temp/axiom-audit.sgl85a/axiom-audit'...
2026-10-10T22:57:41.6407790Z ✔ [2/6] Built AxiomAudit (2.2s)
2026-10-10T22:57:42.0412245Z ✔ [3/6] Built AxiomAudit:c.o (406ms)
2026-10-10T22:57:42.4416666Z ✔ [4/6] Built Main (820ms)
2026-10-10T22:57:42.6418486Z ✔ [5/6] Built Main:c.o (207ms)
2026-10-10T22:57:44.2438017Z ✔ [6/6] Built «axiom-audit»:exe (1.6s)
2026-10-10T22:57:44.2441785Z Build completed successfully (6 jobs).
2026-10-10T22:57:45.8363930Z axiom-audit: audited 195 declaration(s) under 'VFTSpanners'; all within the allowlist [propext, Classical.choice, Quot.sound].
2026-10-10T22:57:45.8759726Z axiom-audit completed successfully
2026-10-10T22:57:45.9032998Z ##[end-action id=__leanprover_lean-action.axiom-audit;outcome=success;conclusion=success;duration_ms=8113]
2026-10-10T22:57:47.3073999Z ✔ [70/142] Built Mathlib.Lean.Linter:c.o (80ms)
2026-10-10T22:57:47.6086094Z ✔ [71/142] Built Mathlib.Tactic.AdaptationNote:c.o (272ms)
2026-10-10T22:57:47.7063737Z ✔ [72/142] Built Mathlib.Tactic.Lemma:c.o (128ms)
2026-10-10T22:57:48.0063714Z ✔ [73/142] Built Mathlib.Tactic.Linter.DirectoryDependency:c.o (798ms)
2026-10-10T22:57:48.0093525Z ✔ [74/142] Built Mathlib.Tactic.Linter.AuxLemma:c.o (354ms)
2026-10-10T22:57:48.3087987Z ✔ [75/142] Built Mathlib.Tactic.Linter.Header:c.o (1.1s)
2026-10-10T22:57:48.4093818Z ✔ [76/142] Built Mathlib.Tactic.Linter.DocPrime:c.o (346ms)
2026-10-10T22:57:48.5094002Z ✔ [77/142] Built Mathlib.Tactic.Linter.DeprecatedSyntaxLinter:c.o (562ms)
2026-10-10T22:57:48.9103996Z ✔ [78/142] Built Mathlib.Tactic.Linter.GlobalAttributeIn:c.o (374ms)
2026-10-10T22:57:49.3093847Z ✔ [79/142] Built Mathlib.Tactic.Linter.EmptyLine:c.o (886ms)
2026-10-10T22:57:49.5103769Z ✔ [80/142] Built Mathlib.Tactic.Linter.DocString:c.o (1.2s)
2026-10-10T22:57:49.5133249Z ✔ [81/142] Built Mathlib.Tactic.Linter.HashCommandLinter:c.o (563ms)
2026-10-10T22:57:49.6090027Z ✔ [82/142] Built Mathlib.Tactic.Linter.HaveILetI:c.o (333ms)
2026-10-10T22:57:49.9113933Z ✔ [83/142] Built Mathlib.Tactic.Linter.InternalConstructor:c.o (420ms)
2026-10-10T22:57:50.1134810Z ✔ [84/142] Built Mathlib.Tactic.Linter.OldObtain:c.o (256ms)
2026-10-10T22:57:50.3164079Z ✔ [85/142] Built Mathlib.Tactic.Linter.Multigoal:c.o (730ms)
2026-10-10T22:57:50.4163801Z ✔ [86/142] Built Batteries.Lean.Position:c.o (243ms)
2026-10-10T22:57:50.5163723Z ✔ [87/142] Built Mathlib.Lean.Environment:c.o (100ms)
2026-10-10T22:57:51.0167895Z ✔ [88/142] Built Mathlib.Lean.Elab.InfoTree:c.o (492ms)
2026-10-10T22:57:51.6203657Z ✔ [91/142] Built Cli.Basic:c.o (4.4s)
2026-10-10T22:57:51.6233840Z ✔ [92/142] Built Mathlib.Tactic.Linter.FlexibleLinter:c.o (2.0s)
2026-10-10T22:57:52.0177609Z ✔ [93/142] Built Mathlib.Tactic.Linter.PrivateModule:c.o (378ms)
2026-10-10T22:57:52.2183712Z ✔ [94/142] Built Mathlib.Lean.Expr.Basic:c.o (1.9s)
2026-10-10T22:57:52.2213732Z ✔ [95/142] Built Mathlib.Tactic.Linter.TacticDocumentation:c.o (245ms)
2026-10-10T22:57:52.3182618Z ✔ [97/142] Built Mathlib.Tactic.Linter.UnusedInstancesInType:c.o (1.3s)
2026-10-10T22:57:52.4193783Z ✔ [98/142] Built Mathlib.Tactic.DeclarationNames:c.o (141ms)
2026-10-10T22:57:52.7213850Z ✔ [99/142] Built Mathlib.Tactic.Linter.UnusedTacticExtension:c.o (477ms)
2026-10-10T22:57:53.3224012Z ✔ [100/142] Built Mathlib.Tactic.Linter.UnusedTactic:c.o (1.1s)
2026-10-10T22:57:53.8283845Z ✔ [101/142] Built Mathlib.Tactic.Linter.Whitespace:c.o (1.2s)
2026-10-10T22:57:53.8303227Z ✔ [102/142] Built Mathlib.Lean.Elab.Tactic.Meta:c.o (464ms)
2026-10-10T22:57:54.0273954Z ✔ [103/142] Built Mathlib.Tactic.Linter.Style:c.o (1.5s)
2026-10-10T22:57:54.3293967Z ✔ [104/142] Built Batteries.Lean.Meta.Inaccessible:c.o (332ms)
2026-10-10T22:57:54.4293894Z ✔ [105/142] Built Mathlib.Tactic.Linter.OverlappingInstances:c.o (2.8s)
2026-10-10T22:57:54.4323538Z ✔ [106/142] Built Mathlib.Lean.ContextInfo:c.o (671ms)
2026-10-10T22:57:54.5318422Z ✔ [107/142] Built ImportGraph.Imports.Redundant:c.o (161ms)
2026-10-10T22:57:54.5323045Z ✔ [108/142] Built ImportGraph.Lean.Environment:c.o (133ms)
2026-10-10T22:57:54.9323919Z ✔ [109/142] Built ImportGraph.Imports.ImportGraph:c.o (638ms)
2026-10-10T22:57:55.0324172Z ✔ [110/142] Built Mathlib.Tactic.TacticAnalysis:c.o (1.2s)
2026-10-10T22:57:55.2374107Z ✔ [111/142] Built Mathlib.Util.ParseCommand:c.o (179ms)
2026-10-10T22:57:56.0346224Z ✔ [112/142] Built ImportGraph.Imports.RequiredModules:c.o (1.4s)
2026-10-10T22:57:56.1373864Z ✔ [113/142] Built Mathlib.Tactic.TypeStar:c.o (177ms)
2026-10-10T22:57:56.4375250Z ✔ [115/142] Built Mathlib.Tactic.ExtractGoal:c.o (1.4s)
2026-10-10T22:57:56.5384361Z ✔ [118/142] Built ImportGraph.Graph.TransitiveClosure:c.o (122ms)
2026-10-10T22:57:56.7393994Z ✔ [119/142] Built Mathlib.Tactic.MinImports:c.o (2.1s)
2026-10-10T22:57:57.1379415Z ✔ [120/142] Built ImportGraph.Tools.ImportDiff:c.o (450ms)
2026-10-10T22:57:57.5387822Z ✔ [121/142] Built ImportGraph.Tools.FindHome:c.o (994ms)
2026-10-10T22:57:57.5413351Z ✔ [122/142] Built ImportGraph.Tools.MinImports:c.o (365ms)
2026-10-10T22:57:57.5443242Z ✔ [123/142] Built ImportGraph.Tools:c.o (74ms)
2026-10-10T22:57:57.7394510Z ✔ [130/142] Built Mathlib.Tactic.TacticAnalysis.Declarations:c.o (2.5s)
2026-10-10T22:57:57.7395318Z ✔ [131/142] Built ImportGraph.Tools.RedundantImports:c.o (235ms)
2026-10-10T22:57:57.8377388Z ✔ [133/142] Built Mathlib.Util.CodeActions:c.o (74ms)
2026-10-10T22:57:57.9394276Z ✔ [135/142] Built Mathlib.Util.CodeActions.BinderPlicity:c.o (234ms)
2026-10-10T22:57:57.9423289Z ✔ [136/142] Built Mathlib.Init:c.o (113ms)
2026-10-10T22:57:58.1382512Z ✔ [137/142] Built Batteries.Tactic.HelpCmd:c.o (1.0s)
2026-10-10T22:57:58.2376149Z ✔ [138/142] Built Mathlib.Tactic.Linter.Lint:c.o (682ms)
2026-10-10T22:57:58.2376515Z ✔ [139/142] Built Mathlib.Util.GetAllModules:c.o (252ms)
2026-10-10T22:57:58.8382970Z ✔ [140/142] Built mk_all (905ms)
2026-10-10T22:57:59.1401431Z ✔ [141/142] Built mk_all:c.o (314ms)
2026-10-10T22:58:00.0426437Z ✔ [142/142] Built mk_all:exe (860ms)
2026-10-10T22:58:00.0445972Z Build completed successfully (142 jobs).
2026-10-10T22:58:08.2499628Z Axiom audit passed: 195 declarations defined in VFTSpanners modules; allowed axioms: [propext,
2026-10-10T22:58:08.2500478Z Axiom audit passed: 984 declarations defined in LinearDistancePreservers modules; allowed axioms: [propext,
2026-10-10T22:58:08.2501163Z Axiom audit passed: 279 declarations defined in LightSpanners modules; allowed axioms: [propext,
2026-10-10T22:58:08.2502398Z Axiom audit passed: 440 declarations defined in DegreeFaultSpanners modules; allowed axioms: [propext,
2026-10-10T22:58:08.2503050Z Axiom audit passed: 612 declarations defined in LengthExpander modules; allowed axioms: [propext,
2026-10-10T22:58:08.2503686Z Axiom audit passed: 816 declarations defined in MinorFreeSpanners modules; allowed axioms: [propext,
2026-10-10T23:13:41.1775518Z replaying MinorFreeSpanners.AllCliqueOrdersLowerBound
2026-10-10T23:13:47.1040198Z replaying MinorFreeSpanners.BoundedMinor
2026-10-10T23:13:53.4315821Z replaying MinorFreeSpanners.Claim19Counterexample
2026-10-10T23:14:00.0332779Z replaying MinorFreeSpanners.CliqueDensityBudget
2026-10-10T23:14:06.1305855Z replaying MinorFreeSpanners.ClusterClaim23
2026-10-10T23:14:12.1712646Z replaying MinorFreeSpanners.ClusterEdgeWeights
2026-10-10T23:14:18.2636962Z replaying MinorFreeSpanners.ClusterGirth
2026-10-10T23:14:24.3808448Z replaying MinorFreeSpanners.ClusterGraph
2026-10-10T23:14:30.5547393Z replaying MinorFreeSpanners.ClusterWalkLift
2026-10-10T23:14:37.2055644Z replaying MinorFreeSpanners.CommonNeighborIncidences
2026-10-10T23:14:43.4442251Z replaying MinorFreeSpanners.CompletionMinor
2026-10-10T23:14:50.2189396Z replaying MinorFreeSpanners.ConnectFiniteSet
2026-10-10T23:14:57.2757054Z replaying MinorFreeSpanners.ConnectedLowerBound
2026-10-10T23:15:03.7339617Z replaying MinorFreeSpanners.CoreExtraction
2026-10-10T23:15:10.6050635Z replaying MinorFreeSpanners.CoreParameters
2026-10-10T23:15:17.5342023Z replaying MinorFreeSpanners.CrossingSurplusBudget
2026-10-10T23:15:23.8697013Z replaying MinorFreeSpanners.CycleEdgeRemoval
2026-10-10T23:15:30.6884744Z replaying MinorFreeSpanners.DenseGraphDiameter
2026-10-10T23:15:37.2243554Z replaying MinorFreeSpanners.DenseMinorNeighborhood
2026-10-10T23:15:43.8523356Z replaying MinorFreeSpanners.DensityAlgebra
2026-10-10T23:15:50.5174431Z replaying MinorFreeSpanners.DensityLinearLoss
2026-10-10T23:15:56.6356098Z replaying MinorFreeSpanners.DisjointCopies
2026-10-10T23:16:02.7623243Z replaying MinorFreeSpanners.EdgeContraction
2026-10-10T23:16:08.9026281Z replaying MinorFreeSpanners.EdgeContractionCount
2026-10-10T23:16:15.2973579Z replaying MinorFreeSpanners.ExactSizeLowerBound
2026-10-10T23:16:22.0287434Z replaying MinorFreeSpanners.ExtendCliqueModel
2026-10-10T23:16:28.8875347Z replaying MinorFreeSpanners.FiniteSeparatedSide
2026-10-10T23:16:35.7328449Z replaying MinorFreeSpanners.FiniteStarPacking
2026-10-10T23:16:42.6169571Z replaying MinorFreeSpanners.FullStarContraction
2026-10-10T23:16:49.4225311Z replaying MinorFreeSpanners.FullStarEdgeAccounting
2026-10-10T23:16:55.6608774Z replaying MinorFreeSpanners.GirthComponents
2026-10-10T23:17:02.3028063Z replaying MinorFreeSpanners.GirthConjectureLowerBound
2026-10-10T23:17:08.4677836Z replaying MinorFreeSpanners.Greedy
2026-10-10T23:17:15.2216975Z replaying MinorFreeSpanners.GreedyDominatingSet
2026-10-10T23:17:21.9837106Z replaying MinorFreeSpanners.GreedyNeighborhoodCover
2026-10-10T23:17:28.6154833Z replaying MinorFreeSpanners.InducedDegreeBudget
2026-10-10T23:17:34.7303103Z replaying MinorFreeSpanners.IntrinsicGirthGap
2026-10-10T23:17:40.9213446Z replaying MinorFreeSpanners.IsolatedPadding
2026-10-10T23:17:47.1287709Z replaying MinorFreeSpanners.LeafMinor
2026-10-10T23:17:54.1563513Z replaying MinorFreeSpanners.LogarithmicCliqueThreshold
2026-10-10T23:18:00.5138017Z replaying MinorFreeSpanners.LowerBound
2026-10-10T23:18:07.3952757Z replaying MinorFreeSpanners.MateAugmentation
2026-10-10T23:18:14.2313658Z replaying MinorFreeSpanners.MateFreeSets
2026-10-10T23:18:21.1141031Z replaying MinorFreeSpanners.MateFreeStarContraction
2026-10-10T23:18:28.2520579Z replaying MinorFreeSpanners.MateFreeStarSelection
2026-10-10T23:18:34.8810356Z replaying MinorFreeSpanners.MinimalDenseMinor
2026-10-10T23:18:41.9403989Z replaying MinorFreeSpanners.MinimumBadStarFamily
2026-10-10T23:18:48.1886311Z replaying MinorFreeSpanners.Minor
2026-10-10T23:18:54.5675654Z replaying MinorFreeSpanners.MinorComposition
2026-10-10T23:19:00.9183909Z replaying MinorFreeSpanners.MinorEdgeCount
2026-10-10T23:19:07.4265995Z replaying MinorFreeSpanners.MinorNormalization
2026-10-10T23:19:13.8025874Z replaying MinorFreeSpanners.MinorRestriction
2026-10-10T23:19:19.9723541Z replaying MinorFreeSpanners.MinorSingletonDegree
2026-10-10T23:19:26.2528819Z replaying MinorFreeSpanners.MinorWeakMap
2026-10-10T23:19:32.9750536Z replaying MinorFreeSpanners.Moore
2026-10-10T23:19:40.0446616Z replaying MinorFreeSpanners.PostleBipartiteTrim
2026-10-10T23:19:46.8048419Z replaying MinorFreeSpanners.PostleBudget
2026-10-10T23:19:53.5573641Z replaying MinorFreeSpanners.PostleMates
2026-10-10T23:20:00.0888570Z replaying MinorFreeSpanners.PostleParameterBudget
2026-10-10T23:20:06.9210192Z replaying MinorFreeSpanners.PostlePullback
2026-10-10T23:20:13.7409118Z replaying MinorFreeSpanners.PostleSubgraphUnmated
2026-10-10T23:20:20.2899862Z replaying MinorFreeSpanners.RegularStarReduction
2026-10-10T23:20:26.8523729Z replaying MinorFreeSpanners.ResidualConnectedCover
2026-10-10T23:20:33.4793307Z replaying MinorFreeSpanners.RobustCliqueConstruction
2026-10-10T23:20:40.1470482Z replaying MinorFreeSpanners.RobustCommonNeighbors
2026-10-10T23:20:46.7536090Z replaying MinorFreeSpanners.RobustCoreDeletion
2026-10-10T23:20:53.5489394Z replaying MinorFreeSpanners.RobustSubgraph
2026-10-10T23:20:59.8548424Z replaying MinorFreeSpanners.RootedCompletion
2026-10-10T23:21:06.7161563Z replaying MinorFreeSpanners.SeededBipartiteTrim
2026-10-10T23:21:13.5386807Z replaying MinorFreeSpanners.SimpleQuotientCount
2026-10-10T23:21:19.3463992Z replaying MinorFreeSpanners.SimpleRelationPath
2026-10-10T23:21:26.0847578Z replaying MinorFreeSpanners.SmallConnectedCover
2026-10-10T23:21:32.2089836Z replaying MinorFreeSpanners.SmallMinors
2026-10-10T23:21:39.0360041Z replaying MinorFreeSpanners.SmallStarRestriction
2026-10-10T23:21:45.7733569Z replaying MinorFreeSpanners.StarCenterReachability
2026-10-10T23:21:52.4463547Z replaying MinorFreeSpanners.StarConflictCount
2026-10-10T23:21:59.0869891Z replaying MinorFreeSpanners.StarCrossingFiber
2026-10-10T23:22:05.6965002Z replaying MinorFreeSpanners.StarCrossingPairs
2026-10-10T23:22:12.4044912Z replaying MinorFreeSpanners.StarForestGraph
2026-10-10T23:22:18.5761671Z replaying MinorFreeSpanners.StarLowerBound
2026-10-10T23:22:25.2615274Z replaying MinorFreeSpanners.StarNeighborhoodUnion
2026-10-10T23:22:31.9451369Z replaying MinorFreeSpanners.StarPackingMinor
2026-10-10T23:22:38.6633491Z replaying MinorFreeSpanners.StarPackingSelection
2026-10-10T23:22:45.6039039Z replaying MinorFreeSpanners.StarPathAugmentation
2026-10-10T23:22:51.7865157Z replaying MinorFreeSpanners.SubdivisionMinor
2026-10-10T23:22:58.5183703Z replaying MinorFreeSpanners.ThreeMinorNormalization
2026-10-10T23:23:04.6613627Z replaying MinorFreeSpanners.TriangleMinor
2026-10-10T23:23:11.4643035Z replaying MinorFreeSpanners.TwoStarLeafSwap
