2026-10-10T21:40:40.2048835Z No update necessary
2026-10-10T21:40:41.1135003Z No update necessary
2026-10-10T21:40:42.0481436Z No update necessary
2026-10-10T21:40:42.9593615Z No update necessary
2026-10-10T21:40:43.8715920Z No update necessary
2026-10-10T21:40:44.7735007Z No update necessary
2026-10-10T21:40:51.0468362Z Axiom audit passed: 195 declarations defined in VFTSpanners modules; allowed axioms: [propext,
2026-10-10T21:40:51.0470896Z Axiom audit passed: 984 declarations defined in LinearDistancePreservers modules; allowed axioms: [propext,
2026-10-10T21:40:51.0472971Z Axiom audit passed: 279 declarations defined in LightSpanners modules; allowed axioms: [propext,
2026-10-10T21:40:51.0474989Z Axiom audit passed: 440 declarations defined in DegreeFaultSpanners modules; allowed axioms: [propext,
2026-10-10T21:40:51.0476980Z Axiom audit passed: 612 declarations defined in LengthExpander modules; allowed axioms: [propext,
2026-10-10T21:40:51.0478942Z Axiom audit passed: 678 declarations defined in MinorFreeSpanners modules; allowed axioms: [propext,
2026-10-10T22:00:19.0227290Z replaying MinorFreeSpanners.AllCliqueOrdersLowerBound
2026-10-10T22:00:26.7250961Z replaying MinorFreeSpanners.BoundedMinor
2026-10-10T22:00:34.5463766Z replaying MinorFreeSpanners.Claim19Counterexample
2026-10-10T22:00:42.9158897Z replaying MinorFreeSpanners.CliqueDensityBudget
2026-10-10T22:00:50.8663092Z replaying MinorFreeSpanners.ClusterClaim23
2026-10-10T22:00:58.8694780Z replaying MinorFreeSpanners.ClusterEdgeWeights
2026-10-10T22:01:06.8037085Z replaying MinorFreeSpanners.ClusterGirth
2026-10-10T22:01:14.7219766Z replaying MinorFreeSpanners.ClusterGraph
2026-10-10T22:01:22.8101463Z replaying MinorFreeSpanners.ClusterWalkLift
2026-10-10T22:01:30.7031475Z replaying MinorFreeSpanners.CompletionMinor
2026-10-10T22:01:39.3415441Z replaying MinorFreeSpanners.ConnectFiniteSet
2026-10-10T22:01:47.9898828Z replaying MinorFreeSpanners.ConnectedLowerBound
2026-10-10T22:01:55.8764614Z replaying MinorFreeSpanners.CoreExtraction
2026-10-10T22:02:04.4505067Z replaying MinorFreeSpanners.CoreParameters
2026-10-10T22:02:12.3691983Z replaying MinorFreeSpanners.CycleEdgeRemoval
2026-10-10T22:02:21.0077089Z replaying MinorFreeSpanners.DenseGraphDiameter
2026-10-10T22:02:29.1450663Z replaying MinorFreeSpanners.DenseMinorNeighborhood
2026-10-10T22:02:37.6461458Z replaying MinorFreeSpanners.DensityAlgebra
2026-10-10T22:02:46.0422448Z replaying MinorFreeSpanners.DensityLinearLoss
2026-10-10T22:02:53.9064189Z replaying MinorFreeSpanners.DisjointCopies
2026-10-10T22:03:01.6381353Z replaying MinorFreeSpanners.EdgeContraction
2026-10-10T22:03:09.4632299Z replaying MinorFreeSpanners.EdgeContractionCount
2026-10-10T22:03:17.3122891Z replaying MinorFreeSpanners.ExactSizeLowerBound
2026-10-10T22:03:25.6985618Z replaying MinorFreeSpanners.ExtendCliqueModel
2026-10-10T22:03:34.0942123Z replaying MinorFreeSpanners.FiniteSeparatedSide
2026-10-10T22:03:42.5297418Z replaying MinorFreeSpanners.FiniteStarPacking
2026-10-10T22:03:50.3426005Z replaying MinorFreeSpanners.GirthComponents
2026-10-10T22:03:58.6929075Z replaying MinorFreeSpanners.GirthConjectureLowerBound
2026-10-10T22:04:06.5829414Z replaying MinorFreeSpanners.Greedy
2026-10-10T22:04:15.0924876Z replaying MinorFreeSpanners.GreedyDominatingSet
2026-10-10T22:04:23.4181627Z replaying MinorFreeSpanners.GreedyNeighborhoodCover
2026-10-10T22:04:31.8649352Z replaying MinorFreeSpanners.InducedDegreeBudget
2026-10-10T22:04:39.4471215Z replaying MinorFreeSpanners.IntrinsicGirthGap
2026-10-10T22:04:47.1825578Z replaying MinorFreeSpanners.IsolatedPadding
2026-10-10T22:04:54.8859528Z replaying MinorFreeSpanners.LeafMinor
2026-10-10T22:05:03.3381056Z replaying MinorFreeSpanners.LogarithmicCliqueThreshold
2026-10-10T22:05:11.1470868Z replaying MinorFreeSpanners.LowerBound
2026-10-10T22:05:19.5193908Z replaying MinorFreeSpanners.MateFreeSets
2026-10-10T22:05:27.4043366Z replaying MinorFreeSpanners.MinimalDenseMinor
2026-10-10T22:05:35.0844132Z replaying MinorFreeSpanners.Minor
2026-10-10T22:05:42.7798472Z replaying MinorFreeSpanners.MinorComposition
2026-10-10T22:05:50.4154224Z replaying MinorFreeSpanners.MinorEdgeCount
2026-10-10T22:05:58.2821506Z replaying MinorFreeSpanners.MinorNormalization
2026-10-10T22:06:05.9251587Z replaying MinorFreeSpanners.MinorRestriction
2026-10-10T22:06:13.5794296Z replaying MinorFreeSpanners.MinorSingletonDegree
2026-10-10T22:06:21.2605727Z replaying MinorFreeSpanners.MinorWeakMap
2026-10-10T22:06:29.4475192Z replaying MinorFreeSpanners.Moore
2026-10-10T22:06:37.8537274Z replaying MinorFreeSpanners.PostleBipartiteTrim
2026-10-10T22:06:46.4720044Z replaying MinorFreeSpanners.PostleBudget
2026-10-10T22:06:55.0276245Z replaying MinorFreeSpanners.PostleMates
2026-10-10T22:07:03.5475052Z replaying MinorFreeSpanners.PostleParameterBudget
2026-10-10T22:07:12.0259514Z replaying MinorFreeSpanners.PostlePullback
2026-10-10T22:07:20.4961630Z replaying MinorFreeSpanners.PostleSubgraphUnmated
2026-10-10T22:07:28.9041671Z replaying MinorFreeSpanners.ResidualConnectedCover
2026-10-10T22:07:37.1444146Z replaying MinorFreeSpanners.RobustCliqueConstruction
2026-10-10T22:07:45.5081261Z replaying MinorFreeSpanners.RobustCommonNeighbors
2026-10-10T22:07:53.9067836Z replaying MinorFreeSpanners.RobustCoreDeletion
2026-10-10T22:08:02.2834230Z replaying MinorFreeSpanners.RobustSubgraph
2026-10-10T22:08:10.1599703Z replaying MinorFreeSpanners.RootedCompletion
2026-10-10T22:08:17.6098191Z replaying MinorFreeSpanners.SimpleRelationPath
2026-10-10T22:08:25.9551437Z replaying MinorFreeSpanners.SmallConnectedCover
2026-10-10T22:08:33.5863942Z replaying MinorFreeSpanners.SmallMinors
2026-10-10T22:08:42.0086192Z replaying MinorFreeSpanners.StarCenterReachability
2026-10-10T22:08:50.4172036Z replaying MinorFreeSpanners.StarConflictCount
2026-10-10T22:08:58.2235742Z replaying MinorFreeSpanners.StarLowerBound
2026-10-10T22:09:06.6206088Z replaying MinorFreeSpanners.StarPackingMinor
2026-10-10T22:09:14.9749832Z replaying MinorFreeSpanners.StarPackingSelection
2026-10-10T22:09:23.4110542Z replaying MinorFreeSpanners.StarPathAugmentation
2026-10-10T22:09:31.1642597Z replaying MinorFreeSpanners.SubdivisionMinor
2026-10-10T22:09:39.5753618Z replaying MinorFreeSpanners.ThreeMinorNormalization
2026-10-10T22:09:47.3056924Z replaying MinorFreeSpanners.TriangleMinor

