2026-10-10T20:05:58.3869241Z ✔ [3456/3540] Built MinorFreeSpanners.Minor (2.2s)
2026-10-10T20:06:00.2879785Z ⚠ [3460/3540] Built MinorFreeSpanners.DensityAlgebra (3.8s)
2026-10-10T20:06:00.2898984Z warning: Multiplicative Spanners in Minor-Free Graphs/MinorFreeSpanners/DensityAlgebra.lean:13:31: Variable name `hm` is not explicitly referenced.
2026-10-10T20:06:01.5939225Z ⚠ [3463/3540] Built MinorFreeSpanners.MinorEdgeCount (2.1s)
2026-10-10T20:06:01.5969459Z warning: Multiplicative Spanners in Minor-Free Graphs/MinorFreeSpanners/MinorEdgeCount.lean:32:0: automatically included section variable(s) unused in theorem `MinorFreeSpanners.MinorModel.edge_count_le`:
2026-10-10T20:06:02.3989275Z ⚠ [3464/3540] Built MinorFreeSpanners.Greedy (2.9s)
2026-10-10T20:06:02.3990981Z warning: Multiplicative Spanners in Minor-Free Graphs/MinorFreeSpanners/Greedy.lean:16:0: automatically included section variable(s) unused in theorem `MinorFreeSpanners.weightedGirth_girth`:
2026-10-10T20:06:02.4112289Z warning: Multiplicative Spanners in Minor-Free Graphs/MinorFreeSpanners/Greedy.lean:61:20: Used `tac1 <;> tac2` where `(tac1; tac2)` would suffice
2026-10-10T20:06:02.4114728Z warning: Multiplicative Spanners in Minor-Free Graphs/MinorFreeSpanners/Greedy.lean:61:34: Used `tac1 <;> tac2` where `(tac1; tac2)` would suffice
2026-10-10T20:06:02.7989216Z ✔ [3465/3540] Built MinorFreeSpanners.SmallMinors (2.1s)
2026-10-10T20:06:04.1979367Z ⚠ [3467/3540] Built MinorFreeSpanners.RobustCommonNeighbors (3.9s)
2026-10-10T20:06:04.2009356Z warning: Multiplicative Spanners in Minor-Free Graphs/MinorFreeSpanners/RobustCommonNeighbors.lean:42:4: `push_neg` has been deprecated. Prefer using `push Not` instead.
2026-10-10T20:06:06.0001498Z ✔ [3468/3540] Built MinorFreeSpanners.DensityLinearLoss (3.5s)
2026-10-10T20:06:06.3012992Z ✔ [3469/3540] Built MinorFreeSpanners.MinorComposition (2.1s)
2026-10-10T20:06:08.6073632Z ✔ [3471/3540] Built MinorFreeSpanners.IntrinsicGirthGap (2.0s)
2026-10-10T20:06:08.6099012Z ✔ [3472/3540] Built MinorFreeSpanners.CycleEdgeRemoval (2.3s)
2026-10-10T20:06:09.1169075Z ✔ [3474/3540] Built MinorFreeSpanners.Moore (3.1s)
2026-10-10T20:06:10.9182501Z ✔ [3475/3540] Built MinorFreeSpanners.MinorSingletonDegree (1.8s)
2026-10-10T20:06:11.1179566Z ⚠ [3476/3540] Built MinorFreeSpanners.LowerBound (2.5s)
2026-10-10T20:06:11.1209559Z warning: Multiplicative Spanners in Minor-Free Graphs/MinorFreeSpanners/LowerBound.lean:12:0: automatically included section variable(s) unused in theorem `MinorFreeSpanners.high_girth_spanner_eq`:
2026-10-10T20:06:12.1204880Z ⚠ [3477/3540] Built MinorFreeSpanners.Claim19Counterexample (3.5s)
2026-10-10T20:06:12.1229206Z warning: Multiplicative Spanners in Minor-Free Graphs/MinorFreeSpanners/Claim19Counterexample.lean:75:63: This simp argument is unused:
2026-10-10T20:06:13.1218613Z ⚠ [3478/3540] Built MinorFreeSpanners.MinorRestriction (2.2s)
2026-10-10T20:06:13.1249144Z warning: Multiplicative Spanners in Minor-Free Graphs/MinorFreeSpanners/MinorRestriction.lean:102:2: Try this: 
2026-10-10T20:06:13.1448832Z ⚠ [3479/3540] Built MinorFreeSpanners.CoreParameters (10s)
2026-10-10T20:06:13.1450347Z warning: Multiplicative Spanners in Minor-Free Graphs/MinorFreeSpanners/CoreParameters.lean:44:78: Unused tactic linter: `ring` does nothing
2026-10-10T20:06:13.1539066Z warning: Multiplicative Spanners in Minor-Free Graphs/MinorFreeSpanners/CoreParameters.lean:44:78: this tactic is never executed
2026-10-10T20:06:13.1609367Z warning: Multiplicative Spanners in Minor-Free Graphs/MinorFreeSpanners/CoreParameters.lean:69:62: Used `tac1 <;> tac2` where `(tac1; tac2)` would suffice
2026-10-10T20:06:15.7319275Z ⚠ [3482/3540] Built MinorFreeSpanners.SubdivisionMinor (2.6s)
2026-10-10T20:06:15.7349359Z warning: Multiplicative Spanners in Minor-Free Graphs/MinorFreeSpanners/SubdivisionMinor.lean:145:2: `push_neg` has been deprecated. Prefer using `push Not` instead.
2026-10-10T20:06:15.9318495Z ✔ [3483/3540] Built MinorFreeSpanners.ClusterGraph (3.8s)
2026-10-10T20:06:18.0356972Z ✔ [3484/3540] Built MinorFreeSpanners.PostleParameterBudget (4.9s)
2026-10-10T20:06:18.1360470Z ⚠ [3485/3540] Built MinorFreeSpanners.StarLowerBound (2.4s)
2026-10-10T20:06:18.1419860Z warning: Multiplicative Spanners in Minor-Free Graphs/MinorFreeSpanners/StarLowerBound.lean:43:0: automatically included section variable(s) unused in theorem `MinorFreeSpanners.star_girth`:
2026-10-10T20:06:18.1619464Z ✔ [3486/3540] Built MinorFreeSpanners.BoundedMinor (2.1s)
2026-10-10T20:06:19.4409572Z ✔ [3487/3540] Built MinorFreeSpanners.PostleBudget (3.8s)
2026-10-10T20:06:20.1449794Z ✔ [3488/3540] Built MinorFreeSpanners.MinorWeakMap (2.0s)
2026-10-10T20:06:20.3439292Z ✔ [3489/3540] Built MinorFreeSpanners.GirthComponents (2.3s)
2026-10-10T20:06:22.6499334Z ✔ [3491/3540] Built MinorFreeSpanners.ClusterEdgeWeights (2.2s)
2026-10-10T20:06:22.9489287Z ✔ [3492/3540] Built MinorFreeSpanners.MinorNormalization (2.8s)
2026-10-10T20:06:24.9575751Z ✔ [3493/3540] Built MinorFreeSpanners.ClusterWalkLift (2.4s)
2026-10-10T20:06:24.9619029Z ⚠ [3494/3540] Built MinorFreeSpanners.EdgeContraction (2.4s)
2026-10-10T20:06:24.9659100Z warning: Multiplicative Spanners in Minor-Free Graphs/MinorFreeSpanners/EdgeContraction.lean:79:2: try 'simp' instead of 'simpa'
2026-10-10T20:06:27.1611041Z ⚠ [3495/3540] Built MinorFreeSpanners.LeafMinor (2.2s)
2026-10-10T20:06:27.1640171Z warning: Multiplicative Spanners in Minor-Free Graphs/MinorFreeSpanners/LeafMinor.lean:30:0: automatically included section variable(s) unused in theorem `MinorFreeSpanners.leafExtension.new_degree_le_one`:
2026-10-10T20:06:27.1761778Z warning: Multiplicative Spanners in Minor-Free Graphs/MinorFreeSpanners/LeafMinor.lean:46:2: `push_neg` has been deprecated. Prefer using `push Not` instead.
2026-10-10T20:06:27.1899969Z warning: Multiplicative Spanners in Minor-Free Graphs/MinorFreeSpanners/LeafMinor.lean:57:0: automatically included section variable(s) unused in theorem `MinorFreeSpanners.leafExtension.branch_root`:
2026-10-10T20:06:27.7622960Z ⚠ [3496/3540] Built MinorFreeSpanners.DisjointCopies (2.7s)
2026-10-10T20:06:27.7649601Z warning: Multiplicative Spanners in Minor-Free Graphs/MinorFreeSpanners/DisjointCopies.lean:80:0: automatically included section variable(s) unused in theorem `MinorFreeSpanners.copyGraph.edge_count`:
2026-10-10T20:06:27.9623578Z ⚠ [3497/3540] Built MinorFreeSpanners.TriangleMinor (9.9s)
2026-10-10T20:06:27.9626281Z warning: Multiplicative Spanners in Minor-Free Graphs/MinorFreeSpanners/TriangleMinor.lean:32:24: try 'simp' instead of 'simpa'
2026-10-10T20:06:27.9630129Z warning: Multiplicative Spanners in Minor-Free Graphs/MinorFreeSpanners/TriangleMinor.lean:34:10: try 'simp' instead of 'simpa'
2026-10-10T20:06:27.9633488Z warning: Multiplicative Spanners in Minor-Free Graphs/MinorFreeSpanners/TriangleMinor.lean:36:24: try 'simp' instead of 'simpa'
2026-10-10T20:06:27.9636879Z warning: Multiplicative Spanners in Minor-Free Graphs/MinorFreeSpanners/TriangleMinor.lean:38:10: try 'simp' instead of 'simpa'
2026-10-10T20:06:27.9640641Z warning: Multiplicative Spanners in Minor-Free Graphs/MinorFreeSpanners/TriangleMinor.lean:44:18: try 'simp' instead of 'simpa'
2026-10-10T20:06:27.9644075Z warning: Multiplicative Spanners in Minor-Free Graphs/MinorFreeSpanners/TriangleMinor.lean:50:19: `if_pos` has been deprecated: Use `ite_eq_left` instead
2026-10-10T20:06:27.9646131Z warning: Multiplicative Spanners in Minor-Free Graphs/MinorFreeSpanners/TriangleMinor.lean:50:19: This simp argument is unused:
2026-10-10T20:06:27.9652069Z warning: Multiplicative Spanners in Minor-Free Graphs/MinorFreeSpanners/TriangleMinor.lean:50:30: This simp argument is unused:
2026-10-10T20:06:29.4671658Z ✔ [3498/3540] Built MinorFreeSpanners.RootedCompletion (2.3s)
2026-10-10T20:06:31.0720228Z ⚠ [3499/3540] Built MinorFreeSpanners.PostleMates (8.1s)
2026-10-10T20:06:31.0723490Z warning: Multiplicative Spanners in Minor-Free Graphs/MinorFreeSpanners/PostleMates.lean:105:4: `push_neg` has been deprecated. Prefer using `push Not` instead.
2026-10-10T20:06:32.1779760Z ✔ [3501/3540] Built MinorFreeSpanners.EdgeContractionCount (2.7s)
2026-10-10T20:06:33.4845631Z ✔ [3502/3540] Built MinorFreeSpanners.ClusterGirth (5.5s)
2026-10-10T20:06:33.6839562Z ✔ [3503/3540] Built MinorFreeSpanners.IsolatedPadding (2.6s)
2026-10-10T20:06:33.7849535Z ✔ [3504/3540] Built MinorFreeSpanners.CompletionMinor (2.6s)
2026-10-10T20:06:36.2882568Z ✔ [3505/3540] Built MinorFreeSpanners.PostlePullback (4.2s)
2026-10-10T20:06:36.5889521Z ✔ [3506/3540] Built MinorFreeSpanners.PostleSubgraphUnmated (3.1s)
2026-10-10T20:06:36.9919334Z ⚠ [3507/3540] Built MinorFreeSpanners.MateFreeSets (3.2s)
2026-10-10T20:06:36.9949636Z warning: Multiplicative Spanners in Minor-Free Graphs/MinorFreeSpanners/MateFreeSets.lean:30:0: automatically included section variable(s) unused in theorem `MinorFreeSpanners.bipartite_commonNeighbors_empty`:
2026-10-10T20:06:37.1930476Z ⚠ [3508/3540] Built MinorFreeSpanners.PostleBipartiteTrim (3.5s)
2026-10-10T20:06:37.1978841Z warning: Multiplicative Spanners in Minor-Free Graphs/MinorFreeSpanners/PostleBipartiteTrim.lean:37:2: Try this: 
2026-10-10T20:06:37.2012305Z warning: Multiplicative Spanners in Minor-Free Graphs/MinorFreeSpanners/PostleBipartiteTrim.lean:57:17: `dif_pos` has been deprecated: Use `dite_eq_left` instead
2026-10-10T20:06:39.5951319Z ✔ [3510/3540] Built MinorFreeSpanners.ClusterClaim23 (2.5s)
2026-10-10T20:06:39.7956150Z ✔ [3511/3540] Built MinorFreeSpanners.ExactSizeLowerBound (2.6s)
2026-10-10T20:06:41.7987133Z ⚠ [3514/3540] Built MinorFreeSpanners.CoreExtraction (1.0s)
2026-10-10T20:06:41.8019542Z warning: Multiplicative Spanners in Minor-Free Graphs/MinorFreeSpanners/CoreExtraction.lean:9:0: automatically included section variable(s) unused in theorem `MinorFreeSpanners.GirthAbove.mono`:
2026-10-10T20:06:44.2085014Z ⚠ [3516/3540] Built MinorFreeSpanners.MinimalDenseMinor (2.4s)
2026-10-10T20:06:44.2086508Z warning: Multiplicative Spanners in Minor-Free Graphs/MinorFreeSpanners/MinimalDenseMinor.lean:41:2: Try this: 
2026-10-10T20:06:44.2098494Z warning: Multiplicative Spanners in Minor-Free Graphs/MinorFreeSpanners/MinimalDenseMinor.lean:88:2: Try this: 
2026-10-10T20:06:47.8114040Z ⚠ [3519/3540] Built MinorFreeSpanners.DenseMinorNeighborhood (3.3s)
2026-10-10T20:06:47.8115363Z warning: Multiplicative Spanners in Minor-Free Graphs/MinorFreeSpanners/DenseMinorNeighborhood.lean:35:4: try 'simp' instead of 'simpa'
2026-10-10T20:06:47.8118169Z warning: Multiplicative Spanners in Minor-Free Graphs/MinorFreeSpanners/DenseMinorNeighborhood.lean:64:4: try 'simp' instead of 'simpa'
2026-10-10T20:06:49.6239541Z ✔ [3522/3540] Built MinorFreeSpanners.GirthConjectureLowerBound (7.8s)
2026-10-10T20:06:53.9358374Z ✔ [3525/3540] Built MinorFreeSpanners.AllCliqueOrdersLowerBound (4.3s)
2026-10-10T20:06:57.6396899Z ⚠ [3529/3540] Built MinorFreeSpanners.ConnectedLowerBound (3.8s)
2026-10-10T20:06:57.6399014Z warning: Multiplicative Spanners in Minor-Free Graphs/MinorFreeSpanners/ConnectedLowerBound.lean:13:0: automatically included section variable(s) unused in theorem `MinorFreeSpanners.unit_tree_weight`:
2026-10-10T20:06:57.6434515Z warning: Multiplicative Spanners in Minor-Free Graphs/MinorFreeSpanners/ConnectedLowerBound.lean:30:0: automatically included section variable(s) unused in theorem `MinorFreeSpanners.unit_spanner_self`:
2026-10-10T20:06:57.6441874Z warning: Multiplicative Spanners in Minor-Free Graphs/MinorFreeSpanners/ConnectedLowerBound.lean:58:2: Try this: 
2026-10-10T20:06:59.8425859Z ✔ [3530/3540] Built MinorFreeSpanners.ThreeMinorNormalization (2.2s)
2026-10-10T20:07:01.7447569Z ✔ [3532/3540] Built MinorFreeSpanners (1.9s)
2026-10-10T20:07:13.4635620Z Build completed successfully (3540 jobs).
2026-10-10T20:07:44.3353806Z ⚠ [3486/3540] Replayed MinorFreeSpanners.MinorEdgeCount
2026-10-10T20:07:44.3354715Z warning: Multiplicative Spanners in Minor-Free Graphs/MinorFreeSpanners/MinorEdgeCount.lean:32:0: automatically included section variable(s) unused in theorem `MinorFreeSpanners.MinorModel.edge_count_le`:
2026-10-10T20:07:44.3357496Z ⚠ [3488/3540] Replayed MinorFreeSpanners.MinorRestriction
2026-10-10T20:07:44.3358299Z warning: Multiplicative Spanners in Minor-Free Graphs/MinorFreeSpanners/MinorRestriction.lean:102:2: Try this: 
2026-10-10T20:07:44.3361016Z ⚠ [3489/3540] Replayed MinorFreeSpanners.Greedy
2026-10-10T20:07:44.3361858Z warning: Multiplicative Spanners in Minor-Free Graphs/MinorFreeSpanners/Greedy.lean:16:0: automatically included section variable(s) unused in theorem `MinorFreeSpanners.weightedGirth_girth`:
2026-10-10T20:07:44.3365048Z warning: Multiplicative Spanners in Minor-Free Graphs/MinorFreeSpanners/Greedy.lean:61:20: Used `tac1 <;> tac2` where `(tac1; tac2)` would suffice
2026-10-10T20:07:44.3366788Z warning: Multiplicative Spanners in Minor-Free Graphs/MinorFreeSpanners/Greedy.lean:61:34: Used `tac1 <;> tac2` where `(tac1; tac2)` would suffice
2026-10-10T20:07:44.3368408Z ⚠ [3490/3540] Replayed MinorFreeSpanners.LowerBound
2026-10-10T20:07:44.3369286Z warning: Multiplicative Spanners in Minor-Free Graphs/MinorFreeSpanners/LowerBound.lean:12:0: automatically included section variable(s) unused in theorem `MinorFreeSpanners.high_girth_spanner_eq`:
2026-10-10T20:07:44.3371988Z ⚠ [3492/3540] Replayed MinorFreeSpanners.DisjointCopies
2026-10-10T20:07:44.3372911Z warning: Multiplicative Spanners in Minor-Free Graphs/MinorFreeSpanners/DisjointCopies.lean:80:0: automatically included section variable(s) unused in theorem `MinorFreeSpanners.copyGraph.edge_count`:
2026-10-10T20:07:44.3375939Z ⚠ [3495/3540] Replayed MinorFreeSpanners.CoreExtraction
2026-10-10T20:07:44.3376803Z warning: Multiplicative Spanners in Minor-Free Graphs/MinorFreeSpanners/CoreExtraction.lean:9:0: automatically included section variable(s) unused in theorem `MinorFreeSpanners.GirthAbove.mono`:
2026-10-10T20:07:44.3379976Z ⚠ [3496/3540] Replayed MinorFreeSpanners.DensityAlgebra
2026-10-10T20:07:44.3380670Z warning: Multiplicative Spanners in Minor-Free Graphs/MinorFreeSpanners/DensityAlgebra.lean:13:31: Variable name `hm` is not explicitly referenced.
2026-10-10T20:07:44.3383066Z ⚠ [3497/3540] Replayed MinorFreeSpanners.CoreParameters
2026-10-10T20:07:44.3383735Z warning: Multiplicative Spanners in Minor-Free Graphs/MinorFreeSpanners/CoreParameters.lean:44:78: Unused tactic linter: `ring` does nothing
2026-10-10T20:07:44.3385182Z warning: Multiplicative Spanners in Minor-Free Graphs/MinorFreeSpanners/CoreParameters.lean:44:78: this tactic is never executed
2026-10-10T20:07:44.3386717Z warning: Multiplicative Spanners in Minor-Free Graphs/MinorFreeSpanners/CoreParameters.lean:69:62: Used `tac1 <;> tac2` where `(tac1; tac2)` would suffice
2026-10-10T20:07:44.3388582Z ⚠ [3504/3540] Replayed MinorFreeSpanners.StarLowerBound
2026-10-10T20:07:44.3389431Z warning: Multiplicative Spanners in Minor-Free Graphs/MinorFreeSpanners/StarLowerBound.lean:43:0: automatically included section variable(s) unused in theorem `MinorFreeSpanners.star_girth`:
2026-10-10T20:07:44.3392416Z ⚠ [3507/3540] Replayed MinorFreeSpanners.Claim19Counterexample
2026-10-10T20:07:44.3393126Z warning: Multiplicative Spanners in Minor-Free Graphs/MinorFreeSpanners/Claim19Counterexample.lean:75:63: This simp argument is unused:
2026-10-10T20:07:44.3395335Z ⚠ [3517/3540] Replayed MinorFreeSpanners.LeafMinor
2026-10-10T20:07:44.3396224Z warning: Multiplicative Spanners in Minor-Free Graphs/MinorFreeSpanners/LeafMinor.lean:30:0: automatically included section variable(s) unused in theorem `MinorFreeSpanners.leafExtension.new_degree_le_one`:
2026-10-10T20:07:44.3399546Z warning: Multiplicative Spanners in Minor-Free Graphs/MinorFreeSpanners/LeafMinor.lean:46:2: `push_neg` has been deprecated. Prefer using `push Not` instead.
2026-10-10T20:07:44.3402688Z warning: Multiplicative Spanners in Minor-Free Graphs/MinorFreeSpanners/LeafMinor.lean:57:0: automatically included section variable(s) unused in theorem `MinorFreeSpanners.leafExtension.branch_root`:
2026-10-10T20:07:44.3405726Z ⚠ [3519/3540] Replayed MinorFreeSpanners.ConnectedLowerBound
2026-10-10T20:07:44.3406648Z warning: Multiplicative Spanners in Minor-Free Graphs/MinorFreeSpanners/ConnectedLowerBound.lean:13:0: automatically included section variable(s) unused in theorem `MinorFreeSpanners.unit_tree_weight`:
2026-10-10T20:07:44.3410414Z warning: Multiplicative Spanners in Minor-Free Graphs/MinorFreeSpanners/ConnectedLowerBound.lean:30:0: automatically included section variable(s) unused in theorem `MinorFreeSpanners.unit_spanner_self`:
2026-10-10T20:07:44.3413624Z warning: Multiplicative Spanners in Minor-Free Graphs/MinorFreeSpanners/ConnectedLowerBound.lean:58:2: Try this: 
2026-10-10T20:07:44.3416372Z ⚠ [3520/3540] Replayed MinorFreeSpanners.MinimalDenseMinor
2026-10-10T20:07:44.3416955Z warning: Multiplicative Spanners in Minor-Free Graphs/MinorFreeSpanners/MinimalDenseMinor.lean:41:2: Try this: 
2026-10-10T20:07:44.3420038Z warning: Multiplicative Spanners in Minor-Free Graphs/MinorFreeSpanners/MinimalDenseMinor.lean:88:2: Try this: 
2026-10-10T20:07:44.3422720Z ⚠ [3521/3540] Replayed MinorFreeSpanners.EdgeContraction
2026-10-10T20:07:44.3423359Z warning: Multiplicative Spanners in Minor-Free Graphs/MinorFreeSpanners/EdgeContraction.lean:79:2: try 'simp' instead of 'simpa'
2026-10-10T20:07:44.3424627Z ⚠ [3523/3540] Replayed MinorFreeSpanners.DenseMinorNeighborhood
2026-10-10T20:07:44.3425337Z warning: Multiplicative Spanners in Minor-Free Graphs/MinorFreeSpanners/DenseMinorNeighborhood.lean:35:4: try 'simp' instead of 'simpa'
2026-10-10T20:07:44.3426855Z warning: Multiplicative Spanners in Minor-Free Graphs/MinorFreeSpanners/DenseMinorNeighborhood.lean:64:4: try 'simp' instead of 'simpa'
2026-10-10T20:07:44.3428454Z ⚠ [3526/3540] Replayed MinorFreeSpanners.PostleMates
2026-10-10T20:07:44.3429342Z warning: Multiplicative Spanners in Minor-Free Graphs/MinorFreeSpanners/PostleMates.lean:105:4: `push_neg` has been deprecated. Prefer using `push Not` instead.
2026-10-10T20:07:44.3432112Z ⚠ [3527/3540] Replayed MinorFreeSpanners.MateFreeSets
2026-10-10T20:07:44.3433022Z warning: Multiplicative Spanners in Minor-Free Graphs/MinorFreeSpanners/MateFreeSets.lean:30:0: automatically included section variable(s) unused in theorem `MinorFreeSpanners.bipartite_commonNeighbors_empty`:
2026-10-10T20:07:44.3435795Z ⚠ [3528/3540] Replayed MinorFreeSpanners.SubdivisionMinor
2026-10-10T20:07:44.3436552Z warning: Multiplicative Spanners in Minor-Free Graphs/MinorFreeSpanners/SubdivisionMinor.lean:145:2: `push_neg` has been deprecated. Prefer using `push Not` instead.
2026-10-10T20:07:44.3439498Z ⚠ [3531/3540] Replayed MinorFreeSpanners.PostleBipartiteTrim
2026-10-10T20:07:44.3440106Z warning: Multiplicative Spanners in Minor-Free Graphs/MinorFreeSpanners/PostleBipartiteTrim.lean:37:2: Try this: 
2026-10-10T20:07:44.3443106Z warning: Multiplicative Spanners in Minor-Free Graphs/MinorFreeSpanners/PostleBipartiteTrim.lean:57:17: `dif_pos` has been deprecated: Use `dite_eq_left` instead
2026-10-10T20:07:44.3443926Z ⚠ [3535/3540] Replayed MinorFreeSpanners.RobustCommonNeighbors
2026-10-10T20:07:44.3444717Z warning: Multiplicative Spanners in Minor-Free Graphs/MinorFreeSpanners/RobustCommonNeighbors.lean:42:4: `push_neg` has been deprecated. Prefer using `push Not` instead.
2026-10-10T20:07:44.3447395Z ⚠ [3537/3540] Replayed MinorFreeSpanners.TriangleMinor
2026-10-10T20:07:44.3448224Z warning: Multiplicative Spanners in Minor-Free Graphs/MinorFreeSpanners/TriangleMinor.lean:32:24: try 'simp' instead of 'simpa'
2026-10-10T20:07:44.3449686Z warning: Multiplicative Spanners in Minor-Free Graphs/MinorFreeSpanners/TriangleMinor.lean:34:10: try 'simp' instead of 'simpa'
2026-10-10T20:07:44.3451393Z warning: Multiplicative Spanners in Minor-Free Graphs/MinorFreeSpanners/TriangleMinor.lean:36:24: try 'simp' instead of 'simpa'
2026-10-10T20:07:44.3452886Z warning: Multiplicative Spanners in Minor-Free Graphs/MinorFreeSpanners/TriangleMinor.lean:38:10: try 'simp' instead of 'simpa'
2026-10-10T20:07:44.3454312Z warning: Multiplicative Spanners in Minor-Free Graphs/MinorFreeSpanners/TriangleMinor.lean:44:18: try 'simp' instead of 'simpa'
2026-10-10T20:07:44.3455808Z warning: Multiplicative Spanners in Minor-Free Graphs/MinorFreeSpanners/TriangleMinor.lean:50:19: `if_pos` has been deprecated: Use `ite_eq_left` instead
2026-10-10T20:07:44.3456769Z warning: Multiplicative Spanners in Minor-Free Graphs/MinorFreeSpanners/TriangleMinor.lean:50:19: This simp argument is unused:
2026-10-10T20:07:44.3459327Z warning: Multiplicative Spanners in Minor-Free Graphs/MinorFreeSpanners/TriangleMinor.lean:50:30: This simp argument is unused:
2026-10-10T20:07:44.3461304Z Build completed successfully (3540 jobs).
2026-10-10T20:07:49.8338319Z Build completed successfully (6 jobs).
2026-10-10T20:08:15.3097248Z Build completed successfully (142 jobs).
2026-10-10T20:08:26.0844672Z Axiom audit passed: 195 declarations defined in VFTSpanners modules; allowed axioms: [propext,
2026-10-10T20:08:26.0913984Z Axiom audit passed: 984 declarations defined in LinearDistancePreservers modules; allowed axioms: [propext,
2026-10-10T20:08:26.0939551Z Axiom audit passed: 279 declarations defined in LightSpanners modules; allowed axioms: [propext,
2026-10-10T20:08:26.0941278Z Axiom audit passed: 440 declarations defined in DegreeFaultSpanners modules; allowed axioms: [propext,
2026-10-10T20:08:26.0943558Z Axiom audit passed: 612 declarations defined in LengthExpander modules; allowed axioms: [propext,
2026-10-10T20:08:26.0945795Z Axiom audit passed: 498 declarations defined in MinorFreeSpanners modules; allowed axioms: [propext,
2026-10-10T20:27:38.9818127Z replaying MinorFreeSpanners.AllCliqueOrdersLowerBound
2026-10-10T20:27:46.5359947Z replaying MinorFreeSpanners.BoundedMinor
2026-10-10T20:27:54.2938911Z replaying MinorFreeSpanners.Claim19Counterexample
2026-10-10T20:28:01.9526645Z replaying MinorFreeSpanners.ClusterClaim23
2026-10-10T20:28:09.4485285Z replaying MinorFreeSpanners.ClusterEdgeWeights
2026-10-10T20:28:17.1832322Z replaying MinorFreeSpanners.ClusterGirth
2026-10-10T20:28:24.9336164Z replaying MinorFreeSpanners.ClusterGraph
2026-10-10T20:28:32.6622497Z replaying MinorFreeSpanners.ClusterWalkLift
2026-10-10T20:28:40.4039073Z replaying MinorFreeSpanners.CompletionMinor
2026-10-10T20:28:48.6758287Z replaying MinorFreeSpanners.ConnectedLowerBound
2026-10-10T20:28:56.4292283Z replaying MinorFreeSpanners.CoreExtraction
2026-10-10T20:29:04.7699175Z replaying MinorFreeSpanners.CoreParameters
2026-10-10T20:29:12.5000650Z replaying MinorFreeSpanners.CycleEdgeRemoval
2026-10-10T20:29:20.3472850Z replaying MinorFreeSpanners.DenseMinorNeighborhood
2026-10-10T20:29:28.7095537Z replaying MinorFreeSpanners.DensityAlgebra
2026-10-10T20:29:37.0375075Z replaying MinorFreeSpanners.DensityLinearLoss
2026-10-10T20:29:44.7777500Z replaying MinorFreeSpanners.DisjointCopies
2026-10-10T20:29:52.4953054Z replaying MinorFreeSpanners.EdgeContraction
2026-10-10T20:30:00.3009414Z replaying MinorFreeSpanners.EdgeContractionCount
2026-10-10T20:30:08.0379473Z replaying MinorFreeSpanners.ExactSizeLowerBound
2026-10-10T20:30:15.8024184Z replaying MinorFreeSpanners.GirthComponents
2026-10-10T20:30:24.1089535Z replaying MinorFreeSpanners.GirthConjectureLowerBound
2026-10-10T20:30:31.7359070Z replaying MinorFreeSpanners.Greedy
2026-10-10T20:30:39.4528136Z replaying MinorFreeSpanners.IntrinsicGirthGap
2026-10-10T20:30:47.1940307Z replaying MinorFreeSpanners.IsolatedPadding
2026-10-10T20:30:54.8691666Z replaying MinorFreeSpanners.LeafMinor
2026-10-10T20:31:02.5848179Z replaying MinorFreeSpanners.LowerBound
2026-10-10T20:31:10.9007262Z replaying MinorFreeSpanners.MateFreeSets
2026-10-10T20:31:18.7389284Z replaying MinorFreeSpanners.MinimalDenseMinor
2026-10-10T20:31:26.3843944Z replaying MinorFreeSpanners.Minor
2026-10-10T20:31:33.9079214Z replaying MinorFreeSpanners.MinorComposition
2026-10-10T20:31:41.4926265Z replaying MinorFreeSpanners.MinorEdgeCount
2026-10-10T20:31:49.2509121Z replaying MinorFreeSpanners.MinorNormalization
2026-10-10T20:31:56.8105012Z replaying MinorFreeSpanners.MinorRestriction
2026-10-10T20:32:04.3611970Z replaying MinorFreeSpanners.MinorSingletonDegree
2026-10-10T20:32:11.8209300Z replaying MinorFreeSpanners.MinorWeakMap
2026-10-10T20:32:19.7811807Z replaying MinorFreeSpanners.Moore
2026-10-10T20:32:28.0252927Z replaying MinorFreeSpanners.PostleBipartiteTrim
2026-10-10T20:32:36.3000032Z replaying MinorFreeSpanners.PostleBudget
2026-10-10T20:32:44.5813400Z replaying MinorFreeSpanners.PostleMates
2026-10-10T20:32:52.8514750Z replaying MinorFreeSpanners.PostleParameterBudget
2026-10-10T20:33:01.1283000Z replaying MinorFreeSpanners.PostlePullback
2026-10-10T20:33:09.2185294Z replaying MinorFreeSpanners.PostleSubgraphUnmated
2026-10-10T20:33:17.5089097Z replaying MinorFreeSpanners.RobustCommonNeighbors
2026-10-10T20:33:25.1908942Z replaying MinorFreeSpanners.RootedCompletion
2026-10-10T20:33:32.7430622Z replaying MinorFreeSpanners.SmallMinors
2026-10-10T20:33:40.4389173Z replaying MinorFreeSpanners.StarLowerBound
2026-10-10T20:33:48.0695987Z replaying MinorFreeSpanners.SubdivisionMinor
2026-10-10T20:33:56.3874397Z replaying MinorFreeSpanners.ThreeMinorNormalization
2026-10-10T20:34:04.0434239Z replaying MinorFreeSpanners.TriangleMinor
