2026-10-10T19:15:09.8636137Z   axiom-audit: true
2026-10-10T19:15:09.8636437Z   axiom-audit-root: VFTSpanners
2026-10-10T19:15:09.8636943Z   axiom-audit-allow: propext,Classical.choice,Quot.sound
2026-10-10T19:17:16.9587473Z warning: New Results on Linear Size Distance Preservers/LinearDistancePreservers/ConsistentTiebreaking.lean:30:0: automatically included section variable(s) unused in theorem `LinearDistancePreservers.ConsistentTiebreaking.allowed_bypass`:
2026-10-10T19:17:37.6928641Z ✔ [3325/3370] Built LinearDistancePreservers.TheoremFourRateAudit (3.6s)
2026-10-10T19:18:49.8547857Z ✔ [3457/3532] Built MinorFreeSpanners.Minor (1.8s)
2026-10-10T19:18:51.2385174Z ⚠ [3459/3532] Built MinorFreeSpanners.DensityAlgebra (3.2s)
2026-10-10T19:18:51.2408144Z warning: Multiplicative Spanners in Minor-Free Graphs/MinorFreeSpanners/DensityAlgebra.lean:13:31: Variable name `hm` is not explicitly referenced.
2026-10-10T19:18:52.3403031Z ⚠ [3461/3532] Built MinorFreeSpanners.Greedy (2.5s)
2026-10-10T19:18:52.3428329Z warning: Multiplicative Spanners in Minor-Free Graphs/MinorFreeSpanners/Greedy.lean:16:0: automatically included section variable(s) unused in theorem `MinorFreeSpanners.weightedGirth_girth`:
2026-10-10T19:18:52.3576604Z warning: Multiplicative Spanners in Minor-Free Graphs/MinorFreeSpanners/Greedy.lean:61:20: Used `tac1 <;> tac2` where `(tac1; tac2)` would suffice
2026-10-10T19:18:52.3579353Z warning: Multiplicative Spanners in Minor-Free Graphs/MinorFreeSpanners/Greedy.lean:61:34: Used `tac1 <;> tac2` where `(tac1; tac2)` would suffice
2026-10-10T19:18:52.7408247Z ⚠ [3464/3532] Built MinorFreeSpanners.MinorEdgeCount (1.9s)
2026-10-10T19:18:52.7448143Z warning: Multiplicative Spanners in Minor-Free Graphs/MinorFreeSpanners/MinorEdgeCount.lean:32:0: automatically included section variable(s) unused in theorem `MinorFreeSpanners.MinorModel.edge_count_le`:
2026-10-10T19:18:52.9428444Z ✔ [3466/3532] Built MinorFreeSpanners.SmallMinors (1.7s)
2026-10-10T19:18:55.3478311Z ✔ [3467/3532] Built MinorFreeSpanners.DensityLinearLoss (2.0s)
2026-10-10T19:18:55.4478121Z ✔ [3468/3532] Built MinorFreeSpanners.Moore (2.5s)
2026-10-10T19:18:57.3538168Z ✔ [3470/3532] Built MinorFreeSpanners.IntrinsicGirthGap (1.9s)
2026-10-10T19:18:57.5571209Z ✔ [3471/3532] Built MinorFreeSpanners.CycleEdgeRemoval (2.1s)
2026-10-10T19:18:59.0613473Z ⚠ [3473/3532] Built MinorFreeSpanners.Claim19Counterexample (3.0s)
2026-10-10T19:18:59.0667976Z warning: Multiplicative Spanners in Minor-Free Graphs/MinorFreeSpanners/Claim19Counterexample.lean:75:63: This simp argument is unused:
2026-10-10T19:18:59.3670125Z ⚠ [3474/3532] Built MinorFreeSpanners.LowerBound (2.1s)
2026-10-10T19:18:59.3698438Z warning: Multiplicative Spanners in Minor-Free Graphs/MinorFreeSpanners/LowerBound.lean:12:0: automatically included section variable(s) unused in theorem `MinorFreeSpanners.high_girth_spanner_eq`:
2026-10-10T19:18:59.5658291Z ✔ [3476/3532] Built MinorFreeSpanners.MinorComposition (2.1s)
2026-10-10T19:19:00.1673544Z ⚠ [3477/3532] Built MinorFreeSpanners.CoreParameters (7.4s)
2026-10-10T19:19:00.1688033Z warning: Multiplicative Spanners in Minor-Free Graphs/MinorFreeSpanners/CoreParameters.lean:44:78: Unused tactic linter: `ring` does nothing
2026-10-10T19:19:00.1747919Z warning: Multiplicative Spanners in Minor-Free Graphs/MinorFreeSpanners/CoreParameters.lean:44:78: this tactic is never executed
2026-10-10T19:19:00.1808671Z warning: Multiplicative Spanners in Minor-Free Graphs/MinorFreeSpanners/CoreParameters.lean:69:62: Used `tac1 <;> tac2` where `(tac1; tac2)` would suffice
2026-10-10T19:19:01.1684747Z ✔ [3478/3532] Built MinorFreeSpanners.MinorSingletonDegree (1.5s)
2026-10-10T19:19:01.9720959Z ⚠ [3479/3532] Built MinorFreeSpanners.MinorRestriction (1.8s)
2026-10-10T19:19:01.9737577Z warning: Multiplicative Spanners in Minor-Free Graphs/MinorFreeSpanners/MinorRestriction.lean:102:2: Try this: 
2026-10-10T19:19:02.7768413Z ✔ [3481/3532] Built MinorFreeSpanners.ClusterGraph (3.2s)
2026-10-10T19:19:04.5796307Z ⚠ [3482/3532] Built MinorFreeSpanners.SubdivisionMinor (1.9s)
2026-10-10T19:19:04.5827929Z warning: Multiplicative Spanners in Minor-Free Graphs/MinorFreeSpanners/SubdivisionMinor.lean:145:2: `push_neg` has been deprecated. Prefer using `push Not` instead.
2026-10-10T19:19:04.7804223Z ⚠ [3483/3532] Built MinorFreeSpanners.StarLowerBound (2.0s)
2026-10-10T19:19:04.7828190Z warning: Multiplicative Spanners in Minor-Free Graphs/MinorFreeSpanners/StarLowerBound.lean:43:0: automatically included section variable(s) unused in theorem `MinorFreeSpanners.star_girth`:
2026-10-10T19:19:04.8828200Z ✔ [3484/3532] Built MinorFreeSpanners.PostleParameterBudget (3.8s)
2026-10-10T19:19:05.4828454Z ✔ [3485/3532] Built MinorFreeSpanners.PostleBudget (3.5s)
2026-10-10T19:19:06.2838375Z ✔ [3486/3532] Built MinorFreeSpanners.BoundedMinor (1.6s)
2026-10-10T19:19:06.4848226Z ✔ [3487/3532] Built MinorFreeSpanners.MinorWeakMap (1.6s)
2026-10-10T19:19:07.1893242Z ✔ [3488/3532] Built MinorFreeSpanners.GirthComponents (1.7s)
2026-10-10T19:19:08.5949807Z ✔ [3489/3532] Built MinorFreeSpanners.ClusterEdgeWeights (2.1s)
2026-10-10T19:19:09.2968156Z ✔ [3491/3532] Built MinorFreeSpanners.ClusterWalkLift (2.1s)
2026-10-10T19:19:11.0963780Z ⚠ [3492/3532] Built MinorFreeSpanners.LeafMinor (1.8s)
2026-10-10T19:19:11.0987990Z warning: Multiplicative Spanners in Minor-Free Graphs/MinorFreeSpanners/LeafMinor.lean:30:0: automatically included section variable(s) unused in theorem `MinorFreeSpanners.leafExtension.new_degree_le_one`:
2026-10-10T19:19:11.1127920Z warning: Multiplicative Spanners in Minor-Free Graphs/MinorFreeSpanners/LeafMinor.lean:46:2: `push_neg` has been deprecated. Prefer using `push Not` instead.
2026-10-10T19:19:11.1297868Z warning: Multiplicative Spanners in Minor-Free Graphs/MinorFreeSpanners/LeafMinor.lean:57:0: automatically included section variable(s) unused in theorem `MinorFreeSpanners.leafExtension.branch_root`:
2026-10-10T19:19:11.1301916Z ✔ [3493/3532] Built MinorFreeSpanners.MinorNormalization (2.5s)
2026-10-10T19:19:12.3992008Z ⚠ [3494/3532] Built MinorFreeSpanners.TriangleMinor (7.6s)
2026-10-10T19:19:12.4007570Z warning: Multiplicative Spanners in Minor-Free Graphs/MinorFreeSpanners/TriangleMinor.lean:32:24: try 'simp' instead of 'simpa'
2026-10-10T19:19:12.4009305Z warning: Multiplicative Spanners in Minor-Free Graphs/MinorFreeSpanners/TriangleMinor.lean:34:10: try 'simp' instead of 'simpa'
2026-10-10T19:19:12.4011606Z warning: Multiplicative Spanners in Minor-Free Graphs/MinorFreeSpanners/TriangleMinor.lean:36:24: try 'simp' instead of 'simpa'
2026-10-10T19:19:12.4013146Z warning: Multiplicative Spanners in Minor-Free Graphs/MinorFreeSpanners/TriangleMinor.lean:38:10: try 'simp' instead of 'simpa'
2026-10-10T19:19:12.4014684Z warning: Multiplicative Spanners in Minor-Free Graphs/MinorFreeSpanners/TriangleMinor.lean:44:18: try 'simp' instead of 'simpa'
2026-10-10T19:19:12.4016349Z warning: Multiplicative Spanners in Minor-Free Graphs/MinorFreeSpanners/TriangleMinor.lean:50:19: `if_pos` has been deprecated: Use `ite_eq_left` instead
2026-10-10T19:19:12.4017630Z warning: Multiplicative Spanners in Minor-Free Graphs/MinorFreeSpanners/TriangleMinor.lean:50:19: This simp argument is unused:
2026-10-10T19:19:12.4020132Z warning: Multiplicative Spanners in Minor-Free Graphs/MinorFreeSpanners/TriangleMinor.lean:50:30: This simp argument is unused:
2026-10-10T19:19:13.3008186Z ⚠ [3495/3532] Built MinorFreeSpanners.DisjointCopies (2.3s)
2026-10-10T19:19:13.3038363Z warning: Multiplicative Spanners in Minor-Free Graphs/MinorFreeSpanners/DisjointCopies.lean:80:0: automatically included section variable(s) unused in theorem `MinorFreeSpanners.copyGraph.edge_count`:
2026-10-10T19:19:13.3197695Z ✔ [3496/3532] Built MinorFreeSpanners.RootedCompletion (2.2s)
2026-10-10T19:19:15.1078454Z ⚠ [3497/3532] Built MinorFreeSpanners.PostleMates (6.4s)
2026-10-10T19:19:15.1139330Z warning: Multiplicative Spanners in Minor-Free Graphs/MinorFreeSpanners/PostleMates.lean:105:4: `push_neg` has been deprecated. Prefer using `push Not` instead.
2026-10-10T19:19:15.4068337Z ✔ [3499/3532] Built MinorFreeSpanners.CompletionMinor (2.1s)
2026-10-10T19:19:17.2138969Z ✔ [3500/3532] Built MinorFreeSpanners.IsolatedPadding (2.1s)
2026-10-10T19:19:17.5140791Z ✔ [3501/3532] Built MinorFreeSpanners.ClusterGirth (4.3s)
2026-10-10T19:19:18.8188124Z ✔ [3503/3532] Built MinorFreeSpanners.PostlePullback (3.5s)
2026-10-10T19:19:19.7211991Z ✔ [3504/3532] Built MinorFreeSpanners.ExactSizeLowerBound (2.2s)
2026-10-10T19:19:20.0215623Z ✔ [3505/3532] Built MinorFreeSpanners.ClusterClaim23 (2.0s)
2026-10-10T19:19:21.5242169Z ⚠ [3508/3532] Built MinorFreeSpanners.CoreExtraction (1.8s)
2026-10-10T19:19:21.5243507Z warning: Multiplicative Spanners in Minor-Free Graphs/MinorFreeSpanners/CoreExtraction.lean:9:0: automatically included section variable(s) unused in theorem `MinorFreeSpanners.GirthAbove.mono`:
2026-10-10T19:19:26.3369252Z ✔ [3513/3532] Built MinorFreeSpanners.GirthConjectureLowerBound (4.8s)
2026-10-10T19:19:29.3461058Z ✔ [3516/3532] Built MinorFreeSpanners.AllCliqueOrdersLowerBound (3.1s)
2026-10-10T19:19:32.7511412Z ⚠ [3520/3532] Built MinorFreeSpanners.ConnectedLowerBound (3.4s)
2026-10-10T19:19:32.7512668Z warning: Multiplicative Spanners in Minor-Free Graphs/MinorFreeSpanners/ConnectedLowerBound.lean:13:0: automatically included section variable(s) unused in theorem `MinorFreeSpanners.unit_tree_weight`:
2026-10-10T19:19:32.7516530Z warning: Multiplicative Spanners in Minor-Free Graphs/MinorFreeSpanners/ConnectedLowerBound.lean:30:0: automatically included section variable(s) unused in theorem `MinorFreeSpanners.unit_spanner_self`:
2026-10-10T19:19:32.7520498Z warning: Multiplicative Spanners in Minor-Free Graphs/MinorFreeSpanners/ConnectedLowerBound.lean:58:2: Try this: 
2026-10-10T19:19:34.7531441Z ✔ [3522/3532] Built MinorFreeSpanners.ThreeMinorNormalization (2.0s)
2026-10-10T19:19:36.5555732Z ✔ [3524/3532] Built MinorFreeSpanners (1.8s)
2026-10-10T19:20:12.2313010Z ##[start-action display=audit axioms with axiom-audit;id=__leanprover_lean-action.axiom-audit]
2026-10-10T19:20:12.2333335Z ##[group]Run : Audit axioms with axiom-audit
2026-10-10T19:20:12.2333631Z [36;1m: Audit axioms with axiom-audit[0m
2026-10-10T19:20:12.2333908Z [36;1m${GITHUB_ACTION_PATH}/scripts/run_axiom_audit.sh[0m
2026-10-10T19:20:12.2466116Z   AXIOM_AUDIT_ALLOW: propext,Classical.choice,Quot.sound
2026-10-10T19:20:12.2466383Z   AXIOM_AUDIT_ROOT: VFTSpanners
2026-10-10T19:20:12.2567993Z ##[group]axiom-audit Output
2026-10-10T19:20:12.2568399Z Auditing axioms with leanprover-community/axiom-audit
2026-10-10T19:20:14.4359434Z ⚠ [3132/3263] Replayed LinearDistancePreservers.ConsistentTiebreaking
2026-10-10T19:20:14.4371663Z warning: New Results on Linear Size Distance Preservers/LinearDistancePreservers/ConsistentTiebreaking.lean:30:0: automatically included section variable(s) unused in theorem `LinearDistancePreservers.ConsistentTiebreaking.allowed_bypass`:
2026-10-10T19:20:14.4398751Z ⚠ [3133/3263] Replayed LinearDistancePreservers.RoutingOfPaths
2026-10-10T19:20:14.4433737Z ⚠ [3135/3263] Replayed LinearDistancePreservers.NativeWalkBridge
2026-10-10T19:20:14.4442632Z ⚠ [3136/3263] Replayed LinearDistancePreservers.WalkSequence
2026-10-10T19:20:14.4449041Z ⚠ [3145/3263] Replayed LinearDistancePreservers.PreserverForcing
2026-10-10T19:20:14.4451011Z ⚠ [3146/3263] Replayed LinearDistancePreservers.WeightedNativeForcing
2026-10-10T19:20:14.4455012Z ⚠ [3147/3263] Replayed LinearDistancePreservers.PreserverPadding
2026-10-10T19:20:14.4465730Z ⚠ [3148/3263] Replayed LinearDistancePreservers.ModularDistance
2026-10-10T19:20:14.4479252Z ⚠ [3149/3263] Replayed LinearDistancePreservers.ModularPerfect
2026-10-10T19:20:14.4483888Z ⚠ [3150/3263] Replayed LinearDistancePreservers.PathLowerBound
2026-10-10T19:20:14.4486617Z ⚠ [3153/3263] Replayed LinearDistancePreservers.ObstacleCounting
2026-10-10T19:20:14.4489244Z ⚠ [3155/3263] Replayed LinearDistancePreservers.DirectionObstacle
2026-10-10T19:20:14.5355294Z ⚠ [3321/3532] Replayed LinearDistancePreservers.UnweightedPadding
2026-10-10T19:20:14.5388484Z ⚠ [3323/3532] Replayed LinearDistancePreservers.FavorableCut
2026-10-10T19:20:14.5391652Z ⚠ [3350/3532] Replayed LinearDistancePreservers.MatchingExtremal
2026-10-10T19:20:14.5400411Z ⚠ [3351/3532] Replayed LinearDistancePreservers.InducedMatchingRemoval
2026-10-10T19:20:14.5415441Z ⚠ [3352/3532] Replayed LinearDistancePreservers.LazyTreeSelection
2026-10-10T19:20:14.5431058Z ⚠ [3354/3532] Replayed LinearDistancePreservers.ModularObstacle
2026-10-10T19:20:14.5434075Z ⚠ [3356/3532] Replayed LinearDistancePreservers.ModularObstacleMetric
2026-10-10T19:20:14.5440145Z ⚠ [3359/3532] Replayed LinearDistancePreservers.UnweightedClique
2026-10-10T19:20:14.5442809Z ⚠ [3362/3532] Replayed LinearDistancePreservers.TheoremOne
2026-10-10T19:20:14.5449251Z ⚠ [3363/3532] Replayed LinearDistancePreservers.TheoremThree
2026-10-10T19:20:14.5457039Z ⚠ [3364/3532] Replayed LinearDistancePreservers.TheoremThreeExact
2026-10-10T19:20:14.5461612Z ⚠ [3365/3532] Replayed LinearDistancePreservers.TreeCounting
2026-10-10T19:20:14.5468931Z ⚠ [3366/3532] Replayed LinearDistancePreservers.TheoremTwo
2026-10-10T19:20:14.5471842Z ⚠ [3418/3532] Replayed DegreeFaultSpanners.RealBound
2026-10-10T19:20:14.5476857Z ⚠ [3427/3532] Replayed DegreeFaultSpanners.Blowup
2026-10-10T19:20:14.5479372Z ⚠ [3432/3532] Replayed DegreeFaultSpanners.AllSizesTheorem
2026-10-10T19:20:14.5490951Z ⚠ [3437/3532] Replayed LengthExpander.Hikers
2026-10-10T19:20:14.5497529Z ⚠ [3438/3532] Replayed LengthExpander.MatchingPermutations
2026-10-10T19:20:14.5499500Z ⚠ [3439/3532] Replayed LengthExpander.HikerCount
2026-10-10T19:20:14.5503211Z ⚠ [3442/3532] Replayed LengthExpander.DeletionCount
2026-10-10T19:20:14.5505153Z ⚠ [3445/3532] Replayed LengthExpander.HereditaryDensity
2026-10-10T19:20:14.5507752Z ⚠ [3446/3532] Replayed LengthExpander.SparseOrder
2026-10-10T19:20:14.5509122Z ⚠ [3447/3532] Replayed LengthExpander.ForestCover
2026-10-10T19:20:14.5510232Z ⚠ [3449/3532] Replayed LengthExpander.RealParameterArboricity
2026-10-10T19:20:14.5513453Z ⚠ [3450/3532] Replayed LengthExpander.BipartiteCounterexample
2026-10-10T19:20:14.5516011Z ⚠ [3452/3532] Replayed LengthExpander.Metric
2026-10-10T19:20:14.5517558Z ⚠ [3454/3532] Replayed LengthExpander.FiniteTermination
2026-10-10T19:20:14.5522599Z ⚠ [3455/3532] Replayed LengthExpander.DirectedDemandMatching
2026-10-10T19:20:14.5535114Z ⚠ [3456/3532] Replayed LengthExpander.MatchingMetricBridge
2026-10-10T19:20:14.5536739Z ⚠ [3457/3532] Replayed LengthExpander.DemandMatchingFamily
2026-10-10T19:20:14.5538014Z ⚠ [3458/3532] Replayed LengthExpander.SequentialDemandGeometry
2026-10-10T19:20:14.5545977Z ⚠ [3459/3532] Replayed LengthExpander.CutSequenceMatching
2026-10-10T19:20:14.5553545Z ⚠ [3461/3532] Replayed LengthExpander.DirectDecomposition
2026-10-10T19:20:14.5557794Z ⚠ [3463/3532] Replayed LengthExpander.NonnegativeCutSequence
2026-10-10T19:20:14.5560794Z ⚠ [3464/3532] Replayed LengthExpander.SparseOrientation
2026-10-10T19:20:14.5562269Z ⚠ [3466/3532] Replayed LengthExpander.ListDemands
2026-10-10T19:20:14.5573488Z ⚠ [3467/3532] Replayed LengthExpander.OrientationDispersion
2026-10-10T19:20:14.5577696Z ⚠ [3468/3532] Replayed LengthExpander.PushforwardDemand
2026-10-10T19:20:14.5580378Z ⚠ [3471/3532] Replayed LengthExpander.DispersedPairGeometry
2026-10-10T19:20:14.5583055Z ⚠ [3474/3532] Replayed LengthExpander.UnionSparsity
2026-10-10T19:20:14.5585739Z ⚠ [3477/3532] Replayed LengthExpander.RealCutSequence
2026-10-10T19:20:14.5588669Z ⚠ [3479/3532] Replayed LengthExpander.RealUnionSparsity
2026-10-10T19:20:14.5591692Z ⚠ [3481/3532] Replayed LengthExpander.SourceCorrections
2026-10-10T19:20:14.5594062Z ⚠ [3482/3532] Replayed LengthExpander.RescalingCounterexample
2026-10-10T19:20:14.5597896Z ⚠ [3486/3532] Replayed MinorFreeSpanners.MinorEdgeCount
2026-10-10T19:20:14.5598565Z warning: Multiplicative Spanners in Minor-Free Graphs/MinorFreeSpanners/MinorEdgeCount.lean:32:0: automatically included section variable(s) unused in theorem `MinorFreeSpanners.MinorModel.edge_count_le`:
2026-10-10T19:20:14.5600657Z ⚠ [3488/3532] Replayed MinorFreeSpanners.MinorRestriction
2026-10-10T19:20:14.5601092Z warning: Multiplicative Spanners in Minor-Free Graphs/MinorFreeSpanners/MinorRestriction.lean:102:2: Try this: 
2026-10-10T19:20:14.5603109Z ⚠ [3489/3532] Replayed MinorFreeSpanners.Greedy
2026-10-10T19:20:14.5603726Z warning: Multiplicative Spanners in Minor-Free Graphs/MinorFreeSpanners/Greedy.lean:16:0: automatically included section variable(s) unused in theorem `MinorFreeSpanners.weightedGirth_girth`:
2026-10-10T19:20:14.5606288Z warning: Multiplicative Spanners in Minor-Free Graphs/MinorFreeSpanners/Greedy.lean:61:20: Used `tac1 <;> tac2` where `(tac1; tac2)` would suffice
2026-10-10T19:20:14.5607630Z warning: Multiplicative Spanners in Minor-Free Graphs/MinorFreeSpanners/Greedy.lean:61:34: Used `tac1 <;> tac2` where `(tac1; tac2)` would suffice
2026-10-10T19:20:14.5608560Z ⚠ [3490/3532] Replayed MinorFreeSpanners.LowerBound
2026-10-10T19:20:14.5609206Z warning: Multiplicative Spanners in Minor-Free Graphs/MinorFreeSpanners/LowerBound.lean:12:0: automatically included section variable(s) unused in theorem `MinorFreeSpanners.high_girth_spanner_eq`:
2026-10-10T19:20:14.5611243Z ⚠ [3492/3532] Replayed MinorFreeSpanners.DisjointCopies
2026-10-10T19:20:14.5611891Z warning: Multiplicative Spanners in Minor-Free Graphs/MinorFreeSpanners/DisjointCopies.lean:80:0: automatically included section variable(s) unused in theorem `MinorFreeSpanners.copyGraph.edge_count`:
2026-10-10T19:20:14.5614149Z ⚠ [3495/3532] Replayed MinorFreeSpanners.CoreExtraction
2026-10-10T19:20:14.5614795Z warning: Multiplicative Spanners in Minor-Free Graphs/MinorFreeSpanners/CoreExtraction.lean:9:0: automatically included section variable(s) unused in theorem `MinorFreeSpanners.GirthAbove.mono`:
2026-10-10T19:20:14.5617101Z ⚠ [3496/3532] Replayed MinorFreeSpanners.DensityAlgebra
2026-10-10T19:20:14.5617606Z warning: Multiplicative Spanners in Minor-Free Graphs/MinorFreeSpanners/DensityAlgebra.lean:13:31: Variable name `hm` is not explicitly referenced.
2026-10-10T19:20:14.5619393Z ⚠ [3497/3532] Replayed MinorFreeSpanners.CoreParameters
2026-10-10T19:20:14.5619894Z warning: Multiplicative Spanners in Minor-Free Graphs/MinorFreeSpanners/CoreParameters.lean:44:78: Unused tactic linter: `ring` does nothing
2026-10-10T19:20:14.5620957Z warning: Multiplicative Spanners in Minor-Free Graphs/MinorFreeSpanners/CoreParameters.lean:44:78: this tactic is never executed
2026-10-10T19:20:14.5622311Z warning: Multiplicative Spanners in Minor-Free Graphs/MinorFreeSpanners/CoreParameters.lean:69:62: Used `tac1 <;> tac2` where `(tac1; tac2)` would suffice
2026-10-10T19:20:14.5623295Z ⚠ [3504/3532] Replayed MinorFreeSpanners.StarLowerBound
2026-10-10T19:20:14.5623929Z warning: Multiplicative Spanners in Minor-Free Graphs/MinorFreeSpanners/StarLowerBound.lean:43:0: automatically included section variable(s) unused in theorem `MinorFreeSpanners.star_girth`:
2026-10-10T19:20:14.5626229Z ⚠ [3507/3532] Replayed MinorFreeSpanners.Claim19Counterexample
2026-10-10T19:20:14.5626831Z warning: Multiplicative Spanners in Minor-Free Graphs/MinorFreeSpanners/Claim19Counterexample.lean:75:63: This simp argument is unused:
2026-10-10T19:20:14.5628501Z ⚠ [3517/3532] Replayed MinorFreeSpanners.LeafMinor
2026-10-10T19:20:14.5629156Z warning: Multiplicative Spanners in Minor-Free Graphs/MinorFreeSpanners/LeafMinor.lean:30:0: automatically included section variable(s) unused in theorem `MinorFreeSpanners.leafExtension.new_degree_le_one`:
2026-10-10T19:20:14.5631441Z warning: Multiplicative Spanners in Minor-Free Graphs/MinorFreeSpanners/LeafMinor.lean:46:2: `push_neg` has been deprecated. Prefer using `push Not` instead.
2026-10-10T19:20:14.5633790Z warning: Multiplicative Spanners in Minor-Free Graphs/MinorFreeSpanners/LeafMinor.lean:57:0: automatically included section variable(s) unused in theorem `MinorFreeSpanners.leafExtension.branch_root`:
2026-10-10T19:20:14.5636032Z ⚠ [3519/3532] Replayed MinorFreeSpanners.ConnectedLowerBound
2026-10-10T19:20:14.5636736Z warning: Multiplicative Spanners in Minor-Free Graphs/MinorFreeSpanners/ConnectedLowerBound.lean:13:0: automatically included section variable(s) unused in theorem `MinorFreeSpanners.unit_tree_weight`:
2026-10-10T19:20:14.5639450Z warning: Multiplicative Spanners in Minor-Free Graphs/MinorFreeSpanners/ConnectedLowerBound.lean:30:0: automatically included section variable(s) unused in theorem `MinorFreeSpanners.unit_spanner_self`:
2026-10-10T19:20:14.5641797Z warning: Multiplicative Spanners in Minor-Free Graphs/MinorFreeSpanners/ConnectedLowerBound.lean:58:2: Try this: 
2026-10-10T19:20:14.5643855Z ⚠ [3521/3532] Replayed MinorFreeSpanners.SubdivisionMinor
2026-10-10T19:20:14.5644426Z warning: Multiplicative Spanners in Minor-Free Graphs/MinorFreeSpanners/SubdivisionMinor.lean:145:2: `push_neg` has been deprecated. Prefer using `push Not` instead.
2026-10-10T19:20:14.5646474Z ⚠ [3525/3532] Replayed MinorFreeSpanners.PostleMates
2026-10-10T19:20:14.5647110Z warning: Multiplicative Spanners in Minor-Free Graphs/MinorFreeSpanners/PostleMates.lean:105:4: `push_neg` has been deprecated. Prefer using `push Not` instead.
2026-10-10T19:20:14.5649104Z ⚠ [3529/3532] Replayed MinorFreeSpanners.TriangleMinor
2026-10-10T19:20:14.5649576Z warning: Multiplicative Spanners in Minor-Free Graphs/MinorFreeSpanners/TriangleMinor.lean:32:24: try 'simp' instead of 'simpa'
2026-10-10T19:20:14.5650635Z warning: Multiplicative Spanners in Minor-Free Graphs/MinorFreeSpanners/TriangleMinor.lean:34:10: try 'simp' instead of 'simpa'
2026-10-10T19:20:14.5651663Z warning: Multiplicative Spanners in Minor-Free Graphs/MinorFreeSpanners/TriangleMinor.lean:36:24: try 'simp' instead of 'simpa'
2026-10-10T19:20:14.5652830Z warning: Multiplicative Spanners in Minor-Free Graphs/MinorFreeSpanners/TriangleMinor.lean:38:10: try 'simp' instead of 'simpa'
2026-10-10T19:20:14.5653980Z warning: Multiplicative Spanners in Minor-Free Graphs/MinorFreeSpanners/TriangleMinor.lean:44:18: try 'simp' instead of 'simpa'
2026-10-10T19:20:14.5655066Z warning: Multiplicative Spanners in Minor-Free Graphs/MinorFreeSpanners/TriangleMinor.lean:50:19: `if_pos` has been deprecated: Use `ite_eq_left` instead
2026-10-10T19:20:14.5655765Z warning: Multiplicative Spanners in Minor-Free Graphs/MinorFreeSpanners/TriangleMinor.lean:50:19: This simp argument is unused:
2026-10-10T19:20:14.5657565Z warning: Multiplicative Spanners in Minor-Free Graphs/MinorFreeSpanners/TriangleMinor.lean:50:30: This simp argument is unused:
2026-10-10T19:20:14.6829155Z Fetching axiom-audit @ v0.1.2 (46024e005996495c65ef609368e11ab39c4222e3)...
2026-10-10T19:20:14.6843472Z Cloning into '/home/runner/work/_temp/axiom-audit.RFRyMC/axiom-audit'...
2026-10-10T19:20:17.2970662Z ✔ [2/6] Built AxiomAudit (2.0s)
2026-10-10T19:20:17.7975831Z ✔ [3/6] Built AxiomAudit:c.o (493ms)
2026-10-10T19:20:22.1020938Z ✔ [6/6] Built «axiom-audit»:exe (3.6s)
2026-10-10T19:20:24.0887366Z axiom-audit: audited 195 declaration(s) under 'VFTSpanners'; all within the allowlist [propext, Classical.choice, Quot.sound].
2026-10-10T19:20:24.1245976Z axiom-audit completed successfully
2026-10-10T19:20:24.1531961Z ##[end-action id=__leanprover_lean-action.axiom-audit;outcome=success;conclusion=success;duration_ms=11921]
2026-10-10T19:20:24.1585131Z ##[group]Run bash scripts/CheckModuleIndex.sh
2026-10-10T19:20:24.1585585Z [36;1mbash scripts/CheckModuleIndex.sh[0m
2026-10-10T19:20:46.4487361Z ##[group]Run lake env lean scripts/AxiomAudit.lean
2026-10-10T19:20:46.4487817Z [36;1mlake env lean scripts/AxiomAudit.lean[0m
2026-10-10T19:20:52.4259458Z Axiom audit passed: 195 declarations defined in VFTSpanners modules; allowed axioms: [propext,
2026-10-10T19:20:52.4261021Z Axiom audit passed: 984 declarations defined in LinearDistancePreservers modules; allowed axioms: [propext,
2026-10-10T19:20:52.4262425Z Axiom audit passed: 279 declarations defined in LightSpanners modules; allowed axioms: [propext,
2026-10-10T19:20:52.4263816Z Axiom audit passed: 440 declarations defined in DegreeFaultSpanners modules; allowed axioms: [propext,
2026-10-10T19:20:52.4265138Z Axiom audit passed: 612 declarations defined in LengthExpander modules; allowed axioms: [propext,
2026-10-10T19:20:52.4266436Z Axiom audit passed: 392 declarations defined in MinorFreeSpanners modules; allowed axioms: [propext,
2026-10-10T19:20:52.4267979Z 'VFTSpanners.vft_greedy_theorem_one' depends on axioms: [propext, Classical.choice, Quot.sound]
2026-10-10T19:20:52.4268786Z 'VFTSpanners.covered_iff_distance' depends on axioms: [propext, Classical.choice, Quot.sound]
2026-10-10T19:20:52.4269567Z 'VFTSpanners.vft_greedy_zero_faults' depends on axioms: [propext, Classical.choice, Quot.sound]
2026-10-10T19:20:52.4270403Z 'VFTSpanners.corollary_two_from_moore' depends on axioms: [propext, Classical.choice, Quot.sound]
2026-10-10T19:20:52.4271201Z 'VFTSpanners.moore_edge_bound' depends on axioms: [propext, Classical.choice, Quot.sound]
2026-10-10T19:20:52.4271971Z 'VFTSpanners.extremalEdges_moore' depends on axioms: [propext, Classical.choice, Quot.sound]
2026-10-10T19:20:52.4272750Z 'VFTSpanners.corollary_two' depends on axioms: [propext, Classical.choice, Quot.sound]
2026-10-10T19:20:52.4273540Z 'LinearDistancePreservers.theorem_one_of_consistent_selection' depends on axioms: [propext,
2026-10-10T19:20:52.4275358Z 'LinearDistancePreservers.theorem_one' depends on axioms: [propext, Classical.choice, Quot.sound]
2026-10-10T19:20:52.4276256Z 'LinearDistancePreservers.ConsistentTiebreaking.optimal_subpaths_eq' depends on axioms: [propext,
2026-10-10T19:20:52.4277932Z 'LinearDistancePreservers.LazyTreeSelection.exists_lazy_tree' depends on axioms: [propext, Classical.choice, Quot.sound]
2026-10-10T19:20:52.4278985Z 'LinearDistancePreservers.LazyTreeSelection.branchEdges_le_two_demands' depends on axioms: [propext,
2026-10-10T19:20:52.4280433Z 'LinearDistancePreservers.exists_favorable_cut' depends on axioms: [propext, Classical.choice, Quot.sound]
2026-10-10T19:20:52.4281337Z 'LinearDistancePreservers.theorem_two' depends on axioms: [propext, Classical.choice, Quot.sound]
2026-10-10T19:20:52.4282293Z 'LinearDistancePreservers.matchingNumber_subquadratic' depends on axioms: [propext, Classical.choice, Quot.sound]
2026-10-10T19:20:52.4283285Z 'LinearDistancePreservers.LazyEdges.class_is_induced_matching' depends on axioms: [propext, Quot.sound]
2026-10-10T19:20:52.4284269Z 'LinearDistancePreservers.WeightedConstruction.designated_not_shortest' depends on axioms: [propext,
2026-10-10T19:20:52.4286145Z 'LinearDistancePreservers.ModularGraph.Walk.optimal' depends on axioms: [propext, Classical.choice, Quot.sound]
2026-10-10T19:20:52.4287255Z 'LinearDistancePreservers.ModularGraph.Walk.unique_vertex_sequence' depends on axioms: [propext,
2026-10-10T19:20:52.4288687Z 'LinearDistancePreservers.ModularGraph.edge_count' depends on axioms: [propext, Classical.choice, Quot.sound]
2026-10-10T19:20:52.4289736Z 'LinearDistancePreservers.ModularGraph.paths_through_card' depends on axioms: [propext, Classical.choice, Quot.sound]
2026-10-10T19:20:52.4290782Z 'LinearDistancePreservers.WeightedDigraph.exists_shortest_of_distance_ne_top' depends on axioms: [propext,
2026-10-10T19:20:52.4292270Z 'LinearDistancePreservers.WeightedDigraph.forces_edges_of_unique_shortest' depends on axioms: [propext,
2026-10-10T19:20:52.4293825Z 'LinearDistancePreservers.WeightedNativeForcing.eq_of_covers' depends on axioms: [propext, Classical.choice, Quot.sound]
2026-10-10T19:20:52.4294921Z 'LinearDistancePreservers.ModularGraph.canonical_unique' depends on axioms: [propext, Classical.choice, Quot.sound]
2026-10-10T19:20:52.4295904Z 'LinearDistancePreservers.ModularGraph.canonical_edge_owner_unique' depends on axioms: [propext,
2026-10-10T19:20:52.4297473Z 'LinearDistancePreservers.ModularGraph.subset_preserver_edge_count' depends on axioms: [propext,
2026-10-10T19:20:52.4298972Z 'LinearDistancePreservers.ObstacleProduct.fullWalk_shortest' depends on axioms: [propext, Classical.choice, Quot.sound]
2026-10-10T19:20:52.4300036Z 'LinearDistancePreservers.ObstacleProduct.preserver_edge_count_of_unique' depends on axioms: [propext,
2026-10-10T19:20:52.4301572Z 'LinearDistancePreservers.ModularObstacle.edge_count' depends on axioms: [propext, Classical.choice, Quot.sound]
2026-10-10T19:20:52.4302592Z 'LinearDistancePreservers.WeightedNativeForcing.exists_path_perturbation' depends on axioms: [propext,
2026-10-10T19:20:52.4304267Z 'LinearDistancePreservers.ConvexDirections.modular_sphere_unique' depends on axioms: [propext,
2026-10-10T19:20:52.4305753Z 'LinearDistancePreservers.ObstacleProduct.factor_left_right' depends on axioms: [propext, Classical.choice, Quot.sound]
2026-10-10T19:20:52.4306906Z 'LinearDistancePreservers.ObstacleProduct.fullWalk_unique' depends on axioms: [propext, Classical.choice, Quot.sound]
2026-10-10T19:20:52.4307795Z 'LinearDistancePreservers.ObstacleProduct.preserver_edge_count' depends on axioms: [propext,
2026-10-10T19:20:52.4309497Z 'LinearDistancePreservers.ObstacleProduct.separated_optimal' depends on axioms: [propext, Classical.choice, Quot.sound]
2026-10-10T19:20:52.4310410Z 'LinearDistancePreservers.ModularObstacle.full_optimal' depends on axioms: [propext, Classical.choice, Quot.sound]
2026-10-10T19:20:52.4310979Z 'LinearDistancePreservers.ModularObstacle.preserver_edge_count' depends on axioms: [propext,
2026-10-10T19:20:52.4311870Z 'LinearDistancePreservers.TheoremThree.family_lower_bound' depends on axioms: [propext, Classical.choice, Quot.sound]
2026-10-10T19:20:52.4312481Z 'LinearDistancePreservers.DirectionGraph.canonical_unique' depends on axioms: [propext, Classical.choice, Quot.sound]
2026-10-10T19:20:52.4313276Z 'LinearDistancePreservers.DirectionGraph.sphere_rigid' depends on axioms: [propext, Classical.choice, Quot.sound]
2026-10-10T19:20:52.4313900Z 'LinearDistancePreservers.PreserverPadding.distance_comap' depends on axioms: [propext, Classical.choice, Quot.sound]
2026-10-10T19:20:52.4314513Z 'LinearDistancePreservers.PreserverPadding.pad' depends on axioms: [propext, Classical.choice, Quot.sound]
2026-10-10T19:20:52.4315121Z 'LinearDistancePreservers.PathLowerBound.exists_path_witness' depends on axioms: [propext, Classical.choice, Quot.sound]
2026-10-10T19:20:52.4315727Z 'LinearDistancePreservers.LowerBoundParameters.product_parameters' depends on axioms: [propext,
2026-10-10T19:20:52.4316576Z 'LinearDistancePreservers.TheoremThree.exact_size_lower_bound' depends on axioms: [propext,
2026-10-10T19:20:52.4317781Z 'LinearDistancePreservers.TheoremThree.bounded_range_lower_bound' depends on axioms: [propext,
2026-10-10T19:20:52.4318969Z 'LinearDistancePreservers.DirectionGraph.graph_edge_count' depends on axioms: [propext, Classical.choice, Quot.sound]
2026-10-10T19:20:52.4319771Z 'LinearDistancePreservers.DirectionGraph.canonical_edge_owner_unique' depends on axioms: [propext,
2026-10-10T19:20:52.4320998Z 'LinearDistancePreservers.DirectionGraph.canonical_incidence' depends on axioms: [propext, Classical.choice, Quot.sound]
2026-10-10T19:20:52.4321801Z 'LinearDistancePreservers.DirectionGraph.convexPosition_rigid' depends on axioms: [propext,
2026-10-10T19:20:52.4323004Z 'LinearDistancePreservers.DirectionObstacle.outer_unique' depends on axioms: [propext, Classical.choice, Quot.sound]
2026-10-10T19:20:52.4323864Z 'LinearDistancePreservers.DirectionObstacle.inner_unique' depends on axioms: [propext, Classical.choice, Quot.sound]
2026-10-10T19:20:52.4324745Z 'LinearDistancePreservers.DirectionObstacle.terminals_card' depends on axioms: [propext, Classical.choice, Quot.sound]
2026-10-10T19:20:52.4325577Z 'LinearDistancePreservers.DirectionObstacle.subset_preserver_edge_count' depends on axioms: [propext,
2026-10-10T19:20:52.4327040Z 'LinearDistancePreservers.DirectionGraph.canonical_support_injective' depends on axioms: [propext,
2026-10-10T19:20:52.4328131Z 'LightSpanners.greedy_isSpanner' depends on axioms: [propext, Classical.choice, Quot.sound]
2026-10-10T19:20:52.4328789Z 'LightSpanners.greedy_weightedGirth' depends on axioms: [propext, Classical.choice, Quot.sound]
2026-10-10T19:20:52.4329431Z 'LightSpanners.bucket_budget' depends on axioms: [propext, Classical.choice, Quot.sound]
2026-10-10T19:20:52.4330064Z 'LightSpanners.sampling_bootstrap' depends on axioms: [propext, Classical.choice, Quot.sound]
2026-10-10T19:20:52.4330794Z 'DegreeFaultSpanners.theorem_five_uniform_parameters' depends on axioms: [propext, Classical.choice, Quot.sound]
2026-10-10T19:20:52.4331605Z 'DegreeFaultSpanners.isDegreeFaultSpanner_iff_edist' depends on axioms: [propext, Classical.choice, Quot.sound]
2026-10-10T19:20:52.4332452Z 'LinearDistancePreservers.BehrendPorts.exists_ports_of_exp' depends on axioms: [propext, Classical.choice, Quot.sound]
2026-10-10T19:20:52.4333323Z 'LinearDistancePreservers.BehrendPorts.roth_capacity' depends on axioms: [propext, Classical.choice, Quot.sound]
2026-10-10T19:20:52.4334091Z 'LinearDistancePreservers.BehrendPorts.outer_unique' depends on axioms: [propext, Quot.sound]
2026-10-10T19:20:52.4335038Z 'LinearDistancePreservers.SphereDirections.exists_directions' depends on axioms: [propext, Classical.choice, Quot.sound]
2026-10-10T19:20:52.4335933Z 'LinearDistancePreservers.UnweightedPadding.edist_comap' depends on axioms: [propext, Classical.choice, Quot.sound]
2026-10-10T19:20:52.4337017Z 'LinearDistancePreservers.UnweightedPadding.pad' depends on axioms: [propext, Classical.choice, Quot.sound]
2026-10-10T19:20:52.4337851Z 'LinearDistancePreservers.BehrendProduct.exists_product' depends on axioms: [propext, Classical.choice, Quot.sound]
2026-10-10T19:20:52.4338728Z 'LinearDistancePreservers.BehrendProduct.sphere_lower_bound' depends on axioms: [propext, Classical.choice, Quot.sound]
2026-10-10T19:20:52.4339612Z 'LinearDistancePreservers.BehrendProduct.integer_lower_bound' depends on axioms: [propext, Classical.choice, Quot.sound]
2026-10-10T19:20:52.4340434Z 'LinearDistancePreservers.TheoremFourRateAudit.log_polynomial_ratio' depends on axioms: [propext,
2026-10-10T19:20:52.4341668Z 'LinearDistancePreservers.TheoremFourRateAudit.logRatio_le' depends on axioms: [propext, Classical.choice, Quot.sound]
2026-10-10T19:20:52.4342527Z 'LinearDistancePreservers.TheoremFourRateAudit.suppressed_expression_le' depends on axioms: [propext,
2026-10-10T19:20:52.4343767Z 'LinearDistancePreservers.UnweightedClique.complete_rigid' depends on axioms: [propext, Classical.choice, Quot.sound]
2026-10-10T19:20:52.4344571Z 'LinearDistancePreservers.UnweightedClique.clique_lower_bound' depends on axioms: [propext,
2026-10-10T19:20:52.4345723Z 'LinearDistancePreservers.TheoremFourDense.displayed_bound_of_small_deficit' depends on axioms: [propext,
2026-10-10T19:20:59.4201254Z replaying VFTSpanners.BlockingSet
2026-10-10T19:21:06.4677787Z replaying VFTSpanners.Corollary
2026-10-10T19:21:13.4146356Z replaying VFTSpanners.Distance
2026-10-10T19:21:20.4655882Z replaying VFTSpanners.Extremal
2026-10-10T19:21:27.1593269Z replaying VFTSpanners.FiniteBound
2026-10-10T19:21:34.1202776Z replaying VFTSpanners.Greedy
2026-10-10T19:21:41.0622954Z replaying VFTSpanners.Main
2026-10-10T19:21:48.1371338Z replaying VFTSpanners.Moore
2026-10-10T19:21:55.1274318Z replaying VFTSpanners.Padding
2026-10-10T19:22:02.0990021Z replaying VFTSpanners.PaperTheorem
2026-10-10T19:22:09.1020328Z replaying VFTSpanners.Sampling
2026-10-10T19:22:16.1440908Z replaying VFTSpanners.ShortestPaths
2026-10-10T19:22:23.1704028Z replaying VFTSpanners.Weighted
2026-10-10T19:22:30.7757668Z replaying LinearDistancePreservers.Batching
2026-10-10T19:22:38.4334376Z replaying LinearDistancePreservers.BehrendPorts
2026-10-10T19:22:46.1091077Z replaying LinearDistancePreservers.BehrendProduct
2026-10-10T19:22:53.7316153Z replaying LinearDistancePreservers.Branching
2026-10-10T19:23:01.3002709Z replaying LinearDistancePreservers.ConsistentTiebreaking
2026-10-10T19:23:08.9266315Z replaying LinearDistancePreservers.ConvexDirections
2026-10-10T19:23:16.4328077Z replaying LinearDistancePreservers.ConvexRigidity
2026-10-10T19:23:24.0828027Z replaying LinearDistancePreservers.DirectionGraph
2026-10-10T19:23:31.6233284Z replaying LinearDistancePreservers.DirectionObstacle
2026-10-10T19:23:39.2522327Z replaying LinearDistancePreservers.DirectionPerfect
2026-10-10T19:23:46.8736051Z replaying LinearDistancePreservers.FavorableCut
2026-10-10T19:23:54.4397562Z replaying LinearDistancePreservers.FinitePerturbation
2026-10-10T19:24:01.9584137Z replaying LinearDistancePreservers.InducedMatchingRemoval
2026-10-10T19:24:09.4830050Z replaying LinearDistancePreservers.InducedMatchings
2026-10-10T19:24:16.9630185Z replaying LinearDistancePreservers.LayeredWalks
2026-10-10T19:24:24.4648836Z replaying LinearDistancePreservers.LazyTreeSelection
2026-10-10T19:24:32.0577945Z replaying LinearDistancePreservers.LowerBoundParameters
2026-10-10T19:24:39.5190629Z replaying LinearDistancePreservers.MatchingExtremal
2026-10-10T19:24:47.0449322Z replaying LinearDistancePreservers.ModularDistance
2026-10-10T19:24:54.5594563Z replaying LinearDistancePreservers.ModularGraph
2026-10-10T19:25:02.0547437Z replaying LinearDistancePreservers.ModularObstacle
2026-10-10T19:25:09.6407931Z replaying LinearDistancePreservers.ModularObstacleMetric
2026-10-10T19:25:17.1224043Z replaying LinearDistancePreservers.ModularPerfect
2026-10-10T19:25:24.5911012Z replaying LinearDistancePreservers.NativeWalkBridge
2026-10-10T19:25:32.0741324Z replaying LinearDistancePreservers.ObstacleCounting
2026-10-10T19:25:39.6249407Z replaying LinearDistancePreservers.ObstacleWalks
2026-10-10T19:25:47.1447342Z replaying LinearDistancePreservers.ObstacleWeights
2026-10-10T19:25:54.5965394Z replaying LinearDistancePreservers.PaperTheorem
2026-10-10T19:26:02.1354264Z replaying LinearDistancePreservers.PathLowerBound
2026-10-10T19:26:09.6144586Z replaying LinearDistancePreservers.PathPerturbation
2026-10-10T19:26:17.0708490Z replaying LinearDistancePreservers.PathUnion
2026-10-10T19:26:24.5276637Z replaying LinearDistancePreservers.PreserverForcing
2026-10-10T19:26:32.0078157Z replaying LinearDistancePreservers.PreserverPadding
2026-10-10T19:26:39.5108017Z replaying LinearDistancePreservers.QuadraticRepair
2026-10-10T19:26:46.9813448Z replaying LinearDistancePreservers.RoutingOfPaths
2026-10-10T19:26:54.4945804Z replaying LinearDistancePreservers.SphereDirections
2026-10-10T19:27:01.9322855Z replaying LinearDistancePreservers.TheoremFourDense
2026-10-10T19:27:09.4248321Z replaying LinearDistancePreservers.TheoremFourRateAudit
2026-10-10T19:27:16.9008758Z replaying LinearDistancePreservers.TheoremOne
2026-10-10T19:27:24.4564165Z replaying LinearDistancePreservers.TheoremThree
2026-10-10T19:27:32.0029760Z replaying LinearDistancePreservers.TheoremThreeExact
2026-10-10T19:27:39.5031851Z replaying LinearDistancePreservers.TheoremTwo
2026-10-10T19:27:47.0222030Z replaying LinearDistancePreservers.TreeCounting
2026-10-10T19:27:54.5001904Z replaying LinearDistancePreservers.UnweightedClique
2026-10-10T19:28:01.9373260Z replaying LinearDistancePreservers.UnweightedPadding
2026-10-10T19:28:09.4092319Z replaying LinearDistancePreservers.WalkSequence
2026-10-10T19:28:16.9067901Z replaying LinearDistancePreservers.WeightedConstruction
2026-10-10T19:28:24.3688909Z replaying LinearDistancePreservers.WeightedNativeForcing
2026-10-10T19:28:31.2080548Z replaying LightSpanners.Basic
2026-10-10T19:28:38.0949180Z replaying LightSpanners.Construction
2026-10-10T19:28:44.9616643Z replaying LightSpanners.Counting
2026-10-10T19:28:51.8097564Z replaying LightSpanners.Distance
2026-10-10T19:28:58.7031646Z replaying LightSpanners.EdgeSubdivision
2026-10-10T19:29:05.1813039Z replaying LightSpanners.Girth
2026-10-10T19:29:12.0386203Z replaying LightSpanners.Greedy
2026-10-10T19:29:18.9431848Z replaying LightSpanners.Kruskal
2026-10-10T19:29:25.8547035Z replaying LightSpanners.MinimumTree
2026-10-10T19:29:32.7629606Z replaying LightSpanners.RoundingTree
2026-10-10T19:29:39.6840553Z replaying LightSpanners.Subdivision
2026-10-10T19:29:46.5600267Z replaying LightSpanners.SubdivisionCycles
2026-10-10T19:29:53.4275303Z replaying LightSpanners.SubdivisionGirth
2026-10-10T19:29:59.9692689Z replaying LightSpanners.SubdivisionTree
2026-10-10T19:30:06.9678285Z replaying LightSpanners.TreeReduction
2026-10-10T19:30:13.8473972Z replaying LightSpanners.UnitCycle
2026-10-10T19:30:20.7613544Z replaying LightSpanners.UnitCycleWeight
2026-10-10T19:30:27.6177991Z replaying LightSpanners.Weight
2026-10-10T19:30:34.8724715Z replaying DegreeFaultSpanners.AllSizesParameters
2026-10-10T19:30:42.0251225Z replaying DegreeFaultSpanners.AllSizesRealBound
2026-10-10T19:30:49.3485365Z replaying DegreeFaultSpanners.AllSizesTheorem
2026-10-10T19:30:56.2418856Z replaying DegreeFaultSpanners.Blowup
2026-10-10T19:31:03.3214415Z replaying DegreeFaultSpanners.Construction
2026-10-10T19:31:10.4147491Z replaying DegreeFaultSpanners.CycleObstruction
2026-10-10T19:31:17.3700683Z replaying DegreeFaultSpanners.DenseWitness
2026-10-10T19:31:23.7892437Z replaying DegreeFaultSpanners.FaultSpanner
2026-10-10T19:31:31.0195078Z replaying DegreeFaultSpanners.GeometryWalk
2026-10-10T19:31:37.9038985Z replaying DegreeFaultSpanners.Incidence
2026-10-10T19:31:45.0303165Z replaying DegreeFaultSpanners.ObstructionAssembly
2026-10-10T19:31:51.8514934Z replaying DegreeFaultSpanners.Padding
2026-10-10T19:31:59.1724856Z replaying DegreeFaultSpanners.PaperTheorem
2026-10-10T19:32:05.9612219Z replaying DegreeFaultSpanners.Parameters
2026-10-10T19:32:12.6288251Z replaying DegreeFaultSpanners.PathStraightening
2026-10-10T19:32:19.7478362Z replaying DegreeFaultSpanners.RealBound
2026-10-10T19:32:26.8874541Z replaying DegreeFaultSpanners.ShortReach
2026-10-10T19:32:33.9059610Z replaying DegreeFaultSpanners.SlopeAlgebra
2026-10-10T19:32:41.0762818Z replaying LengthExpander.BipartiteCounterexample
2026-10-10T19:32:48.2355300Z replaying LengthExpander.CutSequenceMatching
2026-10-10T19:32:55.1092101Z replaying LengthExpander.Cuts
2026-10-10T19:33:01.9038804Z replaying LengthExpander.DecompositionReduction
2026-10-10T19:33:09.1109238Z replaying LengthExpander.DegreeDecomposition
2026-10-10T19:33:16.2628129Z replaying LengthExpander.DegreeUnion
2026-10-10T19:33:23.1525634Z replaying LengthExpander.DeletionCount
2026-10-10T19:33:29.9818985Z replaying LengthExpander.DemandExtraction
2026-10-10T19:33:36.4610142Z replaying LengthExpander.DemandMatchingFamily
2026-10-10T19:33:43.2461983Z replaying LengthExpander.Demands
2026-10-10T19:33:50.0555173Z replaying LengthExpander.DensityBound
2026-10-10T19:33:57.3155540Z replaying LengthExpander.DirectDecomposition
2026-10-10T19:34:04.2059244Z replaying LengthExpander.DirectedDemandMatching
2026-10-10T19:34:11.0752680Z replaying LengthExpander.DispersedPairGeometry
2026-10-10T19:34:17.9089221Z replaying LengthExpander.DispersionCount
2026-10-10T19:34:24.7565112Z replaying LengthExpander.FiniteTermination
2026-10-10T19:34:31.6377815Z replaying LengthExpander.FixedSizeSampling
2026-10-10T19:34:38.7655423Z replaying LengthExpander.ForestCover
2026-10-10T19:34:45.8988585Z replaying LengthExpander.ForestPartition
2026-10-10T19:34:53.0465366Z replaying LengthExpander.HereditaryDensity
2026-10-10T19:34:59.9557876Z replaying LengthExpander.HikerCount
2026-10-10T19:35:06.8204578Z replaying LengthExpander.Hikers
2026-10-10T19:35:13.7002477Z replaying LengthExpander.IncreasingPaths
2026-10-10T19:35:20.8417933Z replaying LengthExpander.IntegralDispersion
2026-10-10T19:35:27.6474332Z replaying LengthExpander.ListDemands
2026-10-10T19:35:34.5458783Z replaying LengthExpander.MatchingMetricBridge
2026-10-10T19:35:41.3118268Z replaying LengthExpander.MatchingPermutations
2026-10-10T19:35:48.1976141Z replaying LengthExpander.Metric
2026-10-10T19:35:55.4047469Z replaying LengthExpander.NonnegativeCutSequence
2026-10-10T19:36:02.6261827Z replaying LengthExpander.OrientationDispersion
2026-10-10T19:36:09.3964634Z replaying LengthExpander.PairingLists
2026-10-10T19:36:16.3777444Z replaying LengthExpander.ParallelGreedy
2026-10-10T19:36:23.4248064Z replaying LengthExpander.PushforwardDemand
2026-10-10T19:36:30.8456114Z replaying LengthExpander.RealCutSequence
2026-10-10T19:36:38.1941435Z replaying LengthExpander.RealDegreeTheorems
2026-10-10T19:36:45.5264699Z replaying LengthExpander.RealParameterArboricity
2026-10-10T19:36:52.8370182Z replaying LengthExpander.RealUnionSparsity
2026-10-10T19:37:00.2204614Z replaying LengthExpander.RealUnionWitness
2026-10-10T19:37:07.3304515Z replaying LengthExpander.RescalingCounterexample
2026-10-10T19:37:14.3193465Z replaying LengthExpander.ScaledIntegralExtraction
2026-10-10T19:37:21.4127423Z replaying LengthExpander.SequentialDemandGeometry
2026-10-10T19:37:28.4398699Z replaying LengthExpander.SourceCorrections
2026-10-10T19:37:35.3455754Z replaying LengthExpander.SparseOrder
2026-10-10T19:37:42.7232356Z replaying LengthExpander.SparseOrientation
2026-10-10T19:37:50.1368172Z replaying LengthExpander.UnionBoundConstants
2026-10-10T19:37:57.5738118Z replaying LengthExpander.UnionSparsity
2026-10-10T19:38:05.0214051Z replaying LengthExpander.UnionWitness
2026-10-10T19:38:12.7605696Z replaying MinorFreeSpanners.AllCliqueOrdersLowerBound
2026-10-10T19:38:19.7767953Z replaying MinorFreeSpanners.BoundedMinor
2026-10-10T19:38:26.9777032Z replaying MinorFreeSpanners.Claim19Counterexample
2026-10-10T19:38:34.1314972Z replaying MinorFreeSpanners.ClusterClaim23
2026-10-10T19:38:41.2371587Z replaying MinorFreeSpanners.ClusterEdgeWeights
2026-10-10T19:38:48.0104890Z replaying MinorFreeSpanners.ClusterGirth
2026-10-10T19:38:55.2155716Z replaying MinorFreeSpanners.ClusterGraph
2026-10-10T19:39:02.3880688Z replaying MinorFreeSpanners.ClusterWalkLift
2026-10-10T19:39:09.6059324Z replaying MinorFreeSpanners.CompletionMinor
2026-10-10T19:39:17.4106528Z replaying MinorFreeSpanners.ConnectedLowerBound
2026-10-10T19:39:24.5403279Z replaying MinorFreeSpanners.CoreExtraction
2026-10-10T19:39:32.3023313Z replaying MinorFreeSpanners.CoreParameters
2026-10-10T19:39:39.4342277Z replaying MinorFreeSpanners.CycleEdgeRemoval
2026-10-10T19:39:47.0962516Z replaying MinorFreeSpanners.DensityAlgebra
2026-10-10T19:39:54.8173893Z replaying MinorFreeSpanners.DensityLinearLoss
2026-10-10T19:40:01.9749781Z replaying MinorFreeSpanners.DisjointCopies
2026-10-10T19:40:09.1538397Z replaying MinorFreeSpanners.ExactSizeLowerBound
2026-10-10T19:40:16.3004068Z replaying MinorFreeSpanners.GirthComponents
2026-10-10T19:40:24.0554669Z replaying MinorFreeSpanners.GirthConjectureLowerBound
2026-10-10T19:40:31.1884059Z replaying MinorFreeSpanners.Greedy
2026-10-10T19:40:38.3065278Z replaying MinorFreeSpanners.IntrinsicGirthGap
2026-10-10T19:40:45.4350850Z replaying MinorFreeSpanners.IsolatedPadding
2026-10-10T19:40:52.5130570Z replaying MinorFreeSpanners.LeafMinor
2026-10-10T19:40:59.7072036Z replaying MinorFreeSpanners.LowerBound
2026-10-10T19:41:06.7768336Z replaying MinorFreeSpanners.Minor
2026-10-10T19:41:13.7966358Z replaying MinorFreeSpanners.MinorComposition
2026-10-10T19:41:20.8153834Z replaying MinorFreeSpanners.MinorEdgeCount
2026-10-10T19:41:28.0732392Z replaying MinorFreeSpanners.MinorNormalization
2026-10-10T19:41:35.1354182Z replaying MinorFreeSpanners.MinorRestriction
2026-10-10T19:41:42.1777818Z replaying MinorFreeSpanners.MinorSingletonDegree
2026-10-10T19:41:49.1990101Z replaying MinorFreeSpanners.MinorWeakMap
2026-10-10T19:41:56.6013441Z replaying MinorFreeSpanners.Moore
2026-10-10T19:42:04.3914537Z replaying MinorFreeSpanners.PostleBudget
2026-10-10T19:42:12.1528035Z replaying MinorFreeSpanners.PostleMates
2026-10-10T19:42:19.8828256Z replaying MinorFreeSpanners.PostleParameterBudget
2026-10-10T19:42:27.6223107Z replaying MinorFreeSpanners.PostlePullback
2026-10-10T19:42:34.8240675Z replaying MinorFreeSpanners.RootedCompletion
2026-10-10T19:42:41.8693376Z replaying MinorFreeSpanners.SmallMinors
2026-10-10T19:42:49.0315844Z replaying MinorFreeSpanners.StarLowerBound
2026-10-10T19:42:56.1643214Z replaying MinorFreeSpanners.SubdivisionMinor
2026-10-10T19:43:03.8992225Z replaying MinorFreeSpanners.ThreeMinorNormalization
2026-10-10T19:43:10.9353477Z replaying MinorFreeSpanners.TriangleMinor
