CHECK: ../run-lean.sh -o .lake/build/lib/lean/MinorFreeSpanners/RootedCompletion.olean Multiplicative Spanners in Minor-Free Graphs/MinorFreeSpanners/RootedCompletion.lean
CHECK: ../run-lean.sh -o .lake/build/lib/lean/MinorFreeSpanners/MinorWeakMap.olean Multiplicative Spanners in Minor-Free Graphs/MinorFreeSpanners/MinorWeakMap.lean
CHECK: ../run-lean.sh -o .lake/build/lib/lean/MinorFreeSpanners/LeafMinor.olean Multiplicative Spanners in Minor-Free Graphs/MinorFreeSpanners/LeafMinor.lean
Multiplicative Spanners in Minor-Free Graphs/MinorFreeSpanners/LeafMinor.lean:30:0: warning: automatically included section variable(s) unused in theorem `MinorFreeSpanners.leafExtension.new_degree_le_one`:
  [DecidableEq V]
consider restructuring your `variable` declarations so that the variables are not in scope or explicitly omit them:
  omit [DecidableEq V] in theorem ...

Note: This linter can be disabled with `set_option linter.unusedSectionVars false`
Multiplicative Spanners in Minor-Free Graphs/MinorFreeSpanners/LeafMinor.lean:46:2: warning: `push_neg` has been deprecated. Prefer using `push Not` instead.
If you'd rather continue using `push_neg` in your project, you can implement it as follows:
```
open Lean.Parser.Tactic in
macro "push_neg" cfg:optConfig loc:(location)? : tactic =>
  `(tactic| push $cfg:optConfig Not $[$loc]?)
```
Multiplicative Spanners in Minor-Free Graphs/MinorFreeSpanners/LeafMinor.lean:57:0: warning: automatically included section variable(s) unused in theorem `MinorFreeSpanners.leafExtension.branch_root`:
  [Fintype V]
  [DecidableEq V]
consider restructuring your `variable` declarations so that the variables are not in scope or explicitly omit them:
  omit [Fintype V] [DecidableEq V] in theorem ...

Note: This linter can be disabled with `set_option linter.unusedSectionVars false`
CHECK: ../run-lean.sh -o .lake/build/lib/lean/MinorFreeSpanners/CompletionMinor.olean Multiplicative Spanners in Minor-Free Graphs/MinorFreeSpanners/CompletionMinor.lean
CHECK: ../run-lean.sh -o .lake/build/lib/lean/MinorFreeSpanners/ConnectedLowerBound.olean Multiplicative Spanners in Minor-Free Graphs/MinorFreeSpanners/ConnectedLowerBound.lean
Multiplicative Spanners in Minor-Free Graphs/MinorFreeSpanners/ConnectedLowerBound.lean:13:0: warning: automatically included section variable(s) unused in theorem `MinorFreeSpanners.unit_tree_weight`:
  [DecidableEq V]
consider restructuring your `variable` declarations so that the variables are not in scope or explicitly omit them:
  omit [DecidableEq V] in theorem ...

Note: This linter can be disabled with `set_option linter.unusedSectionVars false`
Multiplicative Spanners in Minor-Free Graphs/MinorFreeSpanners/ConnectedLowerBound.lean:30:0: warning: automatically included section variable(s) unused in theorem `MinorFreeSpanners.unit_spanner_self`:
  [Fintype V]
  [DecidableEq V]
consider restructuring your `variable` declarations so that the variables are not in scope or explicitly omit them:
  omit [Fintype V] [DecidableEq V] in theorem ...

Note: This linter can be disabled with `set_option linter.unusedSectionVars false`
Multiplicative Spanners in Minor-Free Graphs/MinorFreeSpanners/ConnectedLowerBound.lean:58:2: warning: Try this: 
  letI̵

The goal is a proposition, so `let` is preferred over `letI`.
The difference between `let` and `letI` is that `letI` inlines the value.
But this is not relevant for proofs because of proof irrelevance.

Note: This linter can be disabled with `set_option linter.style.haveILetI false`
CHECK: ../run-lean.sh -o .lake/build/lib/lean/MinorFreeSpanners.olean Multiplicative Spanners in Minor-Free Graphs/MinorFreeSpanners.lean
CHECK: ../run-lean.sh Multiplicative Spanners in Minor-Free Graphs/verification/AxiomAudit.lean
Axiom audit passed for 343 MinorFreeSpanners declarations; allowed axioms: [propext, Classical.choice, Quot.sound]
'MinorFreeSpanners.claim19_counterexample_with_source_hypotheses' depends on axioms: [propext,
 Classical.choice,
 Quot.sound]
'MinorFreeSpanners.claim19_corrected' depends on axioms: [propext, Classical.choice, Quot.sound]
'MinorFreeSpanners.cluster_threshold_repair' depends on axioms: [propext, Classical.choice, Quot.sound]
'MinorFreeSpanners.theorem11' depends on axioms: [propext, Classical.choice, Quot.sound]
'MinorFreeSpanners.high_girth_spanner_eq' depends on axioms: [propext, Classical.choice, Quot.sound]
'MinorFreeSpanners.cliqueMinorFree_two_iff' depends on axioms: [propext, Classical.choice, Quot.sound]
'MinorFreeSpanners.cliqueMinorFree_of_edges' depends on axioms: [propext, Classical.choice, Quot.sound]
'MinorFreeSpanners.density_increment_exponent' depends on axioms: [propext, Classical.choice, Quot.sound]
'MinorFreeSpanners.MinorModel.comp' depends on axioms: [propext, Classical.choice, Quot.sound]
'MinorFreeSpanners.MinorModel.exists_component' depends on axioms: [propext, Classical.choice, Quot.sound]
'MinorFreeSpanners.cliqueMinorFree_of_component_edges' depends on axioms: [propext, Classical.choice, Quot.sound]
'MinorFreeSpanners.GirthAbove.of_components' depends on axioms: [propext, Classical.choice, Quot.sound]
'MinorFreeSpanners.copied_core_lower_bound' depends on axioms: [propext, Classical.choice, Quot.sound]
'MinorFreeSpanners.MinorModel.singleton_branch_degree' depends on axioms: [propext, Classical.choice, Quot.sound]
'MinorFreeSpanners.CliqueMinorFree.subdivideEdge' depends on axioms: [propext, Classical.choice, Quot.sound]
'MinorFreeSpanners.density_increment_linear_loss' depends on axioms: [propext, Classical.choice, Quot.sound]
'MinorFreeSpanners.minor_unit_tree_reduction_of_mst' depends on axioms: [propext, Classical.choice, Quot.sound]
'MinorFreeSpanners.padGraph.minorFree' depends on axioms: [propext, Classical.choice, Quot.sound]
'MinorFreeSpanners.padGraph.girth' depends on axioms: [propext, Classical.choice, Quot.sound]
'MinorFreeSpanners.exact_size_core_lower_bound' depends on axioms: [propext, Classical.choice, Quot.sound]
'MinorFreeSpanners.replacement_walk_gap' depends on axioms: [propext, Classical.choice, Quot.sound]
'MinorFreeSpanners.ClusterFamily.minorModel' depends on axioms: [propext, Classical.choice, Quot.sound]
'MinorFreeSpanners.ClusterFamily.no_heavy_loop' depends on axioms: [propext, Classical.choice, Quot.sound]
'MinorFreeSpanners.ClusterFamily.heavy_edge_unique' depends on axioms: [propext, Classical.choice, Quot.sound]
'MinorFreeSpanners.ClusterFamily.lift_walk_bounded_on_edges' depends on axioms: [propext, Classical.choice, Quot.sound]
'MinorFreeSpanners.ClusterFamily.exists_bridge_with_weight' depends on axioms: [propext, Classical.choice, Quot.sound]
'MinorFreeSpanners.closed_trail_remove_edge' depends on axioms: [propext, Classical.choice, Quot.sound]
'MinorFreeSpanners.ClusterFamily.girth' depends on axioms: [propext, Classical.choice, Quot.sound]
'MinorFreeSpanners.claim23_for_cluster_family' depends on axioms: [propext, Classical.choice, Quot.sound]
'MinorFreeSpanners.girth_conjecture_sparse_lower_bound_all_h' depends on axioms: [propext, Classical.choice, Quot.sound]
'MinorFreeSpanners.star_sparse_lower_bound' depends on axioms: [propext, Classical.choice, Quot.sound]
'MinorFreeSpanners.exists_edge_trim' depends on axioms: [propext, Classical.choice, Quot.sound]
'MinorFreeSpanners.rootedCompletion.connected' depends on axioms: [propext, Classical.choice, Quot.sound]
'MinorFreeSpanners.rootedCompletion.girth' depends on axioms: [propext, Classical.choice, Quot.sound]
'MinorFreeSpanners.rootedCompletion.minorFree' depends on axioms: [propext, Classical.choice, Quot.sound]
'MinorFreeSpanners.unit_mst_exists' depends on axioms: [propext, Classical.choice, Quot.sound]
'MinorFreeSpanners.girth_conjecture_connected_lower_bound' depends on axioms: [propext, Classical.choice, Quot.sound]
CHECK: ../.lake/packages/mathlib/.lake/build/bin/mk_all --check --lib MinorFreeSpanners
No update necessary
CONNECTED_LOWER_BUILD_AUDIT_INDEX_PASSED
