CHECK: ../run-lean.sh -o .lake/build/lib/lean/LightSpanners/RoundingTree.olean An Alternate Proof of Near-Optimal Light Spanners/LightSpanners/RoundingTree.lean
CHECK: ../run-lean.sh -o .lake/build/lib/lean/LightSpanners/SubdivisionCycles.olean An Alternate Proof of Near-Optimal Light Spanners/LightSpanners/SubdivisionCycles.lean
CHECK: ../run-lean.sh -o .lake/build/lib/lean/LightSpanners/SubdivisionGirth.olean An Alternate Proof of Near-Optimal Light Spanners/LightSpanners/SubdivisionGirth.lean
CHECK: ../run-lean.sh -o .lake/build/lib/lean/LightSpanners/SubdivisionTree.olean An Alternate Proof of Near-Optimal Light Spanners/LightSpanners/SubdivisionTree.lean
CHECK: ../run-lean.sh -o .lake/build/lib/lean/LightSpanners/TreeReduction.olean An Alternate Proof of Near-Optimal Light Spanners/LightSpanners/TreeReduction.lean
CHECK: ../run-lean.sh -o .lake/build/lib/lean/MinorFreeSpanners/IsolatedPadding.olean Multiplicative Spanners in Minor-Free Graphs/MinorFreeSpanners/IsolatedPadding.lean
CHECK: ../run-lean.sh -o .lake/build/lib/lean/MinorFreeSpanners/ExactSizeLowerBound.olean Multiplicative Spanners in Minor-Free Graphs/MinorFreeSpanners/ExactSizeLowerBound.lean
CHECK: ../run-lean.sh -o .lake/build/lib/lean/MinorFreeSpanners/IntrinsicGirthGap.olean Multiplicative Spanners in Minor-Free Graphs/MinorFreeSpanners/IntrinsicGirthGap.lean
CHECK: ../run-lean.sh -o .lake/build/lib/lean/MinorFreeSpanners/ClusterGraph.olean Multiplicative Spanners in Minor-Free Graphs/MinorFreeSpanners/ClusterGraph.lean
CHECK: ../run-lean.sh -o .lake/build/lib/lean/MinorFreeSpanners/MinorNormalization.olean Multiplicative Spanners in Minor-Free Graphs/MinorFreeSpanners/MinorNormalization.lean
CHECK: ../run-lean.sh -o .lake/build/lib/lean/MinorFreeSpanners.olean Multiplicative Spanners in Minor-Free Graphs/MinorFreeSpanners.lean
CHECK: ../run-lean.sh Multiplicative Spanners in Minor-Free Graphs/verification/AxiomAudit.lean
Axiom audit passed for 216 MinorFreeSpanners declarations; allowed axioms: [propext, Classical.choice, Quot.sound]
'MinorFreeSpanners.claim19_counterexample_with_source_hypotheses' depends on axioms: [propext,
 Classical.choice,
 Quot.sound]
'MinorFreeSpanners.claim19_corrected' depends on axioms: [propext, Classical.choice, Quot.sound]
'MinorFreeSpanners.cluster_threshold_repair' depends on axioms: [propext, Classical.choice, Quot.sound]
'MinorFreeSpanners.theorem11' depends on axioms: [propext, Classical.choice, Quot.sound]
'MinorFreeSpanners.high_girth_spanner_eq' depends on axioms: [propext, Classical.choice, Quot.sound]
'MinorFreeSpanners.cliqueMinorFree_two_iff' depends on axioms: [propext, Classical.choice, Quot.sound]
'MinorFreeSpanners.cliqueMinorFree_of_edges' depends on axioms: [propext, Classical.choice, Quot.sound]
'MinorFreeSpanners.density_increment_exponent' depends on axioms: [propext, Classical.choice, Quot.sound]
'MinorFreeSpanners.MinorModel.comp' depends on axioms: [propext, Classical.choice, Quot.sound]
'MinorFreeSpanners.MinorModel.exists_component' depends on axioms: [propext, Classical.choice, Quot.sound]
'MinorFreeSpanners.cliqueMinorFree_of_component_edges' depends on axioms: [propext, Classical.choice, Quot.sound]
'MinorFreeSpanners.GirthAbove.of_components' depends on axioms: [propext, Classical.choice, Quot.sound]
'MinorFreeSpanners.copied_core_lower_bound' depends on axioms: [propext, Classical.choice, Quot.sound]
'MinorFreeSpanners.MinorModel.singleton_branch_degree' depends on axioms: [propext, Classical.choice, Quot.sound]
'MinorFreeSpanners.CliqueMinorFree.subdivideEdge' depends on axioms: [propext, Classical.choice, Quot.sound]
'MinorFreeSpanners.density_increment_linear_loss' depends on axioms: [propext, Classical.choice, Quot.sound]
'MinorFreeSpanners.minor_unit_tree_reduction_of_mst' depends on axioms: [propext, Classical.choice, Quot.sound]
'MinorFreeSpanners.padGraph.minorFree' depends on axioms: [propext, Classical.choice, Quot.sound]
'MinorFreeSpanners.padGraph.girth' depends on axioms: [propext, Classical.choice, Quot.sound]
'MinorFreeSpanners.exact_size_core_lower_bound' depends on axioms: [propext, Classical.choice, Quot.sound]
'MinorFreeSpanners.replacement_walk_gap' depends on axioms: [propext, Classical.choice, Quot.sound]
'MinorFreeSpanners.ClusterFamily.minorModel' depends on axioms: [propext, Classical.choice, Quot.sound]
'MinorFreeSpanners.ClusterFamily.no_heavy_loop' depends on axioms: [propext, Classical.choice, Quot.sound]
'MinorFreeSpanners.ClusterFamily.heavy_edge_unique' depends on axioms: [propext, Classical.choice, Quot.sound]
CHECK: ../.lake/packages/mathlib/.lake/build/bin/mk_all --check --lib MinorFreeSpanners
No update necessary
CHECK: ../.lake/packages/mathlib/.lake/build/bin/mk_all --check --lib LightSpanners
No update necessary
BUILD_AUDIT_INDEX_PASSED
