CHECK: ../run-lean.sh -o .lake/build/lib/lean/MinorFreeSpanners/TriangleMinor.olean Multiplicative Spanners in Minor-Free Graphs/MinorFreeSpanners/TriangleMinor.lean
Multiplicative Spanners in Minor-Free Graphs/MinorFreeSpanners/TriangleMinor.lean:32:24: warning: try 'simp' instead of 'simpa'

Note: This linter can be disabled with `set_option linter.unnecessarySimpa false`
Multiplicative Spanners in Minor-Free Graphs/MinorFreeSpanners/TriangleMinor.lean:34:10: warning: try 'simp' instead of 'simpa'

Note: This linter can be disabled with `set_option linter.unnecessarySimpa false`
Multiplicative Spanners in Minor-Free Graphs/MinorFreeSpanners/TriangleMinor.lean:36:24: warning: try 'simp' instead of 'simpa'

Note: This linter can be disabled with `set_option linter.unnecessarySimpa false`
Multiplicative Spanners in Minor-Free Graphs/MinorFreeSpanners/TriangleMinor.lean:38:10: warning: try 'simp' instead of 'simpa'

Note: This linter can be disabled with `set_option linter.unnecessarySimpa false`
Multiplicative Spanners in Minor-Free Graphs/MinorFreeSpanners/TriangleMinor.lean:44:18: warning: try 'simp' instead of 'simpa'

Note: This linter can be disabled with `set_option linter.unnecessarySimpa false`
Multiplicative Spanners in Minor-Free Graphs/MinorFreeSpanners/TriangleMinor.lean:50:19: warning: `if_pos` has been deprecated: Use `ite_eq_left` instead
Multiplicative Spanners in Minor-Free Graphs/MinorFreeSpanners/TriangleMinor.lean:50:19: warning: This simp argument is unused:
  if_pos rfl

Hint: Omit it from the simp argument list.
  [apply] simp only [B, Set.mem_singleton_iff] at ha hb

Note: This linter can be disabled with `set_option linter.unusedSimpArgs false`
Multiplicative Spanners in Minor-Free Graphs/MinorFreeSpanners/TriangleMinor.lean:50:30: warning: This simp argument is unused:
  Set.mem_singleton_iff

Hint: Omit it from the simp argument list.
  [apply] simp only [B, if_pos rfl] at ha hb

Note: This linter can be disabled with `set_option linter.unusedSimpArgs false`
CHECK: ../run-lean.sh -o .lake/build/lib/lean/MinorFreeSpanners/ThreeMinorNormalization.olean Multiplicative Spanners in Minor-Free Graphs/MinorFreeSpanners/ThreeMinorNormalization.lean
CHECK: ../run-lean.sh -o .lake/build/lib/lean/MinorFreeSpanners/BoundedMinor.olean Multiplicative Spanners in Minor-Free Graphs/MinorFreeSpanners/BoundedMinor.lean
CHECK: ../run-lean.sh -o .lake/build/lib/lean/MinorFreeSpanners/PostleBudget.olean Multiplicative Spanners in Minor-Free Graphs/MinorFreeSpanners/PostleBudget.lean
CHECK: ../run-lean.sh -o .lake/build/lib/lean/MinorFreeSpanners/PostleMates.olean Multiplicative Spanners in Minor-Free Graphs/MinorFreeSpanners/PostleMates.lean
Multiplicative Spanners in Minor-Free Graphs/MinorFreeSpanners/PostleMates.lean:105:4: warning: `push_neg` has been deprecated. Prefer using `push Not` instead.
If you'd rather continue using `push_neg` in your project, you can implement it as follows:
```
open Lean.Parser.Tactic in
macro "push_neg" cfg:optConfig loc:(location)? : tactic =>
  `(tactic| push $cfg:optConfig Not $[$loc]?)
```
CHECK: ../run-lean.sh -o .lake/build/lib/lean/MinorFreeSpanners/PostlePullback.olean Multiplicative Spanners in Minor-Free Graphs/MinorFreeSpanners/PostlePullback.lean
CHECK: ../run-lean.sh -o .lake/build/lib/lean/MinorFreeSpanners/PostleParameterBudget.olean Multiplicative Spanners in Minor-Free Graphs/MinorFreeSpanners/PostleParameterBudget.lean
CHECK: ../run-lean.sh -o .lake/build/lib/lean/MinorFreeSpanners.olean Multiplicative Spanners in Minor-Free Graphs/MinorFreeSpanners.lean
CHECK: ../run-lean.sh Multiplicative Spanners in Minor-Free Graphs/verification/AxiomAudit.lean
Axiom audit passed for 392 MinorFreeSpanners declarations; allowed axioms: [propext, Classical.choice, Quot.sound]
'MinorFreeSpanners.claim19_counterexample_with_source_hypotheses' depends on axioms: [propext,
 Classical.choice,
 Quot.sound]
'MinorFreeSpanners.claim19_corrected' depends on axioms: [propext, Classical.choice, Quot.sound]
'MinorFreeSpanners.cluster_threshold_repair' depends on axioms: [propext, Classical.choice, Quot.sound]
'MinorFreeSpanners.theorem11' depends on axioms: [propext, Classical.choice, Quot.sound]
'MinorFreeSpanners.high_girth_spanner_eq' depends on axioms: [propext, Classical.choice, Quot.sound]
'MinorFreeSpanners.cliqueMinorFree_two_iff' depends on axioms: [propext, Classical.choice, Quot.sound]
'MinorFreeSpanners.cliqueMinorFree_of_edges' depends on axioms: [propext, Classical.choice, Quot.sound]
'MinorFreeSpanners.density_increment_exponent' depends on axioms: [propext, Classical.choice, Quot.sound]
'MinorFreeSpanners.MinorModel.comp' depends on axioms: [propext, Classical.choice, Quot.sound]
'MinorFreeSpanners.MinorModel.exists_component' depends on axioms: [propext, Classical.choice, Quot.sound]
'MinorFreeSpanners.cliqueMinorFree_of_component_edges' depends on axioms: [propext, Classical.choice, Quot.sound]
'MinorFreeSpanners.GirthAbove.of_components' depends on axioms: [propext, Classical.choice, Quot.sound]
'MinorFreeSpanners.copied_core_lower_bound' depends on axioms: [propext, Classical.choice, Quot.sound]
'MinorFreeSpanners.MinorModel.singleton_branch_degree' depends on axioms: [propext, Classical.choice, Quot.sound]
'MinorFreeSpanners.CliqueMinorFree.subdivideEdge' depends on axioms: [propext, Classical.choice, Quot.sound]
'MinorFreeSpanners.density_increment_linear_loss' depends on axioms: [propext, Classical.choice, Quot.sound]
'MinorFreeSpanners.minor_unit_tree_reduction_of_mst' depends on axioms: [propext, Classical.choice, Quot.sound]
'MinorFreeSpanners.padGraph.minorFree' depends on axioms: [propext, Classical.choice, Quot.sound]
'MinorFreeSpanners.padGraph.girth' depends on axioms: [propext, Classical.choice, Quot.sound]
'MinorFreeSpanners.exact_size_core_lower_bound' depends on axioms: [propext, Classical.choice, Quot.sound]
'MinorFreeSpanners.replacement_walk_gap' depends on axioms: [propext, Classical.choice, Quot.sound]
'MinorFreeSpanners.ClusterFamily.minorModel' depends on axioms: [propext, Classical.choice, Quot.sound]
'MinorFreeSpanners.ClusterFamily.no_heavy_loop' depends on axioms: [propext, Classical.choice, Quot.sound]
'MinorFreeSpanners.ClusterFamily.heavy_edge_unique' depends on axioms: [propext, Classical.choice, Quot.sound]
'MinorFreeSpanners.ClusterFamily.lift_walk_bounded_on_edges' depends on axioms: [propext, Classical.choice, Quot.sound]
'MinorFreeSpanners.ClusterFamily.exists_bridge_with_weight' depends on axioms: [propext, Classical.choice, Quot.sound]
'MinorFreeSpanners.closed_trail_remove_edge' depends on axioms: [propext, Classical.choice, Quot.sound]
'MinorFreeSpanners.ClusterFamily.girth' depends on axioms: [propext, Classical.choice, Quot.sound]
'MinorFreeSpanners.claim23_for_cluster_family' depends on axioms: [propext, Classical.choice, Quot.sound]
'MinorFreeSpanners.girth_conjecture_sparse_lower_bound_all_h' depends on axioms: [propext, Classical.choice, Quot.sound]
'MinorFreeSpanners.star_sparse_lower_bound' depends on axioms: [propext, Classical.choice, Quot.sound]
'MinorFreeSpanners.exists_edge_trim' depends on axioms: [propext, Classical.choice, Quot.sound]
'MinorFreeSpanners.rootedCompletion.connected' depends on axioms: [propext, Classical.choice, Quot.sound]
'MinorFreeSpanners.rootedCompletion.girth' depends on axioms: [propext, Classical.choice, Quot.sound]
'MinorFreeSpanners.rootedCompletion.minorFree' depends on axioms: [propext, Classical.choice, Quot.sound]
'MinorFreeSpanners.unit_mst_exists' depends on axioms: [propext, Classical.choice, Quot.sound]
'MinorFreeSpanners.girth_conjecture_connected_lower_bound' depends on axioms: [propext, Classical.choice, Quot.sound]
'MinorFreeSpanners.triangle_minor_of_cycle' depends on axioms: [propext, Classical.choice, Quot.sound]
'MinorFreeSpanners.minor_unit_tree_reduction_of_mst_all_h' depends on axioms: [propext, Classical.choice, Quot.sound]
'MinorFreeSpanners.MinorModel.IsBounded.comp' depends on axioms: [propext, Classical.choice, Quot.sound]
'MinorFreeSpanners.MinorModel.IsBounded.exists_host_subgraph' depends on axioms: [propext, Classical.choice, Quot.sound]
'MinorFreeSpanners.postle_small_dense_or_unmated' depends on axioms: [propext, Classical.choice, Quot.sound]
'MinorFreeSpanners.postle_bounded_minor_dense_or_unmated' depends on axioms: [propext, Classical.choice, Quot.sound]
'MinorFreeSpanners.postle_vertex_budget' depends on axioms: [propext, Classical.choice, Quot.sound]
'MinorFreeSpanners.postle_displayed_rounding_step_counterexample' depends on axioms: [propext,
 Classical.choice,
 Quot.sound]
'MinorFreeSpanners.postle_bipartite_density_budget' depends on axioms: [propext, Classical.choice, Quot.sound]
CHECK: ../.lake/packages/mathlib/.lake/build/bin/mk_all --check --lib MinorFreeSpanners
No update necessary
POSTLE_FOUNDATIONS_BUILD_AUDIT_INDEX_PASSED
