Axiom audit passed for 678 MinorFreeSpanners declarations; allowed axioms: [propext, Classical.choice, Quot.sound]
'MinorFreeSpanners.claim19_counterexample_with_source_hypotheses' depends on axioms: [propext,
 Classical.choice,
 Quot.sound]
'MinorFreeSpanners.claim19_corrected' depends on axioms: [propext, Classical.choice, Quot.sound]
'MinorFreeSpanners.cluster_threshold_repair' depends on axioms: [propext, Classical.choice, Quot.sound]
'MinorFreeSpanners.theorem11' depends on axioms: [propext, Classical.choice, Quot.sound]
'MinorFreeSpanners.high_girth_spanner_eq' depends on axioms: [propext, Classical.choice, Quot.sound]
'MinorFreeSpanners.cliqueMinorFree_two_iff' depends on axioms: [propext, Classical.choice, Quot.sound]
'MinorFreeSpanners.cliqueMinorFree_of_edges' depends on axioms: [propext, Classical.choice, Quot.sound]
'MinorFreeSpanners.density_increment_exponent' depends on axioms: [propext, Classical.choice, Quot.sound]
'MinorFreeSpanners.MinorModel.comp' depends on axioms: [propext, Classical.choice, Quot.sound]
'MinorFreeSpanners.MinorModel.exists_component' depends on axioms: [propext, Classical.choice, Quot.sound]
'MinorFreeSpanners.cliqueMinorFree_of_component_edges' depends on axioms: [propext, Classical.choice, Quot.sound]
'MinorFreeSpanners.GirthAbove.of_components' depends on axioms: [propext, Classical.choice, Quot.sound]
'MinorFreeSpanners.copied_core_lower_bound' depends on axioms: [propext, Classical.choice, Quot.sound]
'MinorFreeSpanners.MinorModel.singleton_branch_degree' depends on axioms: [propext, Classical.choice, Quot.sound]
'MinorFreeSpanners.CliqueMinorFree.subdivideEdge' depends on axioms: [propext, Classical.choice, Quot.sound]
'MinorFreeSpanners.density_increment_linear_loss' depends on axioms: [propext, Classical.choice, Quot.sound]
'MinorFreeSpanners.minor_unit_tree_reduction_of_mst' depends on axioms: [propext, Classical.choice, Quot.sound]
'MinorFreeSpanners.padGraph.minorFree' depends on axioms: [propext, Classical.choice, Quot.sound]
'MinorFreeSpanners.padGraph.girth' depends on axioms: [propext, Classical.choice, Quot.sound]
'MinorFreeSpanners.exact_size_core_lower_bound' depends on axioms: [propext, Classical.choice, Quot.sound]
'MinorFreeSpanners.replacement_walk_gap' depends on axioms: [propext, Classical.choice, Quot.sound]
'MinorFreeSpanners.ClusterFamily.minorModel' depends on axioms: [propext, Classical.choice, Quot.sound]
'MinorFreeSpanners.ClusterFamily.no_heavy_loop' depends on axioms: [propext, Classical.choice, Quot.sound]
'MinorFreeSpanners.ClusterFamily.heavy_edge_unique' depends on axioms: [propext, Classical.choice, Quot.sound]
'MinorFreeSpanners.ClusterFamily.lift_walk_bounded_on_edges' depends on axioms: [propext, Classical.choice, Quot.sound]
'MinorFreeSpanners.ClusterFamily.exists_bridge_with_weight' depends on axioms: [propext, Classical.choice, Quot.sound]
'MinorFreeSpanners.closed_trail_remove_edge' depends on axioms: [propext, Classical.choice, Quot.sound]
'MinorFreeSpanners.ClusterFamily.girth' depends on axioms: [propext, Classical.choice, Quot.sound]
'MinorFreeSpanners.claim23_for_cluster_family' depends on axioms: [propext, Classical.choice, Quot.sound]
'MinorFreeSpanners.girth_conjecture_sparse_lower_bound_all_h' depends on axioms: [propext, Classical.choice, Quot.sound]
'MinorFreeSpanners.star_sparse_lower_bound' depends on axioms: [propext, Classical.choice, Quot.sound]
'MinorFreeSpanners.exists_edge_trim' depends on axioms: [propext, Classical.choice, Quot.sound]
'MinorFreeSpanners.rootedCompletion.connected' depends on axioms: [propext, Classical.choice, Quot.sound]
'MinorFreeSpanners.rootedCompletion.girth' depends on axioms: [propext, Classical.choice, Quot.sound]
'MinorFreeSpanners.rootedCompletion.minorFree' depends on axioms: [propext, Classical.choice, Quot.sound]
'MinorFreeSpanners.unit_mst_exists' depends on axioms: [propext, Classical.choice, Quot.sound]
'MinorFreeSpanners.girth_conjecture_connected_lower_bound' depends on axioms: [propext, Classical.choice, Quot.sound]
'MinorFreeSpanners.triangle_minor_of_cycle' depends on axioms: [propext, Classical.choice, Quot.sound]
'MinorFreeSpanners.minor_unit_tree_reduction_of_mst_all_h' depends on axioms: [propext, Classical.choice, Quot.sound]
'MinorFreeSpanners.MinorModel.IsBounded.comp' depends on axioms: [propext, Classical.choice, Quot.sound]
'MinorFreeSpanners.MinorModel.IsBounded.exists_host_subgraph' depends on axioms: [propext, Classical.choice, Quot.sound]
'MinorFreeSpanners.postle_small_dense_or_unmated' depends on axioms: [propext, Classical.choice, Quot.sound]
'MinorFreeSpanners.postle_bounded_minor_dense_or_unmated' depends on axioms: [propext, Classical.choice, Quot.sound]
'MinorFreeSpanners.postle_vertex_budget' depends on axioms: [propext, Classical.choice, Quot.sound]
'MinorFreeSpanners.postle_displayed_rounding_step_counterexample' depends on axioms: [propext,
 Classical.choice,
 Quot.sound]
'MinorFreeSpanners.postle_bipartite_density_budget' depends on axioms: [propext, Classical.choice, Quot.sound]
'MinorFreeSpanners.exists_left_regular_subgraph' depends on axioms: [propext, Classical.choice, Quot.sound]
'MinorFreeSpanners.postle_subgraph_dense_or_unmated' depends on axioms: [propext, Classical.choice, Quot.sound]
'MinorFreeSpanners.MateFreeOn.insert_center' depends on axioms: [propext, Classical.choice, Quot.sound]
'MinorFreeSpanners.contractEdgeModel_bounded' depends on axioms: [propext, Classical.choice, Quot.sound]
'MinorFreeSpanners.contractEdge_edge_count' depends on axioms: [propext, Classical.choice, Quot.sound]
'MinorFreeSpanners.exists_minimal_dense_minor' depends on axioms: [propext, Classical.choice, Quot.sound]
'MinorFreeSpanners.exists_dense_minor_neighborhood' depends on axioms: [propext, Classical.choice, Quot.sound]
'MinorFreeSpanners.deletionConnected_of_degree' depends on axioms: [propext, Classical.choice, Quot.sound]
'MinorFreeSpanners.robust_or_small_robust_induced' depends on axioms: [propext, Classical.choice, Quot.sound]
'MinorFreeSpanners.exists_small_dominating_set' depends on axioms: [propext, Classical.choice, Quot.sound]
'MinorFreeSpanners.connected_exists_walk_length_le_eleven' depends on axioms: [propext, Classical.choice, Quot.sound]
'MinorFreeSpanners.robust_core_clique_minor' depends on axioms: [propext, Classical.choice, Quot.sound]
'MinorFreeSpanners.clique_minor_of_logarithmic_density' depends on axioms: [propext, Classical.choice, Quot.sound]
'MinorFreeSpanners.CliqueMinorFree.edge_count_le_logarithmic' depends on axioms: [propext, Classical.choice, Quot.sound]
'MinorFreeSpanners.exists_full_star_minor' depends on axioms: [propext, Classical.choice, Quot.sound]
'MinorFreeSpanners.StaticStarAlternatingRoute.augment' depends on axioms: [propext, Classical.choice, Quot.sound]
'MinorFreeSpanners.reachableStarCenters_boundary' depends on axioms: [propext, Classical.choice, Quot.sound]
No update necessary
STARS_ROOT_AUDIT_INDEX_PASSED
