'MinorFreeSpanners.IsStarPacking.twoStarLeafSwap_cross_left' depends on axioms: [propext, Classical.choice, Quot.sound]
'MinorFreeSpanners.IsStarPacking.twoStarLeafSwap_cross_right' depends on axioms: [propext, Classical.choice, Quot.sound]
'MinorFreeSpanners.IsStarPacking.twoStarLeafSwap_cross_other' depends on axioms: [propext, Classical.choice, Quot.sound]
'MinorFreeSpanners.IsStarPacking.twoStarLeafSwap_new_bad_common_neighbor' depends on axioms: [propext,
 Classical.choice,
 Quot.sound]
'MinorFreeSpanners.IsStarPacking.twoStarLeafSwap_new_bad_common_neighbor_right' depends on axioms: [propext,
 Classical.choice,
 Quot.sound]
'MinorFreeSpanners.IsStarPacking.swapNewBadNoInserted_subset' depends on axioms: [propext, Classical.choice, Quot.sound]
'MinorFreeSpanners.IsStarPacking.swapNewBadNoInserted_card_le_slices' depends on axioms: [propext,
 Classical.choice,
 Quot.sound]
'MinorFreeSpanners.IsStarPacking.swapNewBadNoInserted_card_le_commonNeighbors' depends on axioms: [propext,
 Classical.choice,
 Quot.sound]
'MinorFreeSpanners.IsStarPacking.swapNewBadNoInserted_card_le_mateFree' depends on axioms: [propext,
 Classical.choice,
 Quot.sound]
'MinorFreeSpanners.IsStarPacking.badStarPair_selected_fiber_two' depends on axioms: [propext,
 Classical.choice,
 Quot.sound]
'MinorFreeSpanners.IsStarPacking.twoStarLeafSwap_bad_selected_fiber_two' depends on axioms: [propext,
 Classical.choice,
 Quot.sound]
'MinorFreeSpanners.IsStarPacking.twoStarLeafSwap_admissible_new_bad_charge' depends on axioms: [propext,
 Classical.choice,
 Quot.sound]
